[2025-05-18 10:28:45Z INFO HostContext] No proxy settings were found based on environmental variables (http_proxy/https_proxy/HTTP_PROXY/HTTPS_PROXY)
[2025-05-18 10:28:45Z INFO HostContext] Well known directory 'Bin': '/home/mustafa/sunum/actions-runner/bin'
[2025-05-18 10:28:45Z INFO HostContext] Well known directory 'Root': '/home/mustafa/sunum/actions-runner'
[2025-05-18 10:28:45Z INFO HostContext] Well known config file 'Credentials': '/home/mustafa/sunum/actions-runner/.credentials'
[2025-05-18 10:28:46Z INFO HostContext] Well known directory 'Bin': '/home/mustafa/sunum/actions-runner/bin'
[2025-05-18 10:28:46Z INFO HostContext] Well known directory 'Root': '/home/mustafa/sunum/actions-runner'
[2025-05-18 10:28:46Z INFO HostContext] Well known config file 'Runner': '/home/mustafa/sunum/actions-runner/.runner'
[2025-05-18 10:28:46Z INFO Listener] Runner is built for Linux (X64) - linux-x64.
[2025-05-18 10:28:46Z INFO Listener] RuntimeInformation: Ubuntu 24.04.2 LTS.
[2025-05-18 10:28:46Z INFO Listener] Version: 2.324.0
[2025-05-18 10:28:46Z INFO Listener] Commit: da3412efd49b1cf1a0fbdcbcee4e4ac4cc2177c8
[2025-05-18 10:28:46Z INFO Listener] Culture: tr-TR
[2025-05-18 10:28:46Z INFO Listener] UI Culture: tr-TR
[2025-05-18 10:28:46Z INFO HostContext] Well known directory 'Bin': '/home/mustafa/sunum/actions-runner/bin'
[2025-05-18 10:28:46Z INFO HostContext] Well known directory 'Root': '/home/mustafa/sunum/actions-runner'
[2025-05-18 10:28:46Z INFO Listener] Validating directory permissions for: '/home/mustafa/sunum/actions-runner'
[2025-05-18 10:28:46Z INFO CommandLineParser] Parse
[2025-05-18 10:28:46Z INFO CommandLineParser] Parsing 1 args
[2025-05-18 10:28:46Z INFO CommandLineParser] parsing argument
[2025-05-18 10:28:46Z INFO CommandLineParser] HasArgs: False
[2025-05-18 10:28:46Z INFO CommandLineParser] Adding Command: run
[2025-05-18 10:28:46Z INFO Listener] Arguments parsed
[2025-05-18 10:28:46Z INFO Runner] ExecuteCommand
[2025-05-18 10:28:46Z INFO ConfigurationStore] currentAssemblyLocation: /home/mustafa/sunum/actions-runner/bin/Runner.Listener.dll
[2025-05-18 10:28:46Z INFO HostContext] Well known directory 'Bin': '/home/mustafa/sunum/actions-runner/bin'
[2025-05-18 10:28:46Z INFO ConfigurationStore] binPath: /home/mustafa/sunum/actions-runner/bin
[2025-05-18 10:28:46Z INFO HostContext] Well known directory 'Bin': '/home/mustafa/sunum/actions-runner/bin'
[2025-05-18 10:28:46Z INFO HostContext] Well known directory 'Root': '/home/mustafa/sunum/actions-runner'
[2025-05-18 10:28:46Z INFO ConfigurationStore] RootFolder: /home/mustafa/sunum/actions-runner
[2025-05-18 10:28:46Z INFO HostContext] Well known directory 'Bin': '/home/mustafa/sunum/actions-runner/bin'
[2025-05-18 10:28:46Z INFO HostContext] Well known directory 'Root': '/home/mustafa/sunum/actions-runner'
[2025-05-18 10:28:46Z INFO HostContext] Well known config file 'Runner': '/home/mustafa/sunum/actions-runner/.runner'
[2025-05-18 10:28:46Z INFO ConfigurationStore] ConfigFilePath: /home/mustafa/sunum/actions-runner/.runner
[2025-05-18 10:28:46Z INFO HostContext] Well known directory 'Bin': '/home/mustafa/sunum/actions-runner/bin'
[2025-05-18 10:28:46Z INFO HostContext] Well known directory 'Root': '/home/mustafa/sunum/actions-runner'
[2025-05-18 10:28:46Z INFO HostContext] Well known config file 'MigratedRunner': '/home/mustafa/sunum/actions-runner/.runner_migrated'
[2025-05-18 10:28:46Z INFO ConfigurationStore] MigratedConfigFilePath: /home/mustafa/sunum/actions-runner/.runner_migrated
[2025-05-18 10:28:46Z INFO HostContext] Well known directory 'Bin': '/home/mustafa/sunum/actions-runner/bin'
[2025-05-18 10:28:46Z INFO HostContext] Well known directory 'Root': '/home/mustafa/sunum/actions-runner'
[2025-05-18 10:28:46Z INFO HostContext] Well known config file 'Credentials': '/home/mustafa/sunum/actions-runner/.credentials'
[2025-05-18 10:28:46Z INFO ConfigurationStore] CredFilePath: /home/mustafa/sunum/actions-runner/.credentials
[2025-05-18 10:28:46Z INFO HostContext] Well known directory 'Bin': '/home/mustafa/sunum/actions-runner/bin'
[2025-05-18 10:28:46Z INFO HostContext] Well known directory 'Root': '/home/mustafa/sunum/actions-runner'
[2025-05-18 10:28:46Z INFO HostContext] Well known config file 'MigratedCredentials': '/home/mustafa/sunum/actions-runner/.credentials_migrated'
[2025-05-18 10:28:46Z INFO ConfigurationStore] MigratedCredFilePath: /home/mustafa/sunum/actions-runner/.credentials_migrated
[2025-05-18 10:28:46Z INFO HostContext] Well known directory 'Bin': '/home/mustafa/sunum/actions-runner/bin'
[2025-05-18 10:28:46Z INFO HostContext] Well known directory 'Root': '/home/mustafa/sunum/actions-runner'
[2025-05-18 10:28:46Z INFO HostContext] Well known config file 'Service': '/home/mustafa/sunum/actions-runner/.service'
[2025-05-18 10:28:46Z INFO ConfigurationStore] ServiceConfigFilePath: /home/mustafa/sunum/actions-runner/.service
[2025-05-18 10:28:46Z INFO CommandSettings] Flag 'help': 'False'
[2025-05-18 10:28:46Z INFO CommandSettings] Flag 'version': 'False'
[2025-05-18 10:28:46Z INFO CommandSettings] Flag 'commit': 'False'
[2025-05-18 10:28:46Z INFO CommandSettings] Flag 'check': 'False'
[2025-05-18 10:28:46Z INFO CommandSettings] Command 'configure': 'False'
[2025-05-18 10:28:46Z INFO CommandSettings] Command 'remove': 'False'
[2025-05-18 10:28:46Z INFO CommandSettings] Command 'warmup': 'False'
[2025-05-18 10:28:46Z INFO ConfigurationManager] LoadSettings
[2025-05-18 10:28:46Z INFO ConfigurationStore] IsConfigured()
[2025-05-18 10:28:46Z INFO ConfigurationStore] IsConfigured: True
[2025-05-18 10:28:46Z INFO ConfigurationManager] Is configured: True
[2025-05-18 10:28:46Z INFO ConfigurationStore] Read setting file: 286 chars
[2025-05-18 10:28:46Z INFO ConfigurationManager] Settings Loaded
[2025-05-18 10:28:46Z INFO ConfigurationStore] IsServiceConfigured()
[2025-05-18 10:28:46Z INFO ConfigurationStore] IsServiceConfigured: False
[2025-05-18 10:28:46Z INFO CommandSettings] Command 'run': 'True'
[2025-05-18 10:28:46Z INFO ConfigurationStore] IsConfigured()
[2025-05-18 10:28:46Z INFO ConfigurationStore] IsConfigured: True
[2025-05-18 10:28:46Z INFO ConfigurationManager] Is configured: True
[2025-05-18 10:28:46Z INFO Runner] Could not parse the argument value '' for StartupType. Defaulting to Manual
[2025-05-18 10:28:46Z INFO Runner] Set runner startup type - Manual
[2025-05-18 10:28:46Z INFO CommandSettings] Flag 'once': 'False'
[2025-05-18 10:28:46Z INFO CommandSettings] Flag 'once': 'False'
[2025-05-18 10:28:46Z INFO Runner] RunAsync
[2025-05-18 10:28:46Z INFO ConfigurationManager] LoadMigratedSettings
[2025-05-18 10:28:46Z INFO ConfigurationStore] IsMigratedConfigured()
[2025-05-18 10:28:46Z INFO ConfigurationStore] IsMigratedConfigured: False
[2025-05-18 10:28:46Z INFO Runner] Failed to load migrated settings: No migrated configuration found.
[2025-05-18 10:28:46Z INFO Runner] Falling back to original .runner settings
[2025-05-18 10:28:46Z INFO ConfigurationManager] LoadSettings
[2025-05-18 10:28:46Z INFO ConfigurationStore] IsConfigured()
[2025-05-18 10:28:46Z INFO ConfigurationStore] IsConfigured: True
[2025-05-18 10:28:46Z INFO ConfigurationManager] Is configured: True
[2025-05-18 10:28:46Z INFO ConfigurationManager] Settings Loaded
[2025-05-18 10:28:46Z INFO MessageListener] {
  "AgentId": 3,
  "AgentName": "y",
  "PoolId": 1,
  "PoolName": "Default",
  "ServerUrl": "https://pipelinesghubeus6.actions.githubusercontent.com/JK1Cmkfjdtm9ZJ6DkDPfmS9M8Qp05CdC3VD7bEQ6SRCcBm5Ptx/",
  "GitHubUrl": "https://github.com/mustafa010223/sunum",
  "WorkFolder": "_work"
}
[2025-05-18 10:28:46Z INFO MessageListener] Loading Credentials
[2025-05-18 10:28:46Z INFO ConfigurationStore] HasCredentials()
[2025-05-18 10:28:46Z INFO ConfigurationStore] stored True
[2025-05-18 10:28:46Z INFO CredentialManager] GetCredentialProvider
[2025-05-18 10:28:46Z INFO CredentialManager] Creating type OAuth
[2025-05-18 10:28:46Z INFO CredentialManager] Creating credential type: OAuth
[2025-05-18 10:28:46Z INFO HostContext] Well known directory 'Bin': '/home/mustafa/sunum/actions-runner/bin'
[2025-05-18 10:28:46Z INFO HostContext] Well known directory 'Root': '/home/mustafa/sunum/actions-runner'
[2025-05-18 10:28:46Z INFO HostContext] Well known config file 'RSACredentials': '/home/mustafa/sunum/actions-runner/.credentials_rsaparams'
[2025-05-18 10:28:46Z INFO RSAFileKeyManager] Loading RSA key parameters from file /home/mustafa/sunum/actions-runner/.credentials_rsaparams
[2025-05-18 10:28:46Z INFO MessageListener] Attempt to create session.
[2025-05-18 10:28:46Z INFO MessageListener] Connecting to the Runner Server...
[2025-05-18 10:28:46Z INFO RunnerServer] EstablishVssConnection
[2025-05-18 10:28:46Z INFO RunnerServer] Establish connection with 100 seconds timeout.
[2025-05-18 10:28:47Z INFO GitHubActionsService] Starting operation Location.GetConnectionData
[2025-05-18 10:28:47Z INFO RunnerServer] EstablishVssConnection
[2025-05-18 10:28:47Z INFO RunnerServer] Establish connection with 60 seconds timeout.
[2025-05-18 10:28:47Z INFO GitHubActionsService] Starting operation Location.GetConnectionData
[2025-05-18 10:28:47Z INFO RunnerServer] EstablishVssConnection
[2025-05-18 10:28:47Z INFO RunnerServer] Establish connection with 60 seconds timeout.
[2025-05-18 10:28:47Z INFO GitHubActionsService] Starting operation Location.GetConnectionData
[2025-05-18 10:28:48Z INFO GitHubActionsService] Finished operation Location.GetConnectionData
[2025-05-18 10:28:48Z INFO GitHubActionsService] Finished operation Location.GetConnectionData
[2025-05-18 10:28:48Z INFO GitHubActionsService] Finished operation Location.GetConnectionData
[2025-05-18 10:28:48Z INFO MessageListener] VssConnection created
[2025-05-18 10:28:48Z INFO Terminal] WRITE LINE: 
[2025-05-18 10:28:48Z INFO Terminal] WRITE LINE: 
[2025-05-18 10:28:48Z INFO RSAFileKeyManager] Loading RSA key parameters from file /home/mustafa/sunum/actions-runner/.credentials_rsaparams
[2025-05-18 10:28:48Z INFO RSAFileKeyManager] Loading RSA key parameters from file /home/mustafa/sunum/actions-runner/.credentials_rsaparams
[2025-05-18 10:28:49Z INFO GitHubActionsService] AAD Correlation ID for this token request: Unknown
[2025-05-18 10:28:49Z INFO MessageListener] Session created.
[2025-05-18 10:28:49Z INFO MessageListener] Registering AuthMigrationChanged event handler.
[2025-05-18 10:28:49Z INFO Terminal] WRITE LINE: Current runner version: '2.324.0'
[2025-05-18 10:28:49Z INFO Terminal] WRITE LINE: 2025-05-18 10:28:49Z: Listening for Jobs
[2025-05-18 10:28:49Z INFO JobDispatcher] Set runner/worker IPC timeout to 30 seconds.
[2025-05-18 10:28:49Z INFO ConfigurationStore] HasCredentials()
[2025-05-18 10:28:49Z INFO ConfigurationStore] stored True
[2025-05-18 10:28:49Z INFO CredentialManager] GetCredentialProvider
[2025-05-18 10:28:49Z INFO CredentialManager] Creating type OAuth
[2025-05-18 10:28:49Z INFO CredentialManager] Creating credential type: OAuth
[2025-05-18 10:28:49Z INFO RSAFileKeyManager] Loading RSA key parameters from file /home/mustafa/sunum/actions-runner/.credentials_rsaparams
[2025-05-18 10:28:49Z INFO RSAFileKeyManager] Loading RSA key parameters from file /home/mustafa/sunum/actions-runner/.credentials_rsaparams
[2025-05-18 10:28:49Z INFO RSAFileKeyManager] Loading RSA key parameters from file /home/mustafa/sunum/actions-runner/.credentials_rsaparams
[2025-05-18 10:28:50Z INFO GitHubActionsService] AAD Correlation ID for this token request: Unknown
[2025-05-18 10:29:41Z INFO ConfigurationStore] HasCredentials()
[2025-05-18 10:29:41Z INFO ConfigurationStore] stored True
[2025-05-18 10:29:41Z INFO CredentialManager] GetCredentialProvider
[2025-05-18 10:29:41Z INFO CredentialManager] Creating type OAuth
[2025-05-18 10:29:41Z INFO CredentialManager] Creating credential type: OAuth
[2025-05-18 10:29:41Z INFO RSAFileKeyManager] Loading RSA key parameters from file /home/mustafa/sunum/actions-runner/.credentials_rsaparams
[2025-05-18 10:30:31Z INFO ConfigurationStore] HasCredentials()
[2025-05-18 10:30:31Z INFO ConfigurationStore] stored True
[2025-05-18 10:30:31Z INFO CredentialManager] GetCredentialProvider
[2025-05-18 10:30:31Z INFO CredentialManager] Creating type OAuth
[2025-05-18 10:30:31Z INFO CredentialManager] Creating credential type: OAuth
[2025-05-18 10:30:31Z INFO RSAFileKeyManager] Loading RSA key parameters from file /home/mustafa/sunum/actions-runner/.credentials_rsaparams
[2025-05-18 10:31:21Z INFO ConfigurationStore] HasCredentials()
[2025-05-18 10:31:21Z INFO ConfigurationStore] stored True
[2025-05-18 10:31:21Z INFO CredentialManager] GetCredentialProvider
[2025-05-18 10:31:21Z INFO CredentialManager] Creating type OAuth
[2025-05-18 10:31:21Z INFO CredentialManager] Creating credential type: OAuth
[2025-05-18 10:31:21Z INFO RSAFileKeyManager] Loading RSA key parameters from file /home/mustafa/sunum/actions-runner/.credentials_rsaparams
[2025-05-18 10:32:12Z INFO ConfigurationStore] HasCredentials()
[2025-05-18 10:32:12Z INFO ConfigurationStore] stored True
[2025-05-18 10:32:12Z INFO CredentialManager] GetCredentialProvider
[2025-05-18 10:32:12Z INFO CredentialManager] Creating type OAuth
[2025-05-18 10:32:12Z INFO CredentialManager] Creating credential type: OAuth
[2025-05-18 10:32:12Z INFO RSAFileKeyManager] Loading RSA key parameters from file /home/mustafa/sunum/actions-runner/.credentials_rsaparams
[2025-05-18 10:33:02Z INFO ConfigurationStore] HasCredentials()
[2025-05-18 10:33:02Z INFO ConfigurationStore] stored True
[2025-05-18 10:33:02Z INFO CredentialManager] GetCredentialProvider
[2025-05-18 10:33:02Z INFO CredentialManager] Creating type OAuth
[2025-05-18 10:33:02Z INFO CredentialManager] Creating credential type: OAuth
[2025-05-18 10:33:02Z INFO RSAFileKeyManager] Loading RSA key parameters from file /home/mustafa/sunum/actions-runner/.credentials_rsaparams
[2025-05-18 10:33:53Z INFO ConfigurationStore] HasCredentials()
[2025-05-18 10:33:53Z INFO ConfigurationStore] stored True
[2025-05-18 10:33:53Z INFO CredentialManager] GetCredentialProvider
[2025-05-18 10:33:53Z INFO CredentialManager] Creating type OAuth
[2025-05-18 10:33:53Z INFO CredentialManager] Creating credential type: OAuth
[2025-05-18 10:33:53Z INFO RSAFileKeyManager] Loading RSA key parameters from file /home/mustafa/sunum/actions-runner/.credentials_rsaparams
[2025-05-18 10:34:43Z INFO ConfigurationStore] HasCredentials()
[2025-05-18 10:34:43Z INFO ConfigurationStore] stored True
[2025-05-18 10:34:43Z INFO CredentialManager] GetCredentialProvider
[2025-05-18 10:34:43Z INFO CredentialManager] Creating type OAuth
[2025-05-18 10:34:43Z INFO CredentialManager] Creating credential type: OAuth
[2025-05-18 10:34:43Z INFO RSAFileKeyManager] Loading RSA key parameters from file /home/mustafa/sunum/actions-runner/.credentials_rsaparams
[2025-05-18 10:35:33Z INFO ConfigurationStore] HasCredentials()
[2025-05-18 10:35:33Z INFO ConfigurationStore] stored True
[2025-05-18 10:35:33Z INFO CredentialManager] GetCredentialProvider
[2025-05-18 10:35:33Z INFO CredentialManager] Creating type OAuth
[2025-05-18 10:35:33Z INFO CredentialManager] Creating credential type: OAuth
[2025-05-18 10:35:33Z INFO RSAFileKeyManager] Loading RSA key parameters from file /home/mustafa/sunum/actions-runner/.credentials_rsaparams
[2025-05-18 10:36:24Z INFO ConfigurationStore] HasCredentials()
[2025-05-18 10:36:24Z INFO ConfigurationStore] stored True
[2025-05-18 10:36:24Z INFO CredentialManager] GetCredentialProvider
[2025-05-18 10:36:24Z INFO CredentialManager] Creating type OAuth
[2025-05-18 10:36:24Z INFO CredentialManager] Creating credential type: OAuth
[2025-05-18 10:36:24Z INFO RSAFileKeyManager] Loading RSA key parameters from file /home/mustafa/sunum/actions-runner/.credentials_rsaparams
[2025-05-18 10:37:14Z INFO ConfigurationStore] HasCredentials()
[2025-05-18 10:37:14Z INFO ConfigurationStore] stored True
[2025-05-18 10:37:14Z INFO CredentialManager] GetCredentialProvider
[2025-05-18 10:37:14Z INFO CredentialManager] Creating type OAuth
[2025-05-18 10:37:14Z INFO CredentialManager] Creating credential type: OAuth
[2025-05-18 10:37:14Z INFO RSAFileKeyManager] Loading RSA key parameters from file /home/mustafa/sunum/actions-runner/.credentials_rsaparams
[2025-05-18 10:38:04Z INFO ConfigurationStore] HasCredentials()
[2025-05-18 10:38:04Z INFO ConfigurationStore] stored True
[2025-05-18 10:38:04Z INFO CredentialManager] GetCredentialProvider
[2025-05-18 10:38:04Z INFO CredentialManager] Creating type OAuth
[2025-05-18 10:38:04Z INFO CredentialManager] Creating credential type: OAuth
[2025-05-18 10:38:04Z INFO RSAFileKeyManager] Loading RSA key parameters from file /home/mustafa/sunum/actions-runner/.credentials_rsaparams
[2025-05-18 10:38:55Z INFO ConfigurationStore] HasCredentials()
[2025-05-18 10:38:55Z INFO ConfigurationStore] stored True
[2025-05-18 10:38:55Z INFO CredentialManager] GetCredentialProvider
[2025-05-18 10:38:55Z INFO CredentialManager] Creating type OAuth
[2025-05-18 10:38:55Z INFO CredentialManager] Creating credential type: OAuth
[2025-05-18 10:38:55Z INFO RSAFileKeyManager] Loading RSA key parameters from file /home/mustafa/sunum/actions-runner/.credentials_rsaparams
[2025-05-18 10:39:45Z INFO ConfigurationStore] HasCredentials()
[2025-05-18 10:39:45Z INFO ConfigurationStore] stored True
[2025-05-18 10:39:45Z INFO CredentialManager] GetCredentialProvider
[2025-05-18 10:39:45Z INFO CredentialManager] Creating type OAuth
[2025-05-18 10:39:45Z INFO CredentialManager] Creating credential type: OAuth
[2025-05-18 10:39:45Z INFO RSAFileKeyManager] Loading RSA key parameters from file /home/mustafa/sunum/actions-runner/.credentials_rsaparams
[2025-05-18 10:40:36Z INFO ConfigurationStore] HasCredentials()
[2025-05-18 10:40:36Z INFO ConfigurationStore] stored True
[2025-05-18 10:40:36Z INFO CredentialManager] GetCredentialProvider
[2025-05-18 10:40:36Z INFO CredentialManager] Creating type OAuth
[2025-05-18 10:40:36Z INFO CredentialManager] Creating credential type: OAuth
[2025-05-18 10:40:36Z INFO RSAFileKeyManager] Loading RSA key parameters from file /home/mustafa/sunum/actions-runner/.credentials_rsaparams
[2025-05-18 10:41:26Z INFO ConfigurationStore] HasCredentials()
[2025-05-18 10:41:26Z INFO ConfigurationStore] stored True
[2025-05-18 10:41:26Z INFO CredentialManager] GetCredentialProvider
[2025-05-18 10:41:26Z INFO CredentialManager] Creating type OAuth
[2025-05-18 10:41:26Z INFO CredentialManager] Creating credential type: OAuth
[2025-05-18 10:41:26Z INFO RSAFileKeyManager] Loading RSA key parameters from file /home/mustafa/sunum/actions-runner/.credentials_rsaparams
[2025-05-18 10:42:16Z INFO ConfigurationStore] HasCredentials()
[2025-05-18 10:42:16Z INFO ConfigurationStore] stored True
[2025-05-18 10:42:16Z INFO CredentialManager] GetCredentialProvider
[2025-05-18 10:42:16Z INFO CredentialManager] Creating type OAuth
[2025-05-18 10:42:16Z INFO CredentialManager] Creating credential type: OAuth
[2025-05-18 10:42:16Z INFO RSAFileKeyManager] Loading RSA key parameters from file /home/mustafa/sunum/actions-runner/.credentials_rsaparams
[2025-05-18 10:43:07Z INFO ConfigurationStore] HasCredentials()
[2025-05-18 10:43:07Z INFO ConfigurationStore] stored True
[2025-05-18 10:43:07Z INFO CredentialManager] GetCredentialProvider
[2025-05-18 10:43:07Z INFO CredentialManager] Creating type OAuth
[2025-05-18 10:43:07Z INFO CredentialManager] Creating credential type: OAuth
[2025-05-18 10:43:07Z INFO RSAFileKeyManager] Loading RSA key parameters from file /home/mustafa/sunum/actions-runner/.credentials_rsaparams
[2025-05-18 10:43:57Z INFO ConfigurationStore] HasCredentials()
[2025-05-18 10:43:57Z INFO ConfigurationStore] stored True
[2025-05-18 10:43:57Z INFO CredentialManager] GetCredentialProvider
[2025-05-18 10:43:57Z INFO CredentialManager] Creating type OAuth
[2025-05-18 10:43:57Z INFO CredentialManager] Creating credential type: OAuth
[2025-05-18 10:43:57Z INFO RSAFileKeyManager] Loading RSA key parameters from file /home/mustafa/sunum/actions-runner/.credentials_rsaparams
[2025-05-18 10:44:48Z INFO ConfigurationStore] HasCredentials()
[2025-05-18 10:44:48Z INFO ConfigurationStore] stored True
[2025-05-18 10:44:48Z INFO CredentialManager] GetCredentialProvider
[2025-05-18 10:44:48Z INFO CredentialManager] Creating type OAuth
[2025-05-18 10:44:48Z INFO CredentialManager] Creating credential type: OAuth
[2025-05-18 10:44:48Z INFO RSAFileKeyManager] Loading RSA key parameters from file /home/mustafa/sunum/actions-runner/.credentials_rsaparams
[2025-05-18 10:45:38Z INFO ConfigurationStore] HasCredentials()
[2025-05-18 10:45:38Z INFO ConfigurationStore] stored True
[2025-05-18 10:45:38Z INFO CredentialManager] GetCredentialProvider
[2025-05-18 10:45:38Z INFO CredentialManager] Creating type OAuth
[2025-05-18 10:45:38Z INFO CredentialManager] Creating credential type: OAuth
[2025-05-18 10:45:38Z INFO RSAFileKeyManager] Loading RSA key parameters from file /home/mustafa/sunum/actions-runner/.credentials_rsaparams
[2025-05-18 10:46:28Z INFO ConfigurationStore] HasCredentials()
[2025-05-18 10:46:28Z INFO ConfigurationStore] stored True
[2025-05-18 10:46:28Z INFO CredentialManager] GetCredentialProvider
[2025-05-18 10:46:28Z INFO CredentialManager] Creating type OAuth
[2025-05-18 10:46:28Z INFO CredentialManager] Creating credential type: OAuth
[2025-05-18 10:46:28Z INFO RSAFileKeyManager] Loading RSA key parameters from file /home/mustafa/sunum/actions-runner/.credentials_rsaparams
[2025-05-18 10:47:19Z INFO ConfigurationStore] HasCredentials()
[2025-05-18 10:47:19Z INFO ConfigurationStore] stored True
[2025-05-18 10:47:19Z INFO CredentialManager] GetCredentialProvider
[2025-05-18 10:47:19Z INFO CredentialManager] Creating type OAuth
[2025-05-18 10:47:19Z INFO CredentialManager] Creating credential type: OAuth
[2025-05-18 10:47:19Z INFO RSAFileKeyManager] Loading RSA key parameters from file /home/mustafa/sunum/actions-runner/.credentials_rsaparams
[2025-05-18 10:48:09Z INFO ConfigurationStore] HasCredentials()
[2025-05-18 10:48:09Z INFO ConfigurationStore] stored True
[2025-05-18 10:48:09Z INFO CredentialManager] GetCredentialProvider
[2025-05-18 10:48:09Z INFO CredentialManager] Creating type OAuth
[2025-05-18 10:48:09Z INFO CredentialManager] Creating credential type: OAuth
[2025-05-18 10:48:09Z INFO RSAFileKeyManager] Loading RSA key parameters from file /home/mustafa/sunum/actions-runner/.credentials_rsaparams
[2025-05-18 10:48:59Z INFO ConfigurationStore] HasCredentials()
[2025-05-18 10:48:59Z INFO ConfigurationStore] stored True
[2025-05-18 10:48:59Z INFO CredentialManager] GetCredentialProvider
[2025-05-18 10:48:59Z INFO CredentialManager] Creating type OAuth
[2025-05-18 10:48:59Z INFO CredentialManager] Creating credential type: OAuth
[2025-05-18 10:48:59Z INFO RSAFileKeyManager] Loading RSA key parameters from file /home/mustafa/sunum/actions-runner/.credentials_rsaparams
[2025-05-18 10:49:50Z INFO ConfigurationStore] HasCredentials()
[2025-05-18 10:49:50Z INFO ConfigurationStore] stored True
[2025-05-18 10:49:50Z INFO CredentialManager] GetCredentialProvider
[2025-05-18 10:49:50Z INFO CredentialManager] Creating type OAuth
[2025-05-18 10:49:50Z INFO CredentialManager] Creating credential type: OAuth
[2025-05-18 10:49:50Z INFO RSAFileKeyManager] Loading RSA key parameters from file /home/mustafa/sunum/actions-runner/.credentials_rsaparams
[2025-05-18 10:50:40Z INFO ConfigurationStore] HasCredentials()
[2025-05-18 10:50:40Z INFO ConfigurationStore] stored True
[2025-05-18 10:50:40Z INFO CredentialManager] GetCredentialProvider
[2025-05-18 10:50:40Z INFO CredentialManager] Creating type OAuth
[2025-05-18 10:50:40Z INFO CredentialManager] Creating credential type: OAuth
[2025-05-18 10:50:40Z INFO RSAFileKeyManager] Loading RSA key parameters from file /home/mustafa/sunum/actions-runner/.credentials_rsaparams
[2025-05-18 10:51:30Z INFO ConfigurationStore] HasCredentials()
[2025-05-18 10:51:30Z INFO ConfigurationStore] stored True
[2025-05-18 10:51:30Z INFO CredentialManager] GetCredentialProvider
[2025-05-18 10:51:30Z INFO CredentialManager] Creating type OAuth
[2025-05-18 10:51:30Z INFO CredentialManager] Creating credential type: OAuth
[2025-05-18 10:51:30Z INFO RSAFileKeyManager] Loading RSA key parameters from file /home/mustafa/sunum/actions-runner/.credentials_rsaparams
[2025-05-18 10:52:21Z INFO ConfigurationStore] HasCredentials()
[2025-05-18 10:52:21Z INFO ConfigurationStore] stored True
[2025-05-18 10:52:21Z INFO CredentialManager] GetCredentialProvider
[2025-05-18 10:52:21Z INFO CredentialManager] Creating type OAuth
[2025-05-18 10:52:21Z INFO CredentialManager] Creating credential type: OAuth
[2025-05-18 10:52:21Z INFO RSAFileKeyManager] Loading RSA key parameters from file /home/mustafa/sunum/actions-runner/.credentials_rsaparams
[2025-05-18 10:53:11Z INFO ConfigurationStore] HasCredentials()
[2025-05-18 10:53:11Z INFO ConfigurationStore] stored True
[2025-05-18 10:53:11Z INFO CredentialManager] GetCredentialProvider
[2025-05-18 10:53:11Z INFO CredentialManager] Creating type OAuth
[2025-05-18 10:53:11Z INFO CredentialManager] Creating credential type: OAuth
[2025-05-18 10:53:11Z INFO RSAFileKeyManager] Loading RSA key parameters from file /home/mustafa/sunum/actions-runner/.credentials_rsaparams
[2025-05-18 10:54:01Z INFO ConfigurationStore] HasCredentials()
[2025-05-18 10:54:01Z INFO ConfigurationStore] stored True
[2025-05-18 10:54:01Z INFO CredentialManager] GetCredentialProvider
[2025-05-18 10:54:01Z INFO CredentialManager] Creating type OAuth
[2025-05-18 10:54:01Z INFO CredentialManager] Creating credential type: OAuth
[2025-05-18 10:54:01Z INFO RSAFileKeyManager] Loading RSA key parameters from file /home/mustafa/sunum/actions-runner/.credentials_rsaparams
[2025-05-18 10:54:52Z INFO ConfigurationStore] HasCredentials()
[2025-05-18 10:54:52Z INFO ConfigurationStore] stored True
[2025-05-18 10:54:52Z INFO CredentialManager] GetCredentialProvider
[2025-05-18 10:54:52Z INFO CredentialManager] Creating type OAuth
[2025-05-18 10:54:52Z INFO CredentialManager] Creating credential type: OAuth
[2025-05-18 10:54:52Z INFO RSAFileKeyManager] Loading RSA key parameters from file /home/mustafa/sunum/actions-runner/.credentials_rsaparams
[2025-05-18 10:55:42Z INFO ConfigurationStore] HasCredentials()
[2025-05-18 10:55:42Z INFO ConfigurationStore] stored True
[2025-05-18 10:55:42Z INFO CredentialManager] GetCredentialProvider
[2025-05-18 10:55:42Z INFO CredentialManager] Creating type OAuth
[2025-05-18 10:55:42Z INFO CredentialManager] Creating credential type: OAuth
[2025-05-18 10:55:42Z INFO RSAFileKeyManager] Loading RSA key parameters from file /home/mustafa/sunum/actions-runner/.credentials_rsaparams
[2025-05-18 10:56:32Z INFO ConfigurationStore] HasCredentials()
[2025-05-18 10:56:32Z INFO ConfigurationStore] stored True
[2025-05-18 10:56:32Z INFO CredentialManager] GetCredentialProvider
[2025-05-18 10:56:32Z INFO CredentialManager] Creating type OAuth
[2025-05-18 10:56:32Z INFO CredentialManager] Creating credential type: OAuth
[2025-05-18 10:56:32Z INFO RSAFileKeyManager] Loading RSA key parameters from file /home/mustafa/sunum/actions-runner/.credentials_rsaparams
[2025-05-18 10:57:23Z INFO ConfigurationStore] HasCredentials()
[2025-05-18 10:57:23Z INFO ConfigurationStore] stored True
[2025-05-18 10:57:23Z INFO CredentialManager] GetCredentialProvider
[2025-05-18 10:57:23Z INFO CredentialManager] Creating type OAuth
[2025-05-18 10:57:23Z INFO CredentialManager] Creating credential type: OAuth
[2025-05-18 10:57:23Z INFO RSAFileKeyManager] Loading RSA key parameters from file /home/mustafa/sunum/actions-runner/.credentials_rsaparams
[2025-05-18 10:58:13Z INFO ConfigurationStore] HasCredentials()
[2025-05-18 10:58:13Z INFO ConfigurationStore] stored True
[2025-05-18 10:58:13Z INFO CredentialManager] GetCredentialProvider
[2025-05-18 10:58:13Z INFO CredentialManager] Creating type OAuth
[2025-05-18 10:58:13Z INFO CredentialManager] Creating credential type: OAuth
[2025-05-18 10:58:13Z INFO RSAFileKeyManager] Loading RSA key parameters from file /home/mustafa/sunum/actions-runner/.credentials_rsaparams
[2025-05-18 10:59:03Z INFO MessageListener] No message retrieved from session 'fe4a2f23-0118-406e-979b-96bb80bd9376' within last 30 minutes.
[2025-05-18 10:59:03Z INFO ConfigurationStore] HasCredentials()
[2025-05-18 10:59:03Z INFO ConfigurationStore] stored True
[2025-05-18 10:59:03Z INFO CredentialManager] GetCredentialProvider
[2025-05-18 10:59:03Z INFO CredentialManager] Creating type OAuth
[2025-05-18 10:59:03Z INFO CredentialManager] Creating credential type: OAuth
[2025-05-18 10:59:03Z INFO RSAFileKeyManager] Loading RSA key parameters from file /home/mustafa/sunum/actions-runner/.credentials_rsaparams
[2025-05-18 10:59:54Z INFO ConfigurationStore] HasCredentials()
[2025-05-18 10:59:54Z INFO ConfigurationStore] stored True
[2025-05-18 10:59:54Z INFO CredentialManager] GetCredentialProvider
[2025-05-18 10:59:54Z INFO CredentialManager] Creating type OAuth
[2025-05-18 10:59:54Z INFO CredentialManager] Creating credential type: OAuth
[2025-05-18 10:59:54Z INFO RSAFileKeyManager] Loading RSA key parameters from file /home/mustafa/sunum/actions-runner/.credentials_rsaparams
[2025-05-18 11:00:44Z INFO ConfigurationStore] HasCredentials()
[2025-05-18 11:00:44Z INFO ConfigurationStore] stored True
[2025-05-18 11:00:44Z INFO CredentialManager] GetCredentialProvider
[2025-05-18 11:00:44Z INFO CredentialManager] Creating type OAuth
[2025-05-18 11:00:44Z INFO CredentialManager] Creating credential type: OAuth
[2025-05-18 11:00:44Z INFO RSAFileKeyManager] Loading RSA key parameters from file /home/mustafa/sunum/actions-runner/.credentials_rsaparams
[2025-05-18 11:01:34Z INFO ConfigurationStore] HasCredentials()
[2025-05-18 11:01:34Z INFO ConfigurationStore] stored True
[2025-05-18 11:01:34Z INFO CredentialManager] GetCredentialProvider
[2025-05-18 11:01:34Z INFO CredentialManager] Creating type OAuth
[2025-05-18 11:01:34Z INFO CredentialManager] Creating credential type: OAuth
[2025-05-18 11:01:34Z INFO RSAFileKeyManager] Loading RSA key parameters from file /home/mustafa/sunum/actions-runner/.credentials_rsaparams
[2025-05-18 11:02:25Z INFO ConfigurationStore] HasCredentials()
[2025-05-18 11:02:25Z INFO ConfigurationStore] stored True
[2025-05-18 11:02:25Z INFO CredentialManager] GetCredentialProvider
[2025-05-18 11:02:25Z INFO CredentialManager] Creating type OAuth
[2025-05-18 11:02:25Z INFO CredentialManager] Creating credential type: OAuth
[2025-05-18 11:02:25Z INFO RSAFileKeyManager] Loading RSA key parameters from file /home/mustafa/sunum/actions-runner/.credentials_rsaparams
[2025-05-18 11:03:15Z INFO ConfigurationStore] HasCredentials()
[2025-05-18 11:03:15Z INFO ConfigurationStore] stored True
[2025-05-18 11:03:15Z INFO CredentialManager] GetCredentialProvider
[2025-05-18 11:03:15Z INFO CredentialManager] Creating type OAuth
[2025-05-18 11:03:15Z INFO CredentialManager] Creating credential type: OAuth
[2025-05-18 11:03:15Z INFO RSAFileKeyManager] Loading RSA key parameters from file /home/mustafa/sunum/actions-runner/.credentials_rsaparams
[2025-05-18 11:04:06Z INFO ConfigurationStore] HasCredentials()
[2025-05-18 11:04:06Z INFO ConfigurationStore] stored True
[2025-05-18 11:04:06Z INFO CredentialManager] GetCredentialProvider
[2025-05-18 11:04:06Z INFO CredentialManager] Creating type OAuth
[2025-05-18 11:04:06Z INFO CredentialManager] Creating credential type: OAuth
[2025-05-18 11:04:06Z INFO RSAFileKeyManager] Loading RSA key parameters from file /home/mustafa/sunum/actions-runner/.credentials_rsaparams
[2025-05-18 11:04:56Z INFO ConfigurationStore] HasCredentials()
[2025-05-18 11:04:56Z INFO ConfigurationStore] stored True
[2025-05-18 11:04:56Z INFO CredentialManager] GetCredentialProvider
[2025-05-18 11:04:56Z INFO CredentialManager] Creating type OAuth
[2025-05-18 11:04:56Z INFO CredentialManager] Creating credential type: OAuth
[2025-05-18 11:04:56Z INFO RSAFileKeyManager] Loading RSA key parameters from file /home/mustafa/sunum/actions-runner/.credentials_rsaparams
[2025-05-18 11:05:46Z INFO ConfigurationStore] HasCredentials()
[2025-05-18 11:05:46Z INFO ConfigurationStore] stored True
[2025-05-18 11:05:46Z INFO CredentialManager] GetCredentialProvider
[2025-05-18 11:05:46Z INFO CredentialManager] Creating type OAuth
[2025-05-18 11:05:46Z INFO CredentialManager] Creating credential type: OAuth
[2025-05-18 11:05:46Z INFO RSAFileKeyManager] Loading RSA key parameters from file /home/mustafa/sunum/actions-runner/.credentials_rsaparams
[2025-05-18 11:06:37Z INFO ConfigurationStore] HasCredentials()
[2025-05-18 11:06:37Z INFO ConfigurationStore] stored True
[2025-05-18 11:06:37Z INFO CredentialManager] GetCredentialProvider
[2025-05-18 11:06:37Z INFO CredentialManager] Creating type OAuth
[2025-05-18 11:06:37Z INFO CredentialManager] Creating credential type: OAuth
[2025-05-18 11:06:37Z INFO RSAFileKeyManager] Loading RSA key parameters from file /home/mustafa/sunum/actions-runner/.credentials_rsaparams
[2025-05-18 11:07:27Z INFO ConfigurationStore] HasCredentials()
[2025-05-18 11:07:27Z INFO ConfigurationStore] stored True
[2025-05-18 11:07:27Z INFO CredentialManager] GetCredentialProvider
[2025-05-18 11:07:27Z INFO CredentialManager] Creating type OAuth
[2025-05-18 11:07:27Z INFO CredentialManager] Creating credential type: OAuth
[2025-05-18 11:07:27Z INFO RSAFileKeyManager] Loading RSA key parameters from file /home/mustafa/sunum/actions-runner/.credentials_rsaparams
[2025-05-18 11:08:17Z INFO ConfigurationStore] HasCredentials()
[2025-05-18 11:08:17Z INFO ConfigurationStore] stored True
[2025-05-18 11:08:17Z INFO CredentialManager] GetCredentialProvider
[2025-05-18 11:08:17Z INFO CredentialManager] Creating type OAuth
[2025-05-18 11:08:17Z INFO CredentialManager] Creating credential type: OAuth
[2025-05-18 11:08:17Z INFO RSAFileKeyManager] Loading RSA key parameters from file /home/mustafa/sunum/actions-runner/.credentials_rsaparams
[2025-05-18 11:09:08Z INFO ConfigurationStore] HasCredentials()
[2025-05-18 11:09:08Z INFO ConfigurationStore] stored True
[2025-05-18 11:09:08Z INFO CredentialManager] GetCredentialProvider
[2025-05-18 11:09:08Z INFO CredentialManager] Creating type OAuth
[2025-05-18 11:09:08Z INFO CredentialManager] Creating credential type: OAuth
[2025-05-18 11:09:08Z INFO RSAFileKeyManager] Loading RSA key parameters from file /home/mustafa/sunum/actions-runner/.credentials_rsaparams
[2025-05-18 11:09:58Z INFO ConfigurationStore] HasCredentials()
[2025-05-18 11:09:58Z INFO ConfigurationStore] stored True
[2025-05-18 11:09:58Z INFO CredentialManager] GetCredentialProvider
[2025-05-18 11:09:58Z INFO CredentialManager] Creating type OAuth
[2025-05-18 11:09:58Z INFO CredentialManager] Creating credential type: OAuth
[2025-05-18 11:09:58Z INFO RSAFileKeyManager] Loading RSA key parameters from file /home/mustafa/sunum/actions-runner/.credentials_rsaparams
[2025-05-18 11:10:48Z INFO ConfigurationStore] HasCredentials()
[2025-05-18 11:10:48Z INFO ConfigurationStore] stored True
[2025-05-18 11:10:48Z INFO CredentialManager] GetCredentialProvider
[2025-05-18 11:10:48Z INFO CredentialManager] Creating type OAuth
[2025-05-18 11:10:48Z INFO CredentialManager] Creating credential type: OAuth
[2025-05-18 11:10:48Z INFO RSAFileKeyManager] Loading RSA key parameters from file /home/mustafa/sunum/actions-runner/.credentials_rsaparams
[2025-05-18 11:11:39Z INFO ConfigurationStore] HasCredentials()
[2025-05-18 11:11:39Z INFO ConfigurationStore] stored True
[2025-05-18 11:11:39Z INFO CredentialManager] GetCredentialProvider
[2025-05-18 11:11:39Z INFO CredentialManager] Creating type OAuth
[2025-05-18 11:11:39Z INFO CredentialManager] Creating credential type: OAuth
[2025-05-18 11:11:39Z INFO RSAFileKeyManager] Loading RSA key parameters from file /home/mustafa/sunum/actions-runner/.credentials_rsaparams
[2025-05-18 11:12:29Z INFO ConfigurationStore] HasCredentials()
[2025-05-18 11:12:29Z INFO ConfigurationStore] stored True
[2025-05-18 11:12:29Z INFO CredentialManager] GetCredentialProvider
[2025-05-18 11:12:29Z INFO CredentialManager] Creating type OAuth
[2025-05-18 11:12:29Z INFO CredentialManager] Creating credential type: OAuth
[2025-05-18 11:12:29Z INFO RSAFileKeyManager] Loading RSA key parameters from file /home/mustafa/sunum/actions-runner/.credentials_rsaparams
[2025-05-18 11:13:19Z INFO ConfigurationStore] HasCredentials()
[2025-05-18 11:13:19Z INFO ConfigurationStore] stored True
[2025-05-18 11:13:19Z INFO CredentialManager] GetCredentialProvider
[2025-05-18 11:13:19Z INFO CredentialManager] Creating type OAuth
[2025-05-18 11:13:19Z INFO CredentialManager] Creating credential type: OAuth
[2025-05-18 11:13:19Z INFO RSAFileKeyManager] Loading RSA key parameters from file /home/mustafa/sunum/actions-runner/.credentials_rsaparams
[2025-05-18 11:14:10Z INFO ConfigurationStore] HasCredentials()
[2025-05-18 11:14:10Z INFO ConfigurationStore] stored True
[2025-05-18 11:14:10Z INFO CredentialManager] GetCredentialProvider
[2025-05-18 11:14:10Z INFO CredentialManager] Creating type OAuth
[2025-05-18 11:14:10Z INFO CredentialManager] Creating credential type: OAuth
[2025-05-18 11:14:10Z INFO RSAFileKeyManager] Loading RSA key parameters from file /home/mustafa/sunum/actions-runner/.credentials_rsaparams
[2025-05-18 11:15:00Z INFO ConfigurationStore] HasCredentials()
[2025-05-18 11:15:00Z INFO ConfigurationStore] stored True
[2025-05-18 11:15:00Z INFO CredentialManager] GetCredentialProvider
[2025-05-18 11:15:00Z INFO CredentialManager] Creating type OAuth
[2025-05-18 11:15:00Z INFO CredentialManager] Creating credential type: OAuth
[2025-05-18 11:15:00Z INFO RSAFileKeyManager] Loading RSA key parameters from file /home/mustafa/sunum/actions-runner/.credentials_rsaparams
[2025-05-18 11:15:50Z INFO ConfigurationStore] HasCredentials()
[2025-05-18 11:15:50Z INFO ConfigurationStore] stored True
[2025-05-18 11:15:50Z INFO CredentialManager] GetCredentialProvider
[2025-05-18 11:15:50Z INFO CredentialManager] Creating type OAuth
[2025-05-18 11:15:50Z INFO CredentialManager] Creating credential type: OAuth
[2025-05-18 11:15:50Z INFO RSAFileKeyManager] Loading RSA key parameters from file /home/mustafa/sunum/actions-runner/.credentials_rsaparams
[2025-05-18 11:16:41Z INFO ConfigurationStore] HasCredentials()
[2025-05-18 11:16:41Z INFO ConfigurationStore] stored True
[2025-05-18 11:16:41Z INFO CredentialManager] GetCredentialProvider
[2025-05-18 11:16:41Z INFO CredentialManager] Creating type OAuth
[2025-05-18 11:16:41Z INFO CredentialManager] Creating credential type: OAuth
[2025-05-18 11:16:41Z INFO RSAFileKeyManager] Loading RSA key parameters from file /home/mustafa/sunum/actions-runner/.credentials_rsaparams
[2025-05-18 11:17:31Z INFO ConfigurationStore] HasCredentials()
[2025-05-18 11:17:31Z INFO ConfigurationStore] stored True
[2025-05-18 11:17:31Z INFO CredentialManager] GetCredentialProvider
[2025-05-18 11:17:31Z INFO CredentialManager] Creating type OAuth
[2025-05-18 11:17:31Z INFO CredentialManager] Creating credential type: OAuth
[2025-05-18 11:17:31Z INFO RSAFileKeyManager] Loading RSA key parameters from file /home/mustafa/sunum/actions-runner/.credentials_rsaparams
[2025-05-18 11:18:21Z INFO ConfigurationStore] HasCredentials()
[2025-05-18 11:18:21Z INFO ConfigurationStore] stored True
[2025-05-18 11:18:21Z INFO CredentialManager] GetCredentialProvider
[2025-05-18 11:18:21Z INFO CredentialManager] Creating type OAuth
[2025-05-18 11:18:21Z INFO CredentialManager] Creating credential type: OAuth
[2025-05-18 11:18:21Z INFO RSAFileKeyManager] Loading RSA key parameters from file /home/mustafa/sunum/actions-runner/.credentials_rsaparams
[2025-05-18 11:19:12Z INFO ConfigurationStore] HasCredentials()
[2025-05-18 11:19:12Z INFO ConfigurationStore] stored True
[2025-05-18 11:19:12Z INFO CredentialManager] GetCredentialProvider
[2025-05-18 11:19:12Z INFO CredentialManager] Creating type OAuth
[2025-05-18 11:19:12Z INFO CredentialManager] Creating credential type: OAuth
[2025-05-18 11:19:12Z INFO RSAFileKeyManager] Loading RSA key parameters from file /home/mustafa/sunum/actions-runner/.credentials_rsaparams
[2025-05-18 11:19:12Z INFO RSAFileKeyManager] Loading RSA key parameters from file /home/mustafa/sunum/actions-runner/.credentials_rsaparams
[2025-05-18 11:19:13Z INFO GitHubActionsService] AAD Correlation ID for this token request: Unknown
[2025-05-18 11:20:03Z INFO ConfigurationStore] HasCredentials()
[2025-05-18 11:20:03Z INFO ConfigurationStore] stored True
[2025-05-18 11:20:03Z INFO CredentialManager] GetCredentialProvider
[2025-05-18 11:20:03Z INFO CredentialManager] Creating type OAuth
[2025-05-18 11:20:03Z INFO CredentialManager] Creating credential type: OAuth
[2025-05-18 11:20:03Z INFO RSAFileKeyManager] Loading RSA key parameters from file /home/mustafa/sunum/actions-runner/.credentials_rsaparams
[2025-05-18 11:20:53Z INFO ConfigurationStore] HasCredentials()
[2025-05-18 11:20:53Z INFO ConfigurationStore] stored True
[2025-05-18 11:20:53Z INFO CredentialManager] GetCredentialProvider
[2025-05-18 11:20:53Z INFO CredentialManager] Creating type OAuth
[2025-05-18 11:20:53Z INFO CredentialManager] Creating credential type: OAuth
[2025-05-18 11:20:53Z INFO RSAFileKeyManager] Loading RSA key parameters from file /home/mustafa/sunum/actions-runner/.credentials_rsaparams
[2025-05-18 11:21:44Z INFO ConfigurationStore] HasCredentials()
[2025-05-18 11:21:44Z INFO ConfigurationStore] stored True
[2025-05-18 11:21:44Z INFO CredentialManager] GetCredentialProvider
[2025-05-18 11:21:44Z INFO CredentialManager] Creating type OAuth
[2025-05-18 11:21:44Z INFO CredentialManager] Creating credential type: OAuth
[2025-05-18 11:21:44Z INFO RSAFileKeyManager] Loading RSA key parameters from file /home/mustafa/sunum/actions-runner/.credentials_rsaparams
[2025-05-18 11:22:34Z INFO ConfigurationStore] HasCredentials()
[2025-05-18 11:22:34Z INFO ConfigurationStore] stored True
[2025-05-18 11:22:34Z INFO CredentialManager] GetCredentialProvider
[2025-05-18 11:22:34Z INFO CredentialManager] Creating type OAuth
[2025-05-18 11:22:34Z INFO CredentialManager] Creating credential type: OAuth
[2025-05-18 11:22:34Z INFO RSAFileKeyManager] Loading RSA key parameters from file /home/mustafa/sunum/actions-runner/.credentials_rsaparams
[2025-05-18 11:23:24Z INFO ConfigurationStore] HasCredentials()
[2025-05-18 11:23:24Z INFO ConfigurationStore] stored True
[2025-05-18 11:23:24Z INFO CredentialManager] GetCredentialProvider
[2025-05-18 11:23:24Z INFO CredentialManager] Creating type OAuth
[2025-05-18 11:23:24Z INFO CredentialManager] Creating credential type: OAuth
[2025-05-18 11:23:24Z INFO RSAFileKeyManager] Loading RSA key parameters from file /home/mustafa/sunum/actions-runner/.credentials_rsaparams
[2025-05-18 11:24:15Z INFO RSAFileKeyManager] Loading RSA key parameters from file /home/mustafa/sunum/actions-runner/.credentials_rsaparams
[2025-05-18 11:24:15Z INFO GitHubActionsService] AAD Correlation ID for this token request: Unknown
[2025-05-18 11:24:16Z INFO ConfigurationStore] HasCredentials()
[2025-05-18 11:24:16Z INFO ConfigurationStore] stored True
[2025-05-18 11:24:16Z INFO CredentialManager] GetCredentialProvider
[2025-05-18 11:24:16Z INFO CredentialManager] Creating type OAuth
[2025-05-18 11:24:16Z INFO CredentialManager] Creating credential type: OAuth
[2025-05-18 11:24:16Z INFO RSAFileKeyManager] Loading RSA key parameters from file /home/mustafa/sunum/actions-runner/.credentials_rsaparams
[2025-05-18 11:25:06Z INFO ConfigurationStore] HasCredentials()
[2025-05-18 11:25:06Z INFO ConfigurationStore] stored True
[2025-05-18 11:25:06Z INFO CredentialManager] GetCredentialProvider
[2025-05-18 11:25:06Z INFO CredentialManager] Creating type OAuth
[2025-05-18 11:25:06Z INFO CredentialManager] Creating credential type: OAuth
[2025-05-18 11:25:06Z INFO RSAFileKeyManager] Loading RSA key parameters from file /home/mustafa/sunum/actions-runner/.credentials_rsaparams
[2025-05-18 11:25:56Z INFO ConfigurationStore] HasCredentials()
[2025-05-18 11:25:56Z INFO ConfigurationStore] stored True
[2025-05-18 11:25:56Z INFO CredentialManager] GetCredentialProvider
[2025-05-18 11:25:56Z INFO CredentialManager] Creating type OAuth
[2025-05-18 11:25:56Z INFO CredentialManager] Creating credential type: OAuth
[2025-05-18 11:25:56Z INFO RSAFileKeyManager] Loading RSA key parameters from file /home/mustafa/sunum/actions-runner/.credentials_rsaparams
[2025-05-18 11:26:47Z INFO ConfigurationStore] HasCredentials()
[2025-05-18 11:26:47Z INFO ConfigurationStore] stored True
[2025-05-18 11:26:47Z INFO CredentialManager] GetCredentialProvider
[2025-05-18 11:26:47Z INFO CredentialManager] Creating type OAuth
[2025-05-18 11:26:47Z INFO CredentialManager] Creating credential type: OAuth
[2025-05-18 11:26:47Z INFO RSAFileKeyManager] Loading RSA key parameters from file /home/mustafa/sunum/actions-runner/.credentials_rsaparams
[2025-05-18 11:27:37Z INFO ConfigurationStore] HasCredentials()
[2025-05-18 11:27:37Z INFO ConfigurationStore] stored True
[2025-05-18 11:27:37Z INFO CredentialManager] GetCredentialProvider
[2025-05-18 11:27:37Z INFO CredentialManager] Creating type OAuth
[2025-05-18 11:27:37Z INFO CredentialManager] Creating credential type: OAuth
[2025-05-18 11:27:37Z INFO RSAFileKeyManager] Loading RSA key parameters from file /home/mustafa/sunum/actions-runner/.credentials_rsaparams
[2025-05-18 11:28:27Z INFO ConfigurationStore] HasCredentials()
[2025-05-18 11:28:27Z INFO ConfigurationStore] stored True
[2025-05-18 11:28:27Z INFO CredentialManager] GetCredentialProvider
[2025-05-18 11:28:27Z INFO CredentialManager] Creating type OAuth
[2025-05-18 11:28:27Z INFO CredentialManager] Creating credential type: OAuth
[2025-05-18 11:28:27Z INFO RSAFileKeyManager] Loading RSA key parameters from file /home/mustafa/sunum/actions-runner/.credentials_rsaparams
[2025-05-18 11:29:17Z INFO MessageListener] No message retrieved from session 'fe4a2f23-0118-406e-979b-96bb80bd9376' within last 30 minutes.
[2025-05-18 11:29:18Z INFO ConfigurationStore] HasCredentials()
[2025-05-18 11:29:18Z INFO ConfigurationStore] stored True
[2025-05-18 11:29:18Z INFO CredentialManager] GetCredentialProvider
[2025-05-18 11:29:18Z INFO CredentialManager] Creating type OAuth
[2025-05-18 11:29:18Z INFO CredentialManager] Creating credential type: OAuth
[2025-05-18 11:29:18Z INFO RSAFileKeyManager] Loading RSA key parameters from file /home/mustafa/sunum/actions-runner/.credentials_rsaparams
[2025-05-18 11:30:08Z INFO ConfigurationStore] HasCredentials()
[2025-05-18 11:30:08Z INFO ConfigurationStore] stored True
[2025-05-18 11:30:08Z INFO CredentialManager] GetCredentialProvider
[2025-05-18 11:30:08Z INFO CredentialManager] Creating type OAuth
[2025-05-18 11:30:08Z INFO CredentialManager] Creating credential type: OAuth
[2025-05-18 11:30:08Z INFO RSAFileKeyManager] Loading RSA key parameters from file /home/mustafa/sunum/actions-runner/.credentials_rsaparams
[2025-05-18 11:30:58Z INFO ConfigurationStore] HasCredentials()
[2025-05-18 11:30:58Z INFO ConfigurationStore] stored True
[2025-05-18 11:30:58Z INFO CredentialManager] GetCredentialProvider
[2025-05-18 11:30:58Z INFO CredentialManager] Creating type OAuth
[2025-05-18 11:30:58Z INFO CredentialManager] Creating credential type: OAuth
[2025-05-18 11:30:58Z INFO RSAFileKeyManager] Loading RSA key parameters from file /home/mustafa/sunum/actions-runner/.credentials_rsaparams
[2025-05-18 11:31:49Z INFO ConfigurationStore] HasCredentials()
[2025-05-18 11:31:49Z INFO ConfigurationStore] stored True
[2025-05-18 11:31:49Z INFO CredentialManager] GetCredentialProvider
[2025-05-18 11:31:49Z INFO CredentialManager] Creating type OAuth
[2025-05-18 11:31:49Z INFO CredentialManager] Creating credential type: OAuth
[2025-05-18 11:31:49Z INFO RSAFileKeyManager] Loading RSA key parameters from file /home/mustafa/sunum/actions-runner/.credentials_rsaparams
[2025-05-18 11:32:39Z INFO ConfigurationStore] HasCredentials()
[2025-05-18 11:32:39Z INFO ConfigurationStore] stored True
[2025-05-18 11:32:39Z INFO CredentialManager] GetCredentialProvider
[2025-05-18 11:32:39Z INFO CredentialManager] Creating type OAuth
[2025-05-18 11:32:39Z INFO CredentialManager] Creating credential type: OAuth
[2025-05-18 11:32:39Z INFO RSAFileKeyManager] Loading RSA key parameters from file /home/mustafa/sunum/actions-runner/.credentials_rsaparams
[2025-05-18 11:33:29Z INFO ConfigurationStore] HasCredentials()
[2025-05-18 11:33:29Z INFO ConfigurationStore] stored True
[2025-05-18 11:33:29Z INFO CredentialManager] GetCredentialProvider
[2025-05-18 11:33:29Z INFO CredentialManager] Creating type OAuth
[2025-05-18 11:33:29Z INFO CredentialManager] Creating credential type: OAuth
[2025-05-18 11:33:29Z INFO RSAFileKeyManager] Loading RSA key parameters from file /home/mustafa/sunum/actions-runner/.credentials_rsaparams
[2025-05-18 11:34:20Z INFO ConfigurationStore] HasCredentials()
[2025-05-18 11:34:20Z INFO ConfigurationStore] stored True
[2025-05-18 11:34:20Z INFO CredentialManager] GetCredentialProvider
[2025-05-18 11:34:20Z INFO CredentialManager] Creating type OAuth
[2025-05-18 11:34:20Z INFO CredentialManager] Creating credential type: OAuth
[2025-05-18 11:34:20Z INFO RSAFileKeyManager] Loading RSA key parameters from file /home/mustafa/sunum/actions-runner/.credentials_rsaparams
[2025-05-18 11:35:10Z INFO ConfigurationStore] HasCredentials()
[2025-05-18 11:35:10Z INFO ConfigurationStore] stored True
[2025-05-18 11:35:10Z INFO CredentialManager] GetCredentialProvider
[2025-05-18 11:35:10Z INFO CredentialManager] Creating type OAuth
[2025-05-18 11:35:10Z INFO CredentialManager] Creating credential type: OAuth
[2025-05-18 11:35:10Z INFO RSAFileKeyManager] Loading RSA key parameters from file /home/mustafa/sunum/actions-runner/.credentials_rsaparams
[2025-05-18 11:36:01Z INFO ConfigurationStore] HasCredentials()
[2025-05-18 11:36:01Z INFO ConfigurationStore] stored True
[2025-05-18 11:36:01Z INFO CredentialManager] GetCredentialProvider
[2025-05-18 11:36:01Z INFO CredentialManager] Creating type OAuth
[2025-05-18 11:36:01Z INFO CredentialManager] Creating credential type: OAuth
[2025-05-18 11:36:01Z INFO RSAFileKeyManager] Loading RSA key parameters from file /home/mustafa/sunum/actions-runner/.credentials_rsaparams
