[2025-05-17 22:30:37Z INFO HostContext] No proxy settings were found based on environmental variables (http_proxy/https_proxy/HTTP_PROXY/HTTPS_PROXY)
[2025-05-17 22:30:37Z INFO HostContext] Well known directory 'Bin': '/home/mustafa/sunum/actions-runner/bin'
[2025-05-17 22:30:37Z INFO HostContext] Well known directory 'Root': '/home/mustafa/sunum/actions-runner'
[2025-05-17 22:30:37Z INFO HostContext] Well known config file 'Credentials': '/home/mustafa/sunum/actions-runner/.credentials'
[2025-05-17 22:30:38Z INFO HostContext] Well known directory 'Bin': '/home/mustafa/sunum/actions-runner/bin'
[2025-05-17 22:30:38Z INFO HostContext] Well known directory 'Root': '/home/mustafa/sunum/actions-runner'
[2025-05-17 22:30:38Z INFO HostContext] Well known config file 'Runner': '/home/mustafa/sunum/actions-runner/.runner'
[2025-05-17 22:30:38Z INFO Listener] Runner is built for Linux (X64) - linux-x64.
[2025-05-17 22:30:38Z INFO Listener] RuntimeInformation: Ubuntu 24.04.2 LTS.
[2025-05-17 22:30:38Z INFO Listener] Version: 2.324.0
[2025-05-17 22:30:38Z INFO Listener] Commit: da3412efd49b1cf1a0fbdcbcee4e4ac4cc2177c8
[2025-05-17 22:30:38Z INFO Listener] Culture: tr-TR
[2025-05-17 22:30:38Z INFO Listener] UI Culture: tr-TR
[2025-05-17 22:30:38Z INFO HostContext] Well known directory 'Bin': '/home/mustafa/sunum/actions-runner/bin'
[2025-05-17 22:30:38Z INFO HostContext] Well known directory 'Root': '/home/mustafa/sunum/actions-runner'
[2025-05-17 22:30:38Z INFO Listener] Validating directory permissions for: '/home/mustafa/sunum/actions-runner'
[2025-05-17 22:30:38Z INFO CommandLineParser] Parse
[2025-05-17 22:30:38Z INFO CommandLineParser] Parsing 1 args
[2025-05-17 22:30:38Z INFO CommandLineParser] parsing argument
[2025-05-17 22:30:38Z INFO CommandLineParser] HasArgs: False
[2025-05-17 22:30:38Z INFO CommandLineParser] Adding Command: run
[2025-05-17 22:30:38Z INFO Listener] Arguments parsed
[2025-05-17 22:30:38Z INFO Runner] ExecuteCommand
[2025-05-17 22:30:38Z INFO ConfigurationStore] currentAssemblyLocation: /home/mustafa/sunum/actions-runner/bin/Runner.Listener.dll
[2025-05-17 22:30:38Z INFO HostContext] Well known directory 'Bin': '/home/mustafa/sunum/actions-runner/bin'
[2025-05-17 22:30:38Z INFO ConfigurationStore] binPath: /home/mustafa/sunum/actions-runner/bin
[2025-05-17 22:30:38Z INFO HostContext] Well known directory 'Bin': '/home/mustafa/sunum/actions-runner/bin'
[2025-05-17 22:30:38Z INFO HostContext] Well known directory 'Root': '/home/mustafa/sunum/actions-runner'
[2025-05-17 22:30:38Z INFO ConfigurationStore] RootFolder: /home/mustafa/sunum/actions-runner
[2025-05-17 22:30:38Z INFO HostContext] Well known directory 'Bin': '/home/mustafa/sunum/actions-runner/bin'
[2025-05-17 22:30:38Z INFO HostContext] Well known directory 'Root': '/home/mustafa/sunum/actions-runner'
[2025-05-17 22:30:38Z INFO HostContext] Well known config file 'Runner': '/home/mustafa/sunum/actions-runner/.runner'
[2025-05-17 22:30:38Z INFO ConfigurationStore] ConfigFilePath: /home/mustafa/sunum/actions-runner/.runner
[2025-05-17 22:30:38Z INFO HostContext] Well known directory 'Bin': '/home/mustafa/sunum/actions-runner/bin'
[2025-05-17 22:30:38Z INFO HostContext] Well known directory 'Root': '/home/mustafa/sunum/actions-runner'
[2025-05-17 22:30:38Z INFO HostContext] Well known config file 'MigratedRunner': '/home/mustafa/sunum/actions-runner/.runner_migrated'
[2025-05-17 22:30:38Z INFO ConfigurationStore] MigratedConfigFilePath: /home/mustafa/sunum/actions-runner/.runner_migrated
[2025-05-17 22:30:38Z INFO HostContext] Well known directory 'Bin': '/home/mustafa/sunum/actions-runner/bin'
[2025-05-17 22:30:38Z INFO HostContext] Well known directory 'Root': '/home/mustafa/sunum/actions-runner'
[2025-05-17 22:30:38Z INFO HostContext] Well known config file 'Credentials': '/home/mustafa/sunum/actions-runner/.credentials'
[2025-05-17 22:30:38Z INFO ConfigurationStore] CredFilePath: /home/mustafa/sunum/actions-runner/.credentials
[2025-05-17 22:30:38Z INFO HostContext] Well known directory 'Bin': '/home/mustafa/sunum/actions-runner/bin'
[2025-05-17 22:30:38Z INFO HostContext] Well known directory 'Root': '/home/mustafa/sunum/actions-runner'
[2025-05-17 22:30:38Z INFO HostContext] Well known config file 'MigratedCredentials': '/home/mustafa/sunum/actions-runner/.credentials_migrated'
[2025-05-17 22:30:38Z INFO ConfigurationStore] MigratedCredFilePath: /home/mustafa/sunum/actions-runner/.credentials_migrated
[2025-05-17 22:30:38Z INFO HostContext] Well known directory 'Bin': '/home/mustafa/sunum/actions-runner/bin'
[2025-05-17 22:30:38Z INFO HostContext] Well known directory 'Root': '/home/mustafa/sunum/actions-runner'
[2025-05-17 22:30:38Z INFO HostContext] Well known config file 'Service': '/home/mustafa/sunum/actions-runner/.service'
[2025-05-17 22:30:38Z INFO ConfigurationStore] ServiceConfigFilePath: /home/mustafa/sunum/actions-runner/.service
[2025-05-17 22:30:38Z INFO CommandSettings] Flag 'help': 'False'
[2025-05-17 22:30:38Z INFO CommandSettings] Flag 'version': 'False'
[2025-05-17 22:30:38Z INFO CommandSettings] Flag 'commit': 'False'
[2025-05-17 22:30:38Z INFO CommandSettings] Flag 'check': 'False'
[2025-05-17 22:30:38Z INFO CommandSettings] Command 'configure': 'False'
[2025-05-17 22:30:38Z INFO CommandSettings] Command 'remove': 'False'
[2025-05-17 22:30:38Z INFO CommandSettings] Command 'warmup': 'False'
[2025-05-17 22:30:38Z INFO ConfigurationManager] LoadSettings
[2025-05-17 22:30:38Z INFO ConfigurationStore] IsConfigured()
[2025-05-17 22:30:38Z INFO ConfigurationStore] IsConfigured: True
[2025-05-17 22:30:38Z INFO ConfigurationManager] Is configured: True
[2025-05-17 22:30:38Z INFO ConfigurationStore] Read setting file: 286 chars
[2025-05-17 22:30:38Z INFO ConfigurationManager] Settings Loaded
[2025-05-17 22:30:38Z INFO ConfigurationStore] IsServiceConfigured()
[2025-05-17 22:30:38Z INFO ConfigurationStore] IsServiceConfigured: False
[2025-05-17 22:30:38Z INFO CommandSettings] Command 'run': 'True'
[2025-05-17 22:30:38Z INFO ConfigurationStore] IsConfigured()
[2025-05-17 22:30:38Z INFO ConfigurationStore] IsConfigured: True
[2025-05-17 22:30:38Z INFO ConfigurationManager] Is configured: True
[2025-05-17 22:30:38Z INFO Runner] Could not parse the argument value '' for StartupType. Defaulting to Manual
[2025-05-17 22:30:38Z INFO Runner] Set runner startup type - Manual
[2025-05-17 22:30:38Z INFO CommandSettings] Flag 'once': 'False'
[2025-05-17 22:30:38Z INFO CommandSettings] Flag 'once': 'False'
[2025-05-17 22:30:38Z INFO Runner] RunAsync
[2025-05-17 22:30:38Z INFO ConfigurationManager] LoadMigratedSettings
[2025-05-17 22:30:38Z INFO ConfigurationStore] IsMigratedConfigured()
[2025-05-17 22:30:38Z INFO ConfigurationStore] IsMigratedConfigured: False
[2025-05-17 22:30:38Z INFO Runner] Failed to load migrated settings: No migrated configuration found.
[2025-05-17 22:30:38Z INFO Runner] Falling back to original .runner settings
[2025-05-17 22:30:38Z INFO ConfigurationManager] LoadSettings
[2025-05-17 22:30:38Z INFO ConfigurationStore] IsConfigured()
[2025-05-17 22:30:38Z INFO ConfigurationStore] IsConfigured: True
[2025-05-17 22:30:38Z INFO ConfigurationManager] Is configured: True
[2025-05-17 22:30:38Z INFO ConfigurationManager] Settings Loaded
[2025-05-17 22:30:38Z INFO MessageListener] {
  "AgentId": 3,
  "AgentName": "y",
  "PoolId": 1,
  "PoolName": "Default",
  "ServerUrl": "https://pipelinesghubeus6.actions.githubusercontent.com/JK1Cmkfjdtm9ZJ6DkDPfmS9M8Qp05CdC3VD7bEQ6SRCcBm5Ptx/",
  "GitHubUrl": "https://github.com/mustafa010223/sunum",
  "WorkFolder": "_work"
}
[2025-05-17 22:30:38Z INFO MessageListener] Loading Credentials
[2025-05-17 22:30:38Z INFO ConfigurationStore] HasCredentials()
[2025-05-17 22:30:38Z INFO ConfigurationStore] stored True
[2025-05-17 22:30:38Z INFO CredentialManager] GetCredentialProvider
[2025-05-17 22:30:38Z INFO CredentialManager] Creating type OAuth
[2025-05-17 22:30:38Z INFO CredentialManager] Creating credential type: OAuth
[2025-05-17 22:30:38Z INFO HostContext] Well known directory 'Bin': '/home/mustafa/sunum/actions-runner/bin'
[2025-05-17 22:30:38Z INFO HostContext] Well known directory 'Root': '/home/mustafa/sunum/actions-runner'
[2025-05-17 22:30:38Z INFO HostContext] Well known config file 'RSACredentials': '/home/mustafa/sunum/actions-runner/.credentials_rsaparams'
[2025-05-17 22:30:38Z INFO RSAFileKeyManager] Loading RSA key parameters from file /home/mustafa/sunum/actions-runner/.credentials_rsaparams
[2025-05-17 22:30:38Z INFO MessageListener] Attempt to create session.
[2025-05-17 22:30:38Z INFO MessageListener] Connecting to the Runner Server...
[2025-05-17 22:30:38Z INFO RunnerServer] EstablishVssConnection
[2025-05-17 22:30:38Z INFO RunnerServer] Establish connection with 100 seconds timeout.
[2025-05-17 22:30:38Z INFO GitHubActionsService] Starting operation Location.GetConnectionData
[2025-05-17 22:30:38Z INFO RunnerServer] EstablishVssConnection
[2025-05-17 22:30:38Z INFO RunnerServer] Establish connection with 60 seconds timeout.
[2025-05-17 22:30:38Z INFO GitHubActionsService] Starting operation Location.GetConnectionData
[2025-05-17 22:30:38Z INFO RunnerServer] EstablishVssConnection
[2025-05-17 22:30:38Z INFO RunnerServer] Establish connection with 60 seconds timeout.
[2025-05-17 22:30:38Z INFO GitHubActionsService] Starting operation Location.GetConnectionData
[2025-05-17 22:30:39Z INFO GitHubActionsService] Finished operation Location.GetConnectionData
[2025-05-17 22:30:39Z INFO GitHubActionsService] Finished operation Location.GetConnectionData
[2025-05-17 22:30:39Z INFO GitHubActionsService] Finished operation Location.GetConnectionData
[2025-05-17 22:30:39Z INFO MessageListener] VssConnection created
[2025-05-17 22:30:39Z INFO Terminal] WRITE LINE: 
[2025-05-17 22:30:39Z INFO Terminal] WRITE LINE: 
[2025-05-17 22:30:40Z INFO RSAFileKeyManager] Loading RSA key parameters from file /home/mustafa/sunum/actions-runner/.credentials_rsaparams
[2025-05-17 22:30:40Z INFO RSAFileKeyManager] Loading RSA key parameters from file /home/mustafa/sunum/actions-runner/.credentials_rsaparams
[2025-05-17 22:30:40Z INFO GitHubActionsService] AAD Correlation ID for this token request: Unknown
[2025-05-17 22:30:40Z INFO MessageListener] Session created.
[2025-05-17 22:30:40Z INFO MessageListener] Registering AuthMigrationChanged event handler.
[2025-05-17 22:30:40Z INFO Terminal] WRITE LINE: Current runner version: '2.324.0'
[2025-05-17 22:30:40Z INFO Terminal] WRITE LINE: 2025-05-17 22:30:40Z: Listening for Jobs
[2025-05-17 22:30:40Z INFO JobDispatcher] Set runner/worker IPC timeout to 30 seconds.
[2025-05-17 22:30:40Z INFO ConfigurationStore] HasCredentials()
[2025-05-17 22:30:40Z INFO ConfigurationStore] stored True
[2025-05-17 22:30:40Z INFO CredentialManager] GetCredentialProvider
[2025-05-17 22:30:40Z INFO CredentialManager] Creating type OAuth
[2025-05-17 22:30:40Z INFO CredentialManager] Creating credential type: OAuth
[2025-05-17 22:30:40Z INFO RSAFileKeyManager] Loading RSA key parameters from file /home/mustafa/sunum/actions-runner/.credentials_rsaparams
[2025-05-17 22:30:41Z INFO RSAFileKeyManager] Loading RSA key parameters from file /home/mustafa/sunum/actions-runner/.credentials_rsaparams
[2025-05-17 22:30:41Z INFO RSAFileKeyManager] Loading RSA key parameters from file /home/mustafa/sunum/actions-runner/.credentials_rsaparams
[2025-05-17 22:30:41Z INFO GitHubActionsService] AAD Correlation ID for this token request: Unknown
[2025-05-17 22:30:42Z INFO MessageListener] Message '7433878718420704515' received from session '9d7b9bde-d3f9-4ff2-8902-20ea729f1cac'.
[2025-05-17 22:30:42Z INFO ConfigurationStore] HasCredentials()
[2025-05-17 22:30:42Z INFO ConfigurationStore] stored True
[2025-05-17 22:30:42Z INFO CredentialManager] GetCredentialProvider
[2025-05-17 22:30:42Z INFO CredentialManager] Creating type OAuth
[2025-05-17 22:30:42Z INFO CredentialManager] Creating credential type: OAuth
[2025-05-17 22:30:42Z INFO RSAFileKeyManager] Loading RSA key parameters from file /home/mustafa/sunum/actions-runner/.credentials_rsaparams
[2025-05-17 22:30:42Z INFO RSAFileKeyManager] Loading RSA key parameters from file /home/mustafa/sunum/actions-runner/.credentials_rsaparams
[2025-05-17 22:30:42Z INFO RSAFileKeyManager] Loading RSA key parameters from file /home/mustafa/sunum/actions-runner/.credentials_rsaparams
[2025-05-17 22:30:42Z INFO GitHubActionsService] AAD Correlation ID for this token request: Unknown
[2025-05-17 22:30:43Z INFO JobDispatcher] Job request 0 for plan 2d18cf1a-23df-4c6c-aede-b9f222e64ac2 job 2a72c351-e5b2-5247-ba27-afc97887605c received.
[2025-05-17 22:30:43Z INFO MessageListener] Received job status event. JobState: Busy
[2025-05-17 22:30:43Z INFO MessageListener] _getMessagesTokenSource is already disposed.
[2025-05-17 22:30:43Z INFO Terminal] WRITE LINE: 2025-05-17 22:30:43Z: Running job: deploy
[2025-05-17 22:30:43Z INFO JobDispatcher] Start renew job request 0 for job 2a72c351-e5b2-5247-ba27-afc97887605c.
[2025-05-17 22:30:44Z INFO JobDispatcher] Successfully renew job 2a72c351-e5b2-5247-ba27-afc97887605c, job is valid till 17.05.2025 22:40:43
[2025-05-17 22:30:44Z INFO HostContext] Well known directory 'Bin': '/home/mustafa/sunum/actions-runner/bin'
[2025-05-17 22:30:44Z INFO ProcessInvokerWrapper] Starting process:
[2025-05-17 22:30:44Z INFO ProcessInvokerWrapper]   File name: '/home/mustafa/sunum/actions-runner/bin/Runner.Worker'
[2025-05-17 22:30:44Z INFO ProcessInvokerWrapper]   Arguments: 'spawnclient 157 160'
[2025-05-17 22:30:44Z INFO ProcessInvokerWrapper]   Working directory: '/home/mustafa/sunum/actions-runner/bin'
[2025-05-17 22:30:44Z INFO ProcessInvokerWrapper]   Require exit code zero: 'False'
[2025-05-17 22:30:44Z INFO ProcessInvokerWrapper]   Encoding web name:  ; code page: ''
[2025-05-17 22:30:44Z INFO ProcessInvokerWrapper]   Force kill process on cancellation: 'True'
[2025-05-17 22:30:44Z INFO ProcessInvokerWrapper]   Redirected STDIN: 'False'
[2025-05-17 22:30:44Z INFO ProcessInvokerWrapper]   Persist current code page: 'False'
[2025-05-17 22:30:44Z INFO ProcessInvokerWrapper]   Keep redirected STDIN open: 'False'
[2025-05-17 22:30:44Z INFO ProcessInvokerWrapper]   High priority process: 'True'
[2025-05-17 22:30:44Z INFO ProcessInvokerWrapper] Process started with process id 207361, waiting for process exit.
[2025-05-17 22:30:44Z INFO JobDispatcher] Send job request message to worker for job 2a72c351-e5b2-5247-ba27-afc97887605c.
[2025-05-17 22:30:44Z INFO ProcessChannel] Sending message of length 23097, with hash 'd5a8480768fc8a2e512a98e05f05880e48a2cfc851481c8b2d44aeb2b8577f57'
[2025-05-17 22:30:44Z INFO JobNotification] Entering JobStarted Notification
[2025-05-17 22:30:44Z INFO JobNotification] Entering StartMonitor
[2025-05-17 22:30:45Z INFO ConfigurationStore] HasCredentials()
[2025-05-17 22:30:45Z INFO ConfigurationStore] stored True
[2025-05-17 22:30:45Z INFO CredentialManager] GetCredentialProvider
[2025-05-17 22:30:45Z INFO CredentialManager] Creating type OAuth
[2025-05-17 22:30:45Z INFO CredentialManager] Creating credential type: OAuth
[2025-05-17 22:30:45Z INFO RSAFileKeyManager] Loading RSA key parameters from file /home/mustafa/sunum/actions-runner/.credentials_rsaparams
[2025-05-17 22:31:35Z INFO ConfigurationStore] HasCredentials()
[2025-05-17 22:31:35Z INFO ConfigurationStore] stored True
[2025-05-17 22:31:35Z INFO CredentialManager] GetCredentialProvider
[2025-05-17 22:31:35Z INFO CredentialManager] Creating type OAuth
[2025-05-17 22:31:35Z INFO CredentialManager] Creating credential type: OAuth
[2025-05-17 22:31:35Z INFO RSAFileKeyManager] Loading RSA key parameters from file /home/mustafa/sunum/actions-runner/.credentials_rsaparams
[2025-05-17 22:31:44Z INFO JobDispatcher] Successfully renew job 2a72c351-e5b2-5247-ba27-afc97887605c, job is valid till 17.05.2025 22:41:44
[2025-05-17 22:32:25Z INFO ConfigurationStore] HasCredentials()
[2025-05-17 22:32:25Z INFO ConfigurationStore] stored True
[2025-05-17 22:32:25Z INFO CredentialManager] GetCredentialProvider
[2025-05-17 22:32:25Z INFO CredentialManager] Creating type OAuth
[2025-05-17 22:32:25Z INFO CredentialManager] Creating credential type: OAuth
[2025-05-17 22:32:25Z INFO RSAFileKeyManager] Loading RSA key parameters from file /home/mustafa/sunum/actions-runner/.credentials_rsaparams
[2025-05-17 22:32:44Z INFO JobDispatcher] Successfully renew job 2a72c351-e5b2-5247-ba27-afc97887605c, job is valid till 17.05.2025 22:42:44
[2025-05-17 22:32:58Z INFO ProcessInvokerWrapper] STDOUT/STDERR stream read finished.
[2025-05-17 22:32:58Z INFO ProcessInvokerWrapper] STDOUT/STDERR stream read finished.
[2025-05-17 22:32:58Z INFO ProcessInvokerWrapper] Finished process 207361 with exit code 100, and elapsed time 00:02:14.5427312.
[2025-05-17 22:32:58Z INFO JobDispatcher] Worker finished for job 2a72c351-e5b2-5247-ba27-afc97887605c. Code: 100
[2025-05-17 22:32:58Z INFO JobDispatcher] finish job request for job 2a72c351-e5b2-5247-ba27-afc97887605c with result: Succeeded
[2025-05-17 22:32:58Z INFO Terminal] WRITE LINE: 2025-05-17 22:32:58Z: Job deploy completed with result: Succeeded
[2025-05-17 22:32:58Z INFO JobDispatcher] Stop renew job request for job 2a72c351-e5b2-5247-ba27-afc97887605c.
[2025-05-17 22:32:58Z INFO JobDispatcher] job renew has been cancelled, stop renew job 2a72c351-e5b2-5247-ba27-afc97887605c.
[2025-05-17 22:32:58Z INFO JobNotification] Entering JobCompleted Notification
[2025-05-17 22:32:58Z INFO JobNotification] Entering EndMonitor
[2025-05-17 22:32:58Z INFO MessageListener] Received job status event. JobState: Online
[2025-05-17 22:33:16Z INFO ConfigurationStore] HasCredentials()
[2025-05-17 22:33:16Z INFO ConfigurationStore] stored True
[2025-05-17 22:33:16Z INFO CredentialManager] GetCredentialProvider
[2025-05-17 22:33:16Z INFO CredentialManager] Creating type OAuth
[2025-05-17 22:33:16Z INFO CredentialManager] Creating credential type: OAuth
[2025-05-17 22:33:16Z INFO RSAFileKeyManager] Loading RSA key parameters from file /home/mustafa/sunum/actions-runner/.credentials_rsaparams
[2025-05-17 22:34:06Z INFO ConfigurationStore] HasCredentials()
[2025-05-17 22:34:06Z INFO ConfigurationStore] stored True
[2025-05-17 22:34:06Z INFO CredentialManager] GetCredentialProvider
[2025-05-17 22:34:06Z INFO CredentialManager] Creating type OAuth
[2025-05-17 22:34:06Z INFO CredentialManager] Creating credential type: OAuth
[2025-05-17 22:34:06Z INFO RSAFileKeyManager] Loading RSA key parameters from file /home/mustafa/sunum/actions-runner/.credentials_rsaparams
[2025-05-17 22:34:52Z INFO Terminal] WRITE LINE: Exiting...
[2025-05-17 22:34:52Z INFO ConfigurationStore] IsServiceConfigured()
[2025-05-17 22:34:52Z INFO ConfigurationStore] IsServiceConfigured: False
[2025-05-17 22:34:52Z INFO HostContext] Runner will be shutdown for UserCancelled
[2025-05-17 22:34:52Z WARN GitHubActionsService] GET request to https://broker.actions.githubusercontent.com/message?sessionId=9d7b9bde-d3f9-4ff2-8902-20ea729f1cac&status=Online&runnerVersion=2.324.0&os=Linux&architecture=X64&disableUpdate=false has been cancelled.
[2025-05-17 22:34:52Z ERR  BrokerServer] Catch exception during request
[2025-05-17 22:34:52Z ERR  BrokerServer] System.Threading.Tasks.TaskCanceledException: The operation was canceled.
 ---> System.Threading.Tasks.TaskCanceledException: The operation was canceled.
 ---> System.IO.IOException: Unable to read data from the transport connection: Operation canceled.
 ---> System.Net.Sockets.SocketException (125): Operation canceled
   --- End of inner exception stack trace ---
   at System.Net.Sockets.Socket.AwaitableSocketAsyncEventArgs.ThrowException(SocketError error, CancellationToken cancellationToken)
   at System.Net.Sockets.Socket.AwaitableSocketAsyncEventArgs.System.Threading.Tasks.Sources.IValueTaskSource<System.Int32>.GetResult(Int16 token)
   at System.Net.Security.SslStream.EnsureFullTlsFrameAsync[TIOAdapter](CancellationToken cancellationToken, Int32 estimatedSize)
   at System.Runtime.CompilerServices.PoolingAsyncValueTaskMethodBuilder`1.StateMachineBox`1.System.Threading.Tasks.Sources.IValueTaskSource<TResult>.GetResult(Int16 token)
   at System.Net.Security.SslStream.ReadAsyncInternal[TIOAdapter](Memory`1 buffer, CancellationToken cancellationToken)
   at System.Runtime.CompilerServices.PoolingAsyncValueTaskMethodBuilder`1.StateMachineBox`1.System.Threading.Tasks.Sources.IValueTaskSource<TResult>.GetResult(Int16 token)
   at System.Net.Http.HttpConnection.SendAsync(HttpRequestMessage request, Boolean async, CancellationToken cancellationToken)
   --- End of inner exception stack trace ---
   at System.Net.Http.HttpConnection.SendAsync(HttpRequestMessage request, Boolean async, CancellationToken cancellationToken)
   at System.Net.Http.AuthenticationHelper.SendWithNtAuthAsync(HttpRequestMessage request, Uri authUri, Boolean async, ICredentials credentials, Boolean isProxyAuth, HttpConnection connection, HttpConnectionPool connectionPool, CancellationToken cancellationToken)
   at System.Net.Http.HttpConnectionPool.SendWithVersionDetectionAndRetryAsync(HttpRequestMessage request, Boolean async, Boolean doRequestAuth, CancellationToken cancellationToken)
   at System.Net.Http.AuthenticationHelper.SendWithAuthAsync(HttpRequestMessage request, Uri authUri, Boolean async, ICredentials credentials, Boolean preAuthenticate, Boolean isProxyAuth, Boolean doRequestAuth, HttpConnectionPool pool, CancellationToken cancellationToken)
   at System.Net.Http.RedirectHandler.SendAsync(HttpRequestMessage request, Boolean async, CancellationToken cancellationToken)
   at GitHub.Services.Common.RawHttpMessageHandler.SendAsync(HttpRequestMessage request, CancellationToken cancellationToken)
   at GitHub.Services.Common.VssHttpRetryMessageHandler.SendAsync(HttpRequestMessage request, CancellationToken cancellationToken)
   at System.Net.Http.HttpClient.<SendAsync>g__Core|83_0(HttpRequestMessage request, HttpCompletionOption completionOption, CancellationTokenSource cts, Boolean disposeCts, CancellationTokenSource pendingRequestsCts, CancellationToken originalCancellationToken)
   --- End of inner exception stack trace ---
   at System.Net.Http.HttpClient.HandleFailure(Exception e, Boolean telemetryStarted, HttpResponseMessage response, CancellationTokenSource cts, CancellationToken cancellationToken, CancellationTokenSource pendingRequestsCts)
   at System.Net.Http.HttpClient.<SendAsync>g__Core|83_0(HttpRequestMessage request, HttpCompletionOption completionOption, CancellationTokenSource cts, Boolean disposeCts, CancellationTokenSource pendingRequestsCts, CancellationToken originalCancellationToken)
   at Sdk.WebApi.WebApi.RawHttpClientBase.SendAsync(HttpRequestMessage message, HttpCompletionOption completionOption, Object userState, CancellationToken cancellationToken)
   at Sdk.WebApi.WebApi.RawHttpClientBase.SendAsync[T](HttpRequestMessage message, Boolean readErrorBody, Object userState, CancellationToken cancellationToken)
   at Sdk.WebApi.WebApi.RawHttpClientBase.SendAsync[T](HttpMethod method, IEnumerable`1 additionalHeaders, Uri requestUri, HttpContent content, IEnumerable`1 queryParameters, Boolean readErrorBody, Object userState, CancellationToken cancellationToken)
   at GitHub.Actions.RunService.WebApi.BrokerHttpClient.GetRunnerMessageAsync(Nullable`1 sessionId, String runnerVersion, Nullable`1 status, String os, String architecture, Nullable`1 disableUpdate, CancellationToken cancellationToken)
   at GitHub.Runner.Common.BrokerServer.<>c__DisplayClass7_0.<<GetRunnerMessageAsync>b__0>d.MoveNext()
--- End of stack trace from previous location ---
   at GitHub.Runner.Common.RunnerService.RetryRequest[T](Func`1 func, CancellationToken cancellationToken, Int32 maxRetryAttemptsCount, Func`2 shouldRetry)
[2025-05-17 22:34:52Z ERR  BrokerServer] #####################################################
[2025-05-17 22:34:52Z ERR  BrokerServer] System.Threading.Tasks.TaskCanceledException: The operation was canceled.
 ---> System.IO.IOException: Unable to read data from the transport connection: Operation canceled.
 ---> System.Net.Sockets.SocketException (125): Operation canceled
   --- End of inner exception stack trace ---
   at System.Net.Sockets.Socket.AwaitableSocketAsyncEventArgs.ThrowException(SocketError error, CancellationToken cancellationToken)
   at System.Net.Sockets.Socket.AwaitableSocketAsyncEventArgs.System.Threading.Tasks.Sources.IValueTaskSource<System.Int32>.GetResult(Int16 token)
   at System.Net.Security.SslStream.EnsureFullTlsFrameAsync[TIOAdapter](CancellationToken cancellationToken, Int32 estimatedSize)
   at System.Runtime.CompilerServices.PoolingAsyncValueTaskMethodBuilder`1.StateMachineBox`1.System.Threading.Tasks.Sources.IValueTaskSource<TResult>.GetResult(Int16 token)
   at System.Net.Security.SslStream.ReadAsyncInternal[TIOAdapter](Memory`1 buffer, CancellationToken cancellationToken)
   at System.Runtime.CompilerServices.PoolingAsyncValueTaskMethodBuilder`1.StateMachineBox`1.System.Threading.Tasks.Sources.IValueTaskSource<TResult>.GetResult(Int16 token)
   at System.Net.Http.HttpConnection.SendAsync(HttpRequestMessage request, Boolean async, CancellationToken cancellationToken)
   --- End of inner exception stack trace ---
   at System.Net.Http.HttpConnection.SendAsync(HttpRequestMessage request, Boolean async, CancellationToken cancellationToken)
   at System.Net.Http.AuthenticationHelper.SendWithNtAuthAsync(HttpRequestMessage request, Uri authUri, Boolean async, ICredentials credentials, Boolean isProxyAuth, HttpConnection connection, HttpConnectionPool connectionPool, CancellationToken cancellationToken)
   at System.Net.Http.HttpConnectionPool.SendWithVersionDetectionAndRetryAsync(HttpRequestMessage request, Boolean async, Boolean doRequestAuth, CancellationToken cancellationToken)
   at System.Net.Http.AuthenticationHelper.SendWithAuthAsync(HttpRequestMessage request, Uri authUri, Boolean async, ICredentials credentials, Boolean preAuthenticate, Boolean isProxyAuth, Boolean doRequestAuth, HttpConnectionPool pool, CancellationToken cancellationToken)
   at System.Net.Http.RedirectHandler.SendAsync(HttpRequestMessage request, Boolean async, CancellationToken cancellationToken)
   at GitHub.Services.Common.RawHttpMessageHandler.SendAsync(HttpRequestMessage request, CancellationToken cancellationToken)
   at GitHub.Services.Common.VssHttpRetryMessageHandler.SendAsync(HttpRequestMessage request, CancellationToken cancellationToken)
   at System.Net.Http.HttpClient.<SendAsync>g__Core|83_0(HttpRequestMessage request, HttpCompletionOption completionOption, CancellationTokenSource cts, Boolean disposeCts, CancellationTokenSource pendingRequestsCts, CancellationToken originalCancellationToken)
[2025-05-17 22:34:52Z ERR  BrokerServer] #####################################################
[2025-05-17 22:34:52Z ERR  BrokerServer] System.IO.IOException: Unable to read data from the transport connection: Operation canceled.
 ---> System.Net.Sockets.SocketException (125): Operation canceled
   --- End of inner exception stack trace ---
   at System.Net.Sockets.Socket.AwaitableSocketAsyncEventArgs.ThrowException(SocketError error, CancellationToken cancellationToken)
   at System.Net.Sockets.Socket.AwaitableSocketAsyncEventArgs.System.Threading.Tasks.Sources.IValueTaskSource<System.Int32>.GetResult(Int16 token)
   at System.Net.Security.SslStream.EnsureFullTlsFrameAsync[TIOAdapter](CancellationToken cancellationToken, Int32 estimatedSize)
   at System.Runtime.CompilerServices.PoolingAsyncValueTaskMethodBuilder`1.StateMachineBox`1.System.Threading.Tasks.Sources.IValueTaskSource<TResult>.GetResult(Int16 token)
   at System.Net.Security.SslStream.ReadAsyncInternal[TIOAdapter](Memory`1 buffer, CancellationToken cancellationToken)
   at System.Runtime.CompilerServices.PoolingAsyncValueTaskMethodBuilder`1.StateMachineBox`1.System.Threading.Tasks.Sources.IValueTaskSource<TResult>.GetResult(Int16 token)
   at System.Net.Http.HttpConnection.SendAsync(HttpRequestMessage request, Boolean async, CancellationToken cancellationToken)
[2025-05-17 22:34:52Z ERR  BrokerServer] #####################################################
[2025-05-17 22:34:52Z ERR  BrokerServer] System.Net.Sockets.SocketException (125): Operation canceled
[2025-05-17 22:34:52Z WARN BrokerServer] Back off 8,902 seconds before next retry. 4 attempt left.
[2025-05-17 22:34:52Z INFO MessageListener] Get next message has been cancelled.
[2025-05-17 22:34:52Z INFO JobDispatcher] Shutting down JobDispatcher. Make sure all WorkerDispatcher has finished.
[2025-05-17 22:34:52Z INFO JobDispatcher] Ensure WorkerDispatcher for job 2a72c351-e5b2-5247-ba27-afc97887605c run to finish, cancel any running job.
[2025-05-17 22:34:52Z INFO JobDispatcher] Job request 2a72c351-e5b2-5247-ba27-afc97887605c processed succeed.
[2025-05-17 22:34:52Z INFO Runner] Deleting Runner Session...
[2025-05-17 22:34:52Z INFO Listener] Runner execution been cancelled.
