[2025-05-17 19:40:45Z INFO HostContext] No proxy settings were found based on environmental variables (http_proxy/https_proxy/HTTP_PROXY/HTTPS_PROXY)
[2025-05-17 19:40:45Z INFO HostContext] Well known directory 'Bin': '/home/mustafa/sunum/actions-runner/bin'
[2025-05-17 19:40:45Z INFO HostContext] Well known directory 'Root': '/home/mustafa/sunum/actions-runner'
[2025-05-17 19:40:45Z INFO HostContext] Well known config file 'Credentials': '/home/mustafa/sunum/actions-runner/.credentials'
[2025-05-17 19:40:46Z INFO HostContext] Well known directory 'Bin': '/home/mustafa/sunum/actions-runner/bin'
[2025-05-17 19:40:46Z INFO HostContext] Well known directory 'Root': '/home/mustafa/sunum/actions-runner'
[2025-05-17 19:40:46Z INFO HostContext] Well known config file 'Runner': '/home/mustafa/sunum/actions-runner/.runner'
[2025-05-17 19:40:46Z INFO Listener] Runner is built for Linux (X64) - linux-x64.
[2025-05-17 19:40:46Z INFO Listener] RuntimeInformation: Ubuntu 24.04.2 LTS.
[2025-05-17 19:40:46Z INFO Listener] Version: 2.324.0
[2025-05-17 19:40:46Z INFO Listener] Commit: da3412efd49b1cf1a0fbdcbcee4e4ac4cc2177c8
[2025-05-17 19:40:46Z INFO Listener] Culture: tr-TR
[2025-05-17 19:40:46Z INFO Listener] UI Culture: tr-TR
[2025-05-17 19:40:46Z INFO HostContext] Well known directory 'Bin': '/home/mustafa/sunum/actions-runner/bin'
[2025-05-17 19:40:46Z INFO HostContext] Well known directory 'Root': '/home/mustafa/sunum/actions-runner'
[2025-05-17 19:40:46Z INFO Listener] Validating directory permissions for: '/home/mustafa/sunum/actions-runner'
[2025-05-17 19:40:46Z INFO CommandLineParser] Parse
[2025-05-17 19:40:46Z INFO CommandLineParser] Parsing 1 args
[2025-05-17 19:40:46Z INFO CommandLineParser] parsing argument
[2025-05-17 19:40:46Z INFO CommandLineParser] HasArgs: False
[2025-05-17 19:40:46Z INFO CommandLineParser] Adding Command: run
[2025-05-17 19:40:46Z INFO Listener] Arguments parsed
[2025-05-17 19:40:46Z INFO Runner] ExecuteCommand
[2025-05-17 19:40:46Z INFO ConfigurationStore] currentAssemblyLocation: /home/mustafa/sunum/actions-runner/bin/Runner.Listener.dll
[2025-05-17 19:40:46Z INFO HostContext] Well known directory 'Bin': '/home/mustafa/sunum/actions-runner/bin'
[2025-05-17 19:40:46Z INFO ConfigurationStore] binPath: /home/mustafa/sunum/actions-runner/bin
[2025-05-17 19:40:46Z INFO HostContext] Well known directory 'Bin': '/home/mustafa/sunum/actions-runner/bin'
[2025-05-17 19:40:46Z INFO HostContext] Well known directory 'Root': '/home/mustafa/sunum/actions-runner'
[2025-05-17 19:40:46Z INFO ConfigurationStore] RootFolder: /home/mustafa/sunum/actions-runner
[2025-05-17 19:40:46Z INFO HostContext] Well known directory 'Bin': '/home/mustafa/sunum/actions-runner/bin'
[2025-05-17 19:40:46Z INFO HostContext] Well known directory 'Root': '/home/mustafa/sunum/actions-runner'
[2025-05-17 19:40:46Z INFO HostContext] Well known config file 'Runner': '/home/mustafa/sunum/actions-runner/.runner'
[2025-05-17 19:40:46Z INFO ConfigurationStore] ConfigFilePath: /home/mustafa/sunum/actions-runner/.runner
[2025-05-17 19:40:46Z INFO HostContext] Well known directory 'Bin': '/home/mustafa/sunum/actions-runner/bin'
[2025-05-17 19:40:46Z INFO HostContext] Well known directory 'Root': '/home/mustafa/sunum/actions-runner'
[2025-05-17 19:40:46Z INFO HostContext] Well known config file 'MigratedRunner': '/home/mustafa/sunum/actions-runner/.runner_migrated'
[2025-05-17 19:40:46Z INFO ConfigurationStore] MigratedConfigFilePath: /home/mustafa/sunum/actions-runner/.runner_migrated
[2025-05-17 19:40:46Z INFO HostContext] Well known directory 'Bin': '/home/mustafa/sunum/actions-runner/bin'
[2025-05-17 19:40:46Z INFO HostContext] Well known directory 'Root': '/home/mustafa/sunum/actions-runner'
[2025-05-17 19:40:46Z INFO HostContext] Well known config file 'Credentials': '/home/mustafa/sunum/actions-runner/.credentials'
[2025-05-17 19:40:46Z INFO ConfigurationStore] CredFilePath: /home/mustafa/sunum/actions-runner/.credentials
[2025-05-17 19:40:46Z INFO HostContext] Well known directory 'Bin': '/home/mustafa/sunum/actions-runner/bin'
[2025-05-17 19:40:46Z INFO HostContext] Well known directory 'Root': '/home/mustafa/sunum/actions-runner'
[2025-05-17 19:40:46Z INFO HostContext] Well known config file 'MigratedCredentials': '/home/mustafa/sunum/actions-runner/.credentials_migrated'
[2025-05-17 19:40:46Z INFO ConfigurationStore] MigratedCredFilePath: /home/mustafa/sunum/actions-runner/.credentials_migrated
[2025-05-17 19:40:46Z INFO HostContext] Well known directory 'Bin': '/home/mustafa/sunum/actions-runner/bin'
[2025-05-17 19:40:46Z INFO HostContext] Well known directory 'Root': '/home/mustafa/sunum/actions-runner'
[2025-05-17 19:40:46Z INFO HostContext] Well known config file 'Service': '/home/mustafa/sunum/actions-runner/.service'
[2025-05-17 19:40:46Z INFO ConfigurationStore] ServiceConfigFilePath: /home/mustafa/sunum/actions-runner/.service
[2025-05-17 19:40:46Z INFO CommandSettings] Flag 'help': 'False'
[2025-05-17 19:40:46Z INFO CommandSettings] Flag 'version': 'False'
[2025-05-17 19:40:46Z INFO CommandSettings] Flag 'commit': 'False'
[2025-05-17 19:40:46Z INFO CommandSettings] Flag 'check': 'False'
[2025-05-17 19:40:46Z INFO CommandSettings] Command 'configure': 'False'
[2025-05-17 19:40:46Z INFO CommandSettings] Command 'remove': 'False'
[2025-05-17 19:40:46Z INFO CommandSettings] Command 'warmup': 'False'
[2025-05-17 19:40:46Z INFO ConfigurationManager] LoadSettings
[2025-05-17 19:40:46Z INFO ConfigurationStore] IsConfigured()
[2025-05-17 19:40:46Z INFO ConfigurationStore] IsConfigured: True
[2025-05-17 19:40:46Z INFO ConfigurationManager] Is configured: True
[2025-05-17 19:40:46Z INFO ConfigurationStore] Read setting file: 286 chars
[2025-05-17 19:40:46Z INFO ConfigurationManager] Settings Loaded
[2025-05-17 19:40:46Z INFO ConfigurationStore] IsServiceConfigured()
[2025-05-17 19:40:46Z INFO ConfigurationStore] IsServiceConfigured: False
[2025-05-17 19:40:46Z INFO CommandSettings] Command 'run': 'True'
[2025-05-17 19:40:46Z INFO ConfigurationStore] IsConfigured()
[2025-05-17 19:40:46Z INFO ConfigurationStore] IsConfigured: True
[2025-05-17 19:40:46Z INFO ConfigurationManager] Is configured: True
[2025-05-17 19:40:46Z INFO Runner] Could not parse the argument value '' for StartupType. Defaulting to Manual
[2025-05-17 19:40:46Z INFO Runner] Set runner startup type - Manual
[2025-05-17 19:40:46Z INFO CommandSettings] Flag 'once': 'False'
[2025-05-17 19:40:46Z INFO CommandSettings] Flag 'once': 'False'
[2025-05-17 19:40:46Z INFO Runner] RunAsync
[2025-05-17 19:40:46Z INFO ConfigurationManager] LoadMigratedSettings
[2025-05-17 19:40:46Z INFO ConfigurationStore] IsMigratedConfigured()
[2025-05-17 19:40:46Z INFO ConfigurationStore] IsMigratedConfigured: False
[2025-05-17 19:40:46Z INFO Runner] Failed to load migrated settings: No migrated configuration found.
[2025-05-17 19:40:46Z INFO Runner] Falling back to original .runner settings
[2025-05-17 19:40:46Z INFO ConfigurationManager] LoadSettings
[2025-05-17 19:40:46Z INFO ConfigurationStore] IsConfigured()
[2025-05-17 19:40:46Z INFO ConfigurationStore] IsConfigured: True
[2025-05-17 19:40:46Z INFO ConfigurationManager] Is configured: True
[2025-05-17 19:40:46Z INFO ConfigurationManager] Settings Loaded
[2025-05-17 19:40:46Z INFO MessageListener] {
  "AgentId": 3,
  "AgentName": "y",
  "PoolId": 1,
  "PoolName": "Default",
  "ServerUrl": "https://pipelinesghubeus6.actions.githubusercontent.com/JK1Cmkfjdtm9ZJ6DkDPfmS9M8Qp05CdC3VD7bEQ6SRCcBm5Ptx/",
  "GitHubUrl": "https://github.com/mustafa010223/sunum",
  "WorkFolder": "_work"
}
[2025-05-17 19:40:46Z INFO MessageListener] Loading Credentials
[2025-05-17 19:40:46Z INFO ConfigurationStore] HasCredentials()
[2025-05-17 19:40:46Z INFO ConfigurationStore] stored True
[2025-05-17 19:40:46Z INFO CredentialManager] GetCredentialProvider
[2025-05-17 19:40:46Z INFO CredentialManager] Creating type OAuth
[2025-05-17 19:40:46Z INFO CredentialManager] Creating credential type: OAuth
[2025-05-17 19:40:46Z INFO HostContext] Well known directory 'Bin': '/home/mustafa/sunum/actions-runner/bin'
[2025-05-17 19:40:46Z INFO HostContext] Well known directory 'Root': '/home/mustafa/sunum/actions-runner'
[2025-05-17 19:40:46Z INFO HostContext] Well known config file 'RSACredentials': '/home/mustafa/sunum/actions-runner/.credentials_rsaparams'
[2025-05-17 19:40:46Z INFO RSAFileKeyManager] Loading RSA key parameters from file /home/mustafa/sunum/actions-runner/.credentials_rsaparams
[2025-05-17 19:40:46Z INFO MessageListener] Attempt to create session.
[2025-05-17 19:40:46Z INFO MessageListener] Connecting to the Runner Server...
[2025-05-17 19:40:46Z INFO RunnerServer] EstablishVssConnection
[2025-05-17 19:40:46Z INFO RunnerServer] Establish connection with 100 seconds timeout.
[2025-05-17 19:40:47Z INFO GitHubActionsService] Starting operation Location.GetConnectionData
[2025-05-17 19:40:47Z INFO RunnerServer] EstablishVssConnection
[2025-05-17 19:40:47Z INFO RunnerServer] Establish connection with 60 seconds timeout.
[2025-05-17 19:40:47Z INFO GitHubActionsService] Starting operation Location.GetConnectionData
[2025-05-17 19:40:47Z INFO RunnerServer] EstablishVssConnection
[2025-05-17 19:40:47Z INFO RunnerServer] Establish connection with 60 seconds timeout.
[2025-05-17 19:40:47Z INFO GitHubActionsService] Starting operation Location.GetConnectionData
[2025-05-17 19:40:48Z INFO GitHubActionsService] Finished operation Location.GetConnectionData
[2025-05-17 19:40:48Z INFO GitHubActionsService] Finished operation Location.GetConnectionData
[2025-05-17 19:40:48Z INFO GitHubActionsService] Finished operation Location.GetConnectionData
[2025-05-17 19:40:48Z INFO MessageListener] VssConnection created
[2025-05-17 19:40:48Z INFO Terminal] WRITE LINE: 
[2025-05-17 19:40:48Z INFO Terminal] WRITE LINE: 
[2025-05-17 19:40:49Z INFO RSAFileKeyManager] Loading RSA key parameters from file /home/mustafa/sunum/actions-runner/.credentials_rsaparams
[2025-05-17 19:40:49Z INFO RSAFileKeyManager] Loading RSA key parameters from file /home/mustafa/sunum/actions-runner/.credentials_rsaparams
[2025-05-17 19:40:49Z INFO GitHubActionsService] AAD Correlation ID for this token request: Unknown
[2025-05-17 19:40:49Z INFO MessageListener] Session created.
[2025-05-17 19:40:49Z INFO MessageListener] Registering AuthMigrationChanged event handler.
[2025-05-17 19:40:49Z INFO Terminal] WRITE LINE: Current runner version: '2.324.0'
[2025-05-17 19:40:49Z INFO Terminal] WRITE LINE: 2025-05-17 19:40:49Z: Listening for Jobs
[2025-05-17 19:40:49Z INFO JobDispatcher] Set runner/worker IPC timeout to 30 seconds.
[2025-05-17 19:40:49Z INFO ConfigurationStore] HasCredentials()
[2025-05-17 19:40:49Z INFO ConfigurationStore] stored True
[2025-05-17 19:40:49Z INFO CredentialManager] GetCredentialProvider
[2025-05-17 19:40:49Z INFO CredentialManager] Creating type OAuth
[2025-05-17 19:40:49Z INFO CredentialManager] Creating credential type: OAuth
[2025-05-17 19:40:49Z INFO RSAFileKeyManager] Loading RSA key parameters from file /home/mustafa/sunum/actions-runner/.credentials_rsaparams
[2025-05-17 19:40:50Z INFO RSAFileKeyManager] Loading RSA key parameters from file /home/mustafa/sunum/actions-runner/.credentials_rsaparams
[2025-05-17 19:40:50Z INFO RSAFileKeyManager] Loading RSA key parameters from file /home/mustafa/sunum/actions-runner/.credentials_rsaparams
[2025-05-17 19:40:50Z INFO GitHubActionsService] AAD Correlation ID for this token request: Unknown
[2025-05-17 19:41:41Z INFO ConfigurationStore] HasCredentials()
[2025-05-17 19:41:41Z INFO ConfigurationStore] stored True
[2025-05-17 19:41:41Z INFO CredentialManager] GetCredentialProvider
[2025-05-17 19:41:41Z INFO CredentialManager] Creating type OAuth
[2025-05-17 19:41:41Z INFO CredentialManager] Creating credential type: OAuth
[2025-05-17 19:41:41Z INFO RSAFileKeyManager] Loading RSA key parameters from file /home/mustafa/sunum/actions-runner/.credentials_rsaparams
[2025-05-17 19:42:31Z INFO ConfigurationStore] HasCredentials()
[2025-05-17 19:42:31Z INFO ConfigurationStore] stored True
[2025-05-17 19:42:31Z INFO CredentialManager] GetCredentialProvider
[2025-05-17 19:42:31Z INFO CredentialManager] Creating type OAuth
[2025-05-17 19:42:31Z INFO CredentialManager] Creating credential type: OAuth
[2025-05-17 19:42:31Z INFO RSAFileKeyManager] Loading RSA key parameters from file /home/mustafa/sunum/actions-runner/.credentials_rsaparams
[2025-05-17 19:43:21Z INFO ConfigurationStore] HasCredentials()
[2025-05-17 19:43:21Z INFO ConfigurationStore] stored True
[2025-05-17 19:43:21Z INFO CredentialManager] GetCredentialProvider
[2025-05-17 19:43:21Z INFO CredentialManager] Creating type OAuth
[2025-05-17 19:43:21Z INFO CredentialManager] Creating credential type: OAuth
[2025-05-17 19:43:21Z INFO RSAFileKeyManager] Loading RSA key parameters from file /home/mustafa/sunum/actions-runner/.credentials_rsaparams
[2025-05-17 19:44:12Z INFO ConfigurationStore] HasCredentials()
[2025-05-17 19:44:12Z INFO ConfigurationStore] stored True
[2025-05-17 19:44:12Z INFO CredentialManager] GetCredentialProvider
[2025-05-17 19:44:12Z INFO CredentialManager] Creating type OAuth
[2025-05-17 19:44:12Z INFO CredentialManager] Creating credential type: OAuth
[2025-05-17 19:44:12Z INFO RSAFileKeyManager] Loading RSA key parameters from file /home/mustafa/sunum/actions-runner/.credentials_rsaparams
[2025-05-17 19:45:02Z INFO ConfigurationStore] HasCredentials()
[2025-05-17 19:45:02Z INFO ConfigurationStore] stored True
[2025-05-17 19:45:02Z INFO CredentialManager] GetCredentialProvider
[2025-05-17 19:45:02Z INFO CredentialManager] Creating type OAuth
[2025-05-17 19:45:02Z INFO CredentialManager] Creating credential type: OAuth
[2025-05-17 19:45:02Z INFO RSAFileKeyManager] Loading RSA key parameters from file /home/mustafa/sunum/actions-runner/.credentials_rsaparams
[2025-05-17 19:45:53Z INFO ConfigurationStore] HasCredentials()
[2025-05-17 19:45:53Z INFO ConfigurationStore] stored True
[2025-05-17 19:45:53Z INFO CredentialManager] GetCredentialProvider
[2025-05-17 19:45:53Z INFO CredentialManager] Creating type OAuth
[2025-05-17 19:45:53Z INFO CredentialManager] Creating credential type: OAuth
[2025-05-17 19:45:53Z INFO RSAFileKeyManager] Loading RSA key parameters from file /home/mustafa/sunum/actions-runner/.credentials_rsaparams
[2025-05-17 19:46:43Z INFO ConfigurationStore] HasCredentials()
[2025-05-17 19:46:43Z INFO ConfigurationStore] stored True
[2025-05-17 19:46:43Z INFO CredentialManager] GetCredentialProvider
[2025-05-17 19:46:43Z INFO CredentialManager] Creating type OAuth
[2025-05-17 19:46:43Z INFO CredentialManager] Creating credential type: OAuth
[2025-05-17 19:46:43Z INFO RSAFileKeyManager] Loading RSA key parameters from file /home/mustafa/sunum/actions-runner/.credentials_rsaparams
[2025-05-17 19:47:33Z INFO ConfigurationStore] HasCredentials()
[2025-05-17 19:47:33Z INFO ConfigurationStore] stored True
[2025-05-17 19:47:33Z INFO CredentialManager] GetCredentialProvider
[2025-05-17 19:47:33Z INFO CredentialManager] Creating type OAuth
[2025-05-17 19:47:33Z INFO CredentialManager] Creating credential type: OAuth
[2025-05-17 19:47:33Z INFO RSAFileKeyManager] Loading RSA key parameters from file /home/mustafa/sunum/actions-runner/.credentials_rsaparams
[2025-05-17 19:48:24Z INFO ConfigurationStore] HasCredentials()
[2025-05-17 19:48:24Z INFO ConfigurationStore] stored True
[2025-05-17 19:48:24Z INFO CredentialManager] GetCredentialProvider
[2025-05-17 19:48:24Z INFO CredentialManager] Creating type OAuth
[2025-05-17 19:48:24Z INFO CredentialManager] Creating credential type: OAuth
[2025-05-17 19:48:24Z INFO RSAFileKeyManager] Loading RSA key parameters from file /home/mustafa/sunum/actions-runner/.credentials_rsaparams
[2025-05-17 19:49:14Z INFO ConfigurationStore] HasCredentials()
[2025-05-17 19:49:14Z INFO ConfigurationStore] stored True
[2025-05-17 19:49:14Z INFO CredentialManager] GetCredentialProvider
[2025-05-17 19:49:14Z INFO CredentialManager] Creating type OAuth
[2025-05-17 19:49:14Z INFO CredentialManager] Creating credential type: OAuth
[2025-05-17 19:49:14Z INFO RSAFileKeyManager] Loading RSA key parameters from file /home/mustafa/sunum/actions-runner/.credentials_rsaparams
[2025-05-17 19:50:04Z INFO ConfigurationStore] HasCredentials()
[2025-05-17 19:50:04Z INFO ConfigurationStore] stored True
[2025-05-17 19:50:04Z INFO CredentialManager] GetCredentialProvider
[2025-05-17 19:50:04Z INFO CredentialManager] Creating type OAuth
[2025-05-17 19:50:04Z INFO CredentialManager] Creating credential type: OAuth
[2025-05-17 19:50:04Z INFO RSAFileKeyManager] Loading RSA key parameters from file /home/mustafa/sunum/actions-runner/.credentials_rsaparams
[2025-05-17 19:50:55Z INFO ConfigurationStore] HasCredentials()
[2025-05-17 19:50:55Z INFO ConfigurationStore] stored True
[2025-05-17 19:50:55Z INFO CredentialManager] GetCredentialProvider
[2025-05-17 19:50:55Z INFO CredentialManager] Creating type OAuth
[2025-05-17 19:50:55Z INFO CredentialManager] Creating credential type: OAuth
[2025-05-17 19:50:55Z INFO RSAFileKeyManager] Loading RSA key parameters from file /home/mustafa/sunum/actions-runner/.credentials_rsaparams
[2025-05-17 19:51:45Z INFO ConfigurationStore] HasCredentials()
[2025-05-17 19:51:45Z INFO ConfigurationStore] stored True
[2025-05-17 19:51:45Z INFO CredentialManager] GetCredentialProvider
[2025-05-17 19:51:45Z INFO CredentialManager] Creating type OAuth
[2025-05-17 19:51:45Z INFO CredentialManager] Creating credential type: OAuth
[2025-05-17 19:51:45Z INFO RSAFileKeyManager] Loading RSA key parameters from file /home/mustafa/sunum/actions-runner/.credentials_rsaparams
[2025-05-17 19:52:35Z INFO ConfigurationStore] HasCredentials()
[2025-05-17 19:52:35Z INFO ConfigurationStore] stored True
[2025-05-17 19:52:35Z INFO CredentialManager] GetCredentialProvider
[2025-05-17 19:52:35Z INFO CredentialManager] Creating type OAuth
[2025-05-17 19:52:35Z INFO CredentialManager] Creating credential type: OAuth
[2025-05-17 19:52:35Z INFO RSAFileKeyManager] Loading RSA key parameters from file /home/mustafa/sunum/actions-runner/.credentials_rsaparams
[2025-05-17 19:53:26Z INFO ConfigurationStore] HasCredentials()
[2025-05-17 19:53:26Z INFO ConfigurationStore] stored True
[2025-05-17 19:53:26Z INFO CredentialManager] GetCredentialProvider
[2025-05-17 19:53:26Z INFO CredentialManager] Creating type OAuth
[2025-05-17 19:53:26Z INFO CredentialManager] Creating credential type: OAuth
[2025-05-17 19:53:26Z INFO RSAFileKeyManager] Loading RSA key parameters from file /home/mustafa/sunum/actions-runner/.credentials_rsaparams
[2025-05-17 19:54:16Z INFO ConfigurationStore] HasCredentials()
[2025-05-17 19:54:16Z INFO ConfigurationStore] stored True
[2025-05-17 19:54:16Z INFO CredentialManager] GetCredentialProvider
[2025-05-17 19:54:16Z INFO CredentialManager] Creating type OAuth
[2025-05-17 19:54:16Z INFO CredentialManager] Creating credential type: OAuth
[2025-05-17 19:54:16Z INFO RSAFileKeyManager] Loading RSA key parameters from file /home/mustafa/sunum/actions-runner/.credentials_rsaparams
[2025-05-17 19:55:06Z INFO ConfigurationStore] HasCredentials()
[2025-05-17 19:55:06Z INFO ConfigurationStore] stored True
[2025-05-17 19:55:06Z INFO CredentialManager] GetCredentialProvider
[2025-05-17 19:55:06Z INFO CredentialManager] Creating type OAuth
[2025-05-17 19:55:06Z INFO CredentialManager] Creating credential type: OAuth
[2025-05-17 19:55:06Z INFO RSAFileKeyManager] Loading RSA key parameters from file /home/mustafa/sunum/actions-runner/.credentials_rsaparams
[2025-05-17 19:55:57Z INFO ConfigurationStore] HasCredentials()
[2025-05-17 19:55:57Z INFO ConfigurationStore] stored True
[2025-05-17 19:55:57Z INFO CredentialManager] GetCredentialProvider
[2025-05-17 19:55:57Z INFO CredentialManager] Creating type OAuth
[2025-05-17 19:55:57Z INFO CredentialManager] Creating credential type: OAuth
[2025-05-17 19:55:57Z INFO RSAFileKeyManager] Loading RSA key parameters from file /home/mustafa/sunum/actions-runner/.credentials_rsaparams
[2025-05-17 19:56:47Z INFO ConfigurationStore] HasCredentials()
[2025-05-17 19:56:47Z INFO ConfigurationStore] stored True
[2025-05-17 19:56:47Z INFO CredentialManager] GetCredentialProvider
[2025-05-17 19:56:47Z INFO CredentialManager] Creating type OAuth
[2025-05-17 19:56:47Z INFO CredentialManager] Creating credential type: OAuth
[2025-05-17 19:56:47Z INFO RSAFileKeyManager] Loading RSA key parameters from file /home/mustafa/sunum/actions-runner/.credentials_rsaparams
[2025-05-17 19:57:37Z INFO ConfigurationStore] HasCredentials()
[2025-05-17 19:57:37Z INFO ConfigurationStore] stored True
[2025-05-17 19:57:37Z INFO CredentialManager] GetCredentialProvider
[2025-05-17 19:57:37Z INFO CredentialManager] Creating type OAuth
[2025-05-17 19:57:37Z INFO CredentialManager] Creating credential type: OAuth
[2025-05-17 19:57:37Z INFO RSAFileKeyManager] Loading RSA key parameters from file /home/mustafa/sunum/actions-runner/.credentials_rsaparams
[2025-05-17 19:58:28Z INFO ConfigurationStore] HasCredentials()
[2025-05-17 19:58:28Z INFO ConfigurationStore] stored True
[2025-05-17 19:58:28Z INFO CredentialManager] GetCredentialProvider
[2025-05-17 19:58:28Z INFO CredentialManager] Creating type OAuth
[2025-05-17 19:58:28Z INFO CredentialManager] Creating credential type: OAuth
[2025-05-17 19:58:28Z INFO RSAFileKeyManager] Loading RSA key parameters from file /home/mustafa/sunum/actions-runner/.credentials_rsaparams
[2025-05-17 19:59:18Z INFO ConfigurationStore] HasCredentials()
[2025-05-17 19:59:18Z INFO ConfigurationStore] stored True
[2025-05-17 19:59:18Z INFO CredentialManager] GetCredentialProvider
[2025-05-17 19:59:18Z INFO CredentialManager] Creating type OAuth
[2025-05-17 19:59:18Z INFO CredentialManager] Creating credential type: OAuth
[2025-05-17 19:59:18Z INFO RSAFileKeyManager] Loading RSA key parameters from file /home/mustafa/sunum/actions-runner/.credentials_rsaparams
[2025-05-17 20:00:08Z INFO ConfigurationStore] HasCredentials()
[2025-05-17 20:00:08Z INFO ConfigurationStore] stored True
[2025-05-17 20:00:08Z INFO CredentialManager] GetCredentialProvider
[2025-05-17 20:00:08Z INFO CredentialManager] Creating type OAuth
[2025-05-17 20:00:08Z INFO CredentialManager] Creating credential type: OAuth
[2025-05-17 20:00:08Z INFO RSAFileKeyManager] Loading RSA key parameters from file /home/mustafa/sunum/actions-runner/.credentials_rsaparams
[2025-05-17 20:00:59Z INFO ConfigurationStore] HasCredentials()
[2025-05-17 20:00:59Z INFO ConfigurationStore] stored True
[2025-05-17 20:00:59Z INFO CredentialManager] GetCredentialProvider
[2025-05-17 20:00:59Z INFO CredentialManager] Creating type OAuth
[2025-05-17 20:00:59Z INFO CredentialManager] Creating credential type: OAuth
[2025-05-17 20:00:59Z INFO RSAFileKeyManager] Loading RSA key parameters from file /home/mustafa/sunum/actions-runner/.credentials_rsaparams
[2025-05-17 20:01:49Z INFO ConfigurationStore] HasCredentials()
[2025-05-17 20:01:49Z INFO ConfigurationStore] stored True
[2025-05-17 20:01:49Z INFO CredentialManager] GetCredentialProvider
[2025-05-17 20:01:49Z INFO CredentialManager] Creating type OAuth
[2025-05-17 20:01:49Z INFO CredentialManager] Creating credential type: OAuth
[2025-05-17 20:01:49Z INFO RSAFileKeyManager] Loading RSA key parameters from file /home/mustafa/sunum/actions-runner/.credentials_rsaparams
[2025-05-17 20:02:40Z INFO ConfigurationStore] HasCredentials()
[2025-05-17 20:02:40Z INFO ConfigurationStore] stored True
[2025-05-17 20:02:40Z INFO CredentialManager] GetCredentialProvider
[2025-05-17 20:02:40Z INFO CredentialManager] Creating type OAuth
[2025-05-17 20:02:40Z INFO CredentialManager] Creating credential type: OAuth
[2025-05-17 20:02:40Z INFO RSAFileKeyManager] Loading RSA key parameters from file /home/mustafa/sunum/actions-runner/.credentials_rsaparams
[2025-05-17 20:03:30Z INFO ConfigurationStore] HasCredentials()
[2025-05-17 20:03:30Z INFO ConfigurationStore] stored True
[2025-05-17 20:03:30Z INFO CredentialManager] GetCredentialProvider
[2025-05-17 20:03:30Z INFO CredentialManager] Creating type OAuth
[2025-05-17 20:03:30Z INFO CredentialManager] Creating credential type: OAuth
[2025-05-17 20:03:30Z INFO RSAFileKeyManager] Loading RSA key parameters from file /home/mustafa/sunum/actions-runner/.credentials_rsaparams
[2025-05-17 20:04:20Z INFO ConfigurationStore] HasCredentials()
[2025-05-17 20:04:20Z INFO ConfigurationStore] stored True
[2025-05-17 20:04:20Z INFO CredentialManager] GetCredentialProvider
[2025-05-17 20:04:20Z INFO CredentialManager] Creating type OAuth
[2025-05-17 20:04:20Z INFO CredentialManager] Creating credential type: OAuth
[2025-05-17 20:04:20Z INFO RSAFileKeyManager] Loading RSA key parameters from file /home/mustafa/sunum/actions-runner/.credentials_rsaparams
[2025-05-17 20:05:11Z INFO ConfigurationStore] HasCredentials()
[2025-05-17 20:05:11Z INFO ConfigurationStore] stored True
[2025-05-17 20:05:11Z INFO CredentialManager] GetCredentialProvider
[2025-05-17 20:05:11Z INFO CredentialManager] Creating type OAuth
[2025-05-17 20:05:11Z INFO CredentialManager] Creating credential type: OAuth
[2025-05-17 20:05:11Z INFO RSAFileKeyManager] Loading RSA key parameters from file /home/mustafa/sunum/actions-runner/.credentials_rsaparams
[2025-05-17 20:06:01Z INFO ConfigurationStore] HasCredentials()
[2025-05-17 20:06:01Z INFO ConfigurationStore] stored True
[2025-05-17 20:06:01Z INFO CredentialManager] GetCredentialProvider
[2025-05-17 20:06:01Z INFO CredentialManager] Creating type OAuth
[2025-05-17 20:06:01Z INFO CredentialManager] Creating credential type: OAuth
[2025-05-17 20:06:01Z INFO RSAFileKeyManager] Loading RSA key parameters from file /home/mustafa/sunum/actions-runner/.credentials_rsaparams
[2025-05-17 20:06:51Z INFO ConfigurationStore] HasCredentials()
[2025-05-17 20:06:51Z INFO ConfigurationStore] stored True
[2025-05-17 20:06:51Z INFO CredentialManager] GetCredentialProvider
[2025-05-17 20:06:51Z INFO CredentialManager] Creating type OAuth
[2025-05-17 20:06:51Z INFO CredentialManager] Creating credential type: OAuth
[2025-05-17 20:06:51Z INFO RSAFileKeyManager] Loading RSA key parameters from file /home/mustafa/sunum/actions-runner/.credentials_rsaparams
[2025-05-17 20:07:42Z INFO ConfigurationStore] HasCredentials()
[2025-05-17 20:07:42Z INFO ConfigurationStore] stored True
[2025-05-17 20:07:42Z INFO CredentialManager] GetCredentialProvider
[2025-05-17 20:07:42Z INFO CredentialManager] Creating type OAuth
[2025-05-17 20:07:42Z INFO CredentialManager] Creating credential type: OAuth
[2025-05-17 20:07:42Z INFO RSAFileKeyManager] Loading RSA key parameters from file /home/mustafa/sunum/actions-runner/.credentials_rsaparams
[2025-05-17 20:08:32Z INFO ConfigurationStore] HasCredentials()
[2025-05-17 20:08:32Z INFO ConfigurationStore] stored True
[2025-05-17 20:08:32Z INFO CredentialManager] GetCredentialProvider
[2025-05-17 20:08:32Z INFO CredentialManager] Creating type OAuth
[2025-05-17 20:08:32Z INFO CredentialManager] Creating credential type: OAuth
[2025-05-17 20:08:32Z INFO RSAFileKeyManager] Loading RSA key parameters from file /home/mustafa/sunum/actions-runner/.credentials_rsaparams
[2025-05-17 20:09:22Z INFO ConfigurationStore] HasCredentials()
[2025-05-17 20:09:22Z INFO ConfigurationStore] stored True
[2025-05-17 20:09:22Z INFO CredentialManager] GetCredentialProvider
[2025-05-17 20:09:22Z INFO CredentialManager] Creating type OAuth
[2025-05-17 20:09:22Z INFO CredentialManager] Creating credential type: OAuth
[2025-05-17 20:09:22Z INFO RSAFileKeyManager] Loading RSA key parameters from file /home/mustafa/sunum/actions-runner/.credentials_rsaparams
[2025-05-17 20:10:13Z INFO ConfigurationStore] HasCredentials()
[2025-05-17 20:10:13Z INFO ConfigurationStore] stored True
[2025-05-17 20:10:13Z INFO CredentialManager] GetCredentialProvider
[2025-05-17 20:10:13Z INFO CredentialManager] Creating type OAuth
[2025-05-17 20:10:13Z INFO CredentialManager] Creating credential type: OAuth
[2025-05-17 20:10:13Z INFO RSAFileKeyManager] Loading RSA key parameters from file /home/mustafa/sunum/actions-runner/.credentials_rsaparams
[2025-05-17 20:11:03Z INFO MessageListener] No message retrieved from session '5617dab8-0440-4179-828e-bb62a70b8d2c' within last 30 minutes.
[2025-05-17 20:11:03Z INFO ConfigurationStore] HasCredentials()
[2025-05-17 20:11:03Z INFO ConfigurationStore] stored True
[2025-05-17 20:11:03Z INFO CredentialManager] GetCredentialProvider
[2025-05-17 20:11:03Z INFO CredentialManager] Creating type OAuth
[2025-05-17 20:11:03Z INFO CredentialManager] Creating credential type: OAuth
[2025-05-17 20:11:03Z INFO RSAFileKeyManager] Loading RSA key parameters from file /home/mustafa/sunum/actions-runner/.credentials_rsaparams
