[2025-05-17 17:00:36Z INFO HostContext] No proxy settings were found based on environmental variables (http_proxy/https_proxy/HTTP_PROXY/HTTPS_PROXY)
[2025-05-17 17:00:36Z INFO HostContext] Well known directory 'Bin': '/home/mustafa/sunum/actions-runner/bin'
[2025-05-17 17:00:36Z INFO HostContext] Well known directory 'Root': '/home/mustafa/sunum/actions-runner'
[2025-05-17 17:00:36Z INFO HostContext] Well known config file 'Credentials': '/home/mustafa/sunum/actions-runner/.credentials'
[2025-05-17 17:00:36Z INFO HostContext] Well known directory 'Bin': '/home/mustafa/sunum/actions-runner/bin'
[2025-05-17 17:00:36Z INFO HostContext] Well known directory 'Root': '/home/mustafa/sunum/actions-runner'
[2025-05-17 17:00:36Z INFO HostContext] Well known config file 'Runner': '/home/mustafa/sunum/actions-runner/.runner'
[2025-05-17 17:00:36Z INFO Listener] Runner is built for Linux (X64) - linux-x64.
[2025-05-17 17:00:36Z INFO Listener] RuntimeInformation: Ubuntu 24.04.2 LTS.
[2025-05-17 17:00:36Z INFO Listener] Version: 2.324.0
[2025-05-17 17:00:36Z INFO Listener] Commit: da3412efd49b1cf1a0fbdcbcee4e4ac4cc2177c8
[2025-05-17 17:00:36Z INFO Listener] Culture: tr-TR
[2025-05-17 17:00:36Z INFO Listener] UI Culture: tr-TR
[2025-05-17 17:00:36Z INFO HostContext] Well known directory 'Bin': '/home/mustafa/sunum/actions-runner/bin'
[2025-05-17 17:00:36Z INFO HostContext] Well known directory 'Root': '/home/mustafa/sunum/actions-runner'
[2025-05-17 17:00:36Z INFO Listener] Validating directory permissions for: '/home/mustafa/sunum/actions-runner'
[2025-05-17 17:00:36Z INFO CommandLineParser] Parse
[2025-05-17 17:00:36Z INFO CommandLineParser] Parsing 5 args
[2025-05-17 17:00:36Z INFO CommandLineParser] parsing argument
[2025-05-17 17:00:36Z INFO CommandLineParser] HasArgs: False
[2025-05-17 17:00:36Z INFO CommandLineParser] Adding Command: configure
[2025-05-17 17:00:36Z INFO CommandLineParser] parsing argument
[2025-05-17 17:00:36Z INFO CommandLineParser] HasArgs: True
[2025-05-17 17:00:36Z INFO CommandLineParser] arg: url
[2025-05-17 17:00:36Z INFO CommandLineParser] parsing argument
[2025-05-17 17:00:36Z INFO CommandLineParser] HasArgs: True
[2025-05-17 17:00:36Z INFO CommandLineParser] Adding option 'url': 'https://github.com/mustafa010223/sunum'
[2025-05-17 17:00:36Z INFO CommandLineParser] parsing argument
[2025-05-17 17:00:36Z INFO CommandLineParser] HasArgs: True
[2025-05-17 17:00:36Z INFO CommandLineParser] arg: token
[2025-05-17 17:00:36Z INFO CommandLineParser] parsing argument
[2025-05-17 17:00:36Z INFO CommandLineParser] HasArgs: True
[2025-05-17 17:00:36Z INFO CommandLineParser] Adding option 'token': '***'
[2025-05-17 17:00:36Z INFO Listener] Arguments parsed
[2025-05-17 17:00:36Z INFO Runner] ExecuteCommand
[2025-05-17 17:00:36Z INFO ConfigurationStore] currentAssemblyLocation: /home/mustafa/sunum/actions-runner/bin/Runner.Listener.dll
[2025-05-17 17:00:36Z INFO HostContext] Well known directory 'Bin': '/home/mustafa/sunum/actions-runner/bin'
[2025-05-17 17:00:36Z INFO ConfigurationStore] binPath: /home/mustafa/sunum/actions-runner/bin
[2025-05-17 17:00:36Z INFO HostContext] Well known directory 'Bin': '/home/mustafa/sunum/actions-runner/bin'
[2025-05-17 17:00:36Z INFO HostContext] Well known directory 'Root': '/home/mustafa/sunum/actions-runner'
[2025-05-17 17:00:36Z INFO ConfigurationStore] RootFolder: /home/mustafa/sunum/actions-runner
[2025-05-17 17:00:36Z INFO HostContext] Well known directory 'Bin': '/home/mustafa/sunum/actions-runner/bin'
[2025-05-17 17:00:36Z INFO HostContext] Well known directory 'Root': '/home/mustafa/sunum/actions-runner'
[2025-05-17 17:00:36Z INFO HostContext] Well known config file 'Runner': '/home/mustafa/sunum/actions-runner/.runner'
[2025-05-17 17:00:36Z INFO ConfigurationStore] ConfigFilePath: /home/mustafa/sunum/actions-runner/.runner
[2025-05-17 17:00:36Z INFO HostContext] Well known directory 'Bin': '/home/mustafa/sunum/actions-runner/bin'
[2025-05-17 17:00:36Z INFO HostContext] Well known directory 'Root': '/home/mustafa/sunum/actions-runner'
[2025-05-17 17:00:36Z INFO HostContext] Well known config file 'MigratedRunner': '/home/mustafa/sunum/actions-runner/.runner_migrated'
[2025-05-17 17:00:36Z INFO ConfigurationStore] MigratedConfigFilePath: /home/mustafa/sunum/actions-runner/.runner_migrated
[2025-05-17 17:00:36Z INFO HostContext] Well known directory 'Bin': '/home/mustafa/sunum/actions-runner/bin'
[2025-05-17 17:00:36Z INFO HostContext] Well known directory 'Root': '/home/mustafa/sunum/actions-runner'
[2025-05-17 17:00:36Z INFO HostContext] Well known config file 'Credentials': '/home/mustafa/sunum/actions-runner/.credentials'
[2025-05-17 17:00:36Z INFO ConfigurationStore] CredFilePath: /home/mustafa/sunum/actions-runner/.credentials
[2025-05-17 17:00:36Z INFO HostContext] Well known directory 'Bin': '/home/mustafa/sunum/actions-runner/bin'
[2025-05-17 17:00:36Z INFO HostContext] Well known directory 'Root': '/home/mustafa/sunum/actions-runner'
[2025-05-17 17:00:36Z INFO HostContext] Well known config file 'MigratedCredentials': '/home/mustafa/sunum/actions-runner/.credentials_migrated'
[2025-05-17 17:00:36Z INFO ConfigurationStore] MigratedCredFilePath: /home/mustafa/sunum/actions-runner/.credentials_migrated
[2025-05-17 17:00:36Z INFO HostContext] Well known directory 'Bin': '/home/mustafa/sunum/actions-runner/bin'
[2025-05-17 17:00:36Z INFO HostContext] Well known directory 'Root': '/home/mustafa/sunum/actions-runner'
[2025-05-17 17:00:36Z INFO HostContext] Well known config file 'Service': '/home/mustafa/sunum/actions-runner/.service'
[2025-05-17 17:00:36Z INFO ConfigurationStore] ServiceConfigFilePath: /home/mustafa/sunum/actions-runner/.service
[2025-05-17 17:00:36Z INFO CommandSettings] Flag 'help': 'False'
[2025-05-17 17:00:36Z INFO CommandSettings] Flag 'version': 'False'
[2025-05-17 17:00:36Z INFO CommandSettings] Flag 'commit': 'False'
[2025-05-17 17:00:36Z INFO CommandSettings] Flag 'check': 'False'
[2025-05-17 17:00:36Z INFO CommandSettings] Command 'configure': 'True'
[2025-05-17 17:00:36Z INFO Terminal] WRITE LINE: 
[2025-05-17 17:00:36Z INFO Terminal] WRITE LINE: --------------------------------------------------------------------------------
[2025-05-17 17:00:36Z INFO Terminal] WRITE LINE: |        ____ _ _   _   _       _          _        _   _                      |
[2025-05-17 17:00:36Z INFO Terminal] WRITE LINE: |       / ___(_) |_| | | |_   _| |__      / \   ___| |_(_) ___  _ __  ___      |
[2025-05-17 17:00:36Z INFO Terminal] WRITE LINE: |      | |  _| | __| |_| | | | | '_ \    / _ \ / __| __| |/ _ \| '_ \/ __|     |
[2025-05-17 17:00:36Z INFO Terminal] WRITE LINE: |      | |_| | | |_|  _  | |_| | |_) |  / ___ \ (__| |_| | (_) | | | \__ \     |
[2025-05-17 17:00:36Z INFO Terminal] WRITE LINE: |       \____|_|\__|_| |_|\__,_|_.__/  /_/   \_\___|\__|_|\___/|_| |_|___/     |
[2025-05-17 17:00:36Z INFO Terminal] WRITE LINE: |                                                                              |
[2025-05-17 17:00:36Z INFO Terminal] WRITE: |                       
[2025-05-17 17:00:36Z INFO Terminal] WRITE: Self-hosted runner registration
[2025-05-17 17:00:36Z INFO Terminal] WRITE LINE:                         |
[2025-05-17 17:00:36Z INFO Terminal] WRITE LINE: |                                                                              |
[2025-05-17 17:00:36Z INFO Terminal] WRITE LINE: --------------------------------------------------------------------------------
[2025-05-17 17:00:36Z INFO ConfigurationManager] ConfigureAsync
[2025-05-17 17:00:36Z INFO CommandSettings] Flag 'generateServiceConfig': 'False'
[2025-05-17 17:00:36Z INFO ConfigurationStore] IsConfigured()
[2025-05-17 17:00:36Z INFO ConfigurationStore] IsConfigured: False
[2025-05-17 17:00:36Z INFO ConfigurationManager] Is configured: False
[2025-05-17 17:00:36Z INFO CommandSettings] Arg 'url': 'https://github.com/mustafa010223/sunum'
[2025-05-17 17:00:36Z INFO CommandSettings] Remove url from Arg dictionary.
[2025-05-17 17:00:36Z INFO CommandSettings] Arg 'token': '***'
[2025-05-17 17:00:36Z INFO CommandSettings] Remove token from Arg dictionary.
[2025-05-17 17:00:37Z INFO ConfigurationManager] Http response code: OK from 'POST https://api.github.com/actions/runner-registration' (04B2:3B45E3:399CAF0:3BAD1C8:6828C0B4)
[2025-05-17 17:00:37Z INFO ConfigurationManager] Using V2 flow: False
[2025-05-17 17:00:37Z INFO ConfigurationManager] cred retrieved via GitHub auth
[2025-05-17 17:00:37Z INFO RunnerServer] EstablishVssConnection
[2025-05-17 17:00:37Z INFO RunnerServer] Establish connection with 100 seconds timeout.
[2025-05-17 17:00:37Z INFO GitHubActionsService] Starting operation Location.GetConnectionData
[2025-05-17 17:00:37Z INFO RunnerServer] EstablishVssConnection
[2025-05-17 17:00:37Z INFO RunnerServer] Establish connection with 60 seconds timeout.
[2025-05-17 17:00:37Z INFO GitHubActionsService] Starting operation Location.GetConnectionData
[2025-05-17 17:00:37Z INFO RunnerServer] EstablishVssConnection
[2025-05-17 17:00:37Z INFO RunnerServer] Establish connection with 60 seconds timeout.
[2025-05-17 17:00:37Z INFO GitHubActionsService] Starting operation Location.GetConnectionData
[2025-05-17 17:00:37Z INFO GitHubActionsService] Finished operation Location.GetConnectionData
[2025-05-17 17:00:37Z INFO GitHubActionsService] Finished operation Location.GetConnectionData
[2025-05-17 17:00:37Z INFO GitHubActionsService] Finished operation Location.GetConnectionData
[2025-05-17 17:00:38Z INFO Terminal] WRITE LINE: 
[2025-05-17 17:00:38Z INFO ConfigurationManager] Test Connection complete.
[2025-05-17 17:00:38Z INFO HostContext] Well known directory 'Bin': '/home/mustafa/sunum/actions-runner/bin'
[2025-05-17 17:00:38Z INFO HostContext] Well known directory 'Root': '/home/mustafa/sunum/actions-runner'
[2025-05-17 17:00:38Z INFO HostContext] Well known config file 'RSACredentials': '/home/mustafa/sunum/actions-runner/.credentials_rsaparams'
[2025-05-17 17:00:38Z INFO RSAFileKeyManager] Creating new RSA key using 2048-bit key length
[2025-05-17 17:00:38Z INFO RSAFileKeyManager] Successfully saved RSA key parameters to file /home/mustafa/sunum/actions-runner/.credentials_rsaparams
[2025-05-17 17:00:38Z INFO RSAFileKeyManager] Which2: 'chmod'
[2025-05-17 17:00:38Z INFO RSAFileKeyManager] Location: '/usr/bin/chmod'
[2025-05-17 17:00:38Z INFO HostContext] Well known directory 'Bin': '/home/mustafa/sunum/actions-runner/bin'
[2025-05-17 17:00:38Z INFO HostContext] Well known directory 'Root': '/home/mustafa/sunum/actions-runner'
[2025-05-17 17:00:38Z INFO ProcessInvokerWrapper] Starting process:
[2025-05-17 17:00:38Z INFO ProcessInvokerWrapper]   File name: '/usr/bin/chmod'
[2025-05-17 17:00:38Z INFO ProcessInvokerWrapper]   Arguments: '600 /home/mustafa/sunum/actions-runner/.credentials_rsaparams'
[2025-05-17 17:00:38Z INFO ProcessInvokerWrapper]   Working directory: '/home/mustafa/sunum/actions-runner'
[2025-05-17 17:00:38Z INFO ProcessInvokerWrapper]   Require exit code zero: 'False'
[2025-05-17 17:00:38Z INFO ProcessInvokerWrapper]   Encoding web name:  ; code page: ''
[2025-05-17 17:00:38Z INFO ProcessInvokerWrapper]   Force kill process on cancellation: 'False'
[2025-05-17 17:00:38Z INFO ProcessInvokerWrapper]   Redirected STDIN: 'False'
[2025-05-17 17:00:38Z INFO ProcessInvokerWrapper]   Persist current code page: 'False'
[2025-05-17 17:00:38Z INFO ProcessInvokerWrapper]   Keep redirected STDIN open: 'False'
[2025-05-17 17:00:38Z INFO ProcessInvokerWrapper]   High priority process: 'False'
[2025-05-17 17:00:38Z INFO ProcessInvokerWrapper] Process started with process id 118833, waiting for process exit.
[2025-05-17 17:00:38Z INFO ProcessInvokerWrapper] STDOUT/STDERR stream read finished.
[2025-05-17 17:00:38Z INFO ProcessInvokerWrapper] STDOUT/STDERR stream read finished.
[2025-05-17 17:00:38Z INFO ProcessInvokerWrapper] Finished process 118833 with exit code 0, and elapsed time 00:00:00.0070780.
[2025-05-17 17:00:38Z INFO RSAFileKeyManager] Successfully set permissions for RSA key parameters file /home/mustafa/sunum/actions-runner/.credentials_rsaparams
[2025-05-17 17:00:38Z INFO CommandSettings] Arg 'runnergroup': ''
[2025-05-17 17:00:38Z INFO CommandSettings] Flag 'unattended': 'False'
[2025-05-17 17:00:38Z INFO PromptManager] ReadValue
[2025-05-17 17:00:38Z INFO Terminal] WRITE: Enter the name of the runner group to add this runner to: 
[2025-05-17 17:00:38Z INFO Terminal] WRITE: [press Enter for Default] 
[2025-05-17 17:00:38Z INFO Terminal] READ LINE
[2025-05-17 17:00:43Z INFO Terminal] Read value: ''
[2025-05-17 17:00:43Z INFO PromptManager] Falling back to the default: 'Default'
[2025-05-17 17:00:43Z INFO Terminal] WRITE LINE: 
[2025-05-17 17:00:43Z INFO ConfigurationManager] Found a self-hosted runner group with id 1 and name Default
[2025-05-17 17:00:43Z INFO CommandSettings] Flag 'disableupdate': 'False'
[2025-05-17 17:00:43Z INFO CommandSettings] Flag 'ephemeral': 'False'
[2025-05-17 17:00:43Z INFO CommandSettings] Arg 'name': ''
[2025-05-17 17:00:43Z INFO CommandSettings] Flag 'unattended': 'False'
[2025-05-17 17:00:43Z INFO PromptManager] ReadValue
[2025-05-17 17:00:43Z INFO Terminal] WRITE: Enter the name of runner: 
[2025-05-17 17:00:43Z INFO Terminal] WRITE: [press Enter for k3s-server] 
[2025-05-17 17:00:43Z INFO Terminal] READ LINE
[2025-05-17 17:00:44Z INFO Terminal] Read value: ''
[2025-05-17 17:00:44Z INFO PromptManager] Falling back to the default: 'k3s-server'
[2025-05-17 17:00:44Z INFO Terminal] WRITE LINE: 
[2025-05-17 17:00:44Z INFO CommandSettings] Arg 'labels': ''
[2025-05-17 17:00:44Z INFO CommandSettings] Flag 'unattended': 'False'
[2025-05-17 17:00:44Z INFO PromptManager] ReadValue
[2025-05-17 17:00:44Z INFO Terminal] WRITE: This runner will have the following labels: 'self-hosted', 'Linux', 'X64' 
Enter any additional labels (ex. label-1,label-2): 
[2025-05-17 17:00:44Z INFO Terminal] WRITE: [press Enter to skip] 
[2025-05-17 17:00:44Z INFO Terminal] READ LINE
[2025-05-17 17:00:45Z INFO Terminal] Read value: ''
[2025-05-17 17:00:45Z INFO Terminal] WRITE LINE: 
[2025-05-17 17:00:45Z INFO Terminal] WRITE LINE: A runner exists with the same name
[2025-05-17 17:00:45Z INFO CommandSettings] Flag 'replace': 'False'
[2025-05-17 17:00:45Z INFO CommandSettings] Flag 'unattended': 'False'
[2025-05-17 17:00:45Z INFO PromptManager] ReadValue
[2025-05-17 17:00:45Z INFO Terminal] WRITE: Would you like to replace the existing runner? (Y/N) 
[2025-05-17 17:00:45Z INFO Terminal] WRITE: [press Enter for N] 
[2025-05-17 17:00:45Z INFO Terminal] READ LINE
[2025-05-17 17:00:46Z INFO Terminal] Read value: ''
[2025-05-17 17:00:46Z INFO PromptManager] Falling back to the default: 'N'
[2025-05-17 17:00:46Z INFO CommandSettings] Flag 'unattended': 'False'
[2025-05-17 17:00:46Z INFO CommandSettings] Flag 'disableupdate': 'False'
[2025-05-17 17:00:46Z INFO CommandSettings] Flag 'ephemeral': 'False'
[2025-05-17 17:00:46Z INFO CommandSettings] Arg 'name': ''
[2025-05-17 17:00:46Z INFO CommandSettings] Flag 'unattended': 'False'
[2025-05-17 17:00:46Z INFO PromptManager] ReadValue
[2025-05-17 17:00:46Z INFO Terminal] WRITE: Enter the name of runner: 
[2025-05-17 17:00:46Z INFO Terminal] WRITE: [press Enter for k3s-server] 
[2025-05-17 17:00:46Z INFO Terminal] READ LINE
[2025-05-17 17:00:46Z INFO Terminal] Read value: ''
[2025-05-17 17:00:46Z INFO PromptManager] Falling back to the default: 'k3s-server'
[2025-05-17 17:00:46Z INFO Terminal] WRITE LINE: 
[2025-05-17 17:00:46Z INFO CommandSettings] Arg 'labels': ''
[2025-05-17 17:00:46Z INFO CommandSettings] Flag 'unattended': 'False'
[2025-05-17 17:00:46Z INFO PromptManager] ReadValue
[2025-05-17 17:00:46Z INFO Terminal] WRITE: This runner will have the following labels: 'self-hosted', 'Linux', 'X64' 
Enter any additional labels (ex. label-1,label-2): 
[2025-05-17 17:00:46Z INFO Terminal] WRITE: [press Enter to skip] 
[2025-05-17 17:00:46Z INFO Terminal] READ LINE
[2025-05-17 17:00:47Z INFO Terminal] Read value: ''
[2025-05-17 17:00:47Z INFO Terminal] WRITE LINE: 
[2025-05-17 17:00:47Z INFO Terminal] WRITE LINE: A runner exists with the same name
[2025-05-17 17:00:47Z INFO CommandSettings] Flag 'replace': 'False'
[2025-05-17 17:00:47Z INFO CommandSettings] Flag 'unattended': 'False'
[2025-05-17 17:00:47Z INFO PromptManager] ReadValue
[2025-05-17 17:00:47Z INFO Terminal] WRITE: Would you like to replace the existing runner? (Y/N) 
[2025-05-17 17:00:47Z INFO Terminal] WRITE: [press Enter for N] 
[2025-05-17 17:00:47Z INFO Terminal] READ LINE
[2025-05-17 17:00:48Z INFO Terminal] Read value: ''
[2025-05-17 17:00:48Z INFO PromptManager] Falling back to the default: 'N'
[2025-05-17 17:00:48Z INFO CommandSettings] Flag 'unattended': 'False'
[2025-05-17 17:00:48Z INFO CommandSettings] Flag 'disableupdate': 'False'
[2025-05-17 17:00:48Z INFO CommandSettings] Flag 'ephemeral': 'False'
[2025-05-17 17:00:48Z INFO CommandSettings] Arg 'name': ''
[2025-05-17 17:00:48Z INFO CommandSettings] Flag 'unattended': 'False'
[2025-05-17 17:00:48Z INFO PromptManager] ReadValue
[2025-05-17 17:00:48Z INFO Terminal] WRITE: Enter the name of runner: 
[2025-05-17 17:00:48Z INFO Terminal] WRITE: [press Enter for k3s-server] 
[2025-05-17 17:00:48Z INFO Terminal] READ LINE
[2025-05-17 17:00:48Z INFO Terminal] Read value: ''
[2025-05-17 17:00:48Z INFO PromptManager] Falling back to the default: 'k3s-server'
[2025-05-17 17:00:48Z INFO Terminal] WRITE LINE: 
[2025-05-17 17:00:48Z INFO CommandSettings] Arg 'labels': ''
[2025-05-17 17:00:48Z INFO CommandSettings] Flag 'unattended': 'False'
[2025-05-17 17:00:48Z INFO PromptManager] ReadValue
[2025-05-17 17:00:48Z INFO Terminal] WRITE: This runner will have the following labels: 'self-hosted', 'Linux', 'X64' 
Enter any additional labels (ex. label-1,label-2): 
[2025-05-17 17:00:48Z INFO Terminal] WRITE: [press Enter to skip] 
[2025-05-17 17:00:48Z INFO Terminal] READ LINE
[2025-05-17 17:00:49Z INFO Terminal] Read value: ''
[2025-05-17 17:00:49Z INFO Terminal] WRITE LINE: 
[2025-05-17 17:00:49Z INFO Terminal] WRITE LINE: A runner exists with the same name
[2025-05-17 17:00:49Z INFO CommandSettings] Flag 'replace': 'False'
[2025-05-17 17:00:49Z INFO CommandSettings] Flag 'unattended': 'False'
[2025-05-17 17:00:49Z INFO PromptManager] ReadValue
[2025-05-17 17:00:49Z INFO Terminal] WRITE: Would you like to replace the existing runner? (Y/N) 
[2025-05-17 17:00:49Z INFO Terminal] WRITE: [press Enter for N] 
[2025-05-17 17:00:49Z INFO Terminal] READ LINE
[2025-05-17 17:00:50Z INFO Terminal] Read value: ''
[2025-05-17 17:00:50Z INFO PromptManager] Falling back to the default: 'N'
[2025-05-17 17:00:50Z INFO CommandSettings] Flag 'unattended': 'False'
[2025-05-17 17:00:50Z INFO CommandSettings] Flag 'disableupdate': 'False'
[2025-05-17 17:00:50Z INFO CommandSettings] Flag 'ephemeral': 'False'
[2025-05-17 17:00:50Z INFO CommandSettings] Arg 'name': ''
[2025-05-17 17:00:50Z INFO CommandSettings] Flag 'unattended': 'False'
[2025-05-17 17:00:50Z INFO PromptManager] ReadValue
[2025-05-17 17:00:50Z INFO Terminal] WRITE: Enter the name of runner: 
[2025-05-17 17:00:50Z INFO Terminal] WRITE: [press Enter for k3s-server] 
[2025-05-17 17:00:50Z INFO Terminal] READ LINE
[2025-05-17 17:00:50Z INFO Terminal] Read value: ''
[2025-05-17 17:00:50Z INFO PromptManager] Falling back to the default: 'k3s-server'
[2025-05-17 17:00:50Z INFO Terminal] WRITE LINE: 
[2025-05-17 17:00:50Z INFO CommandSettings] Arg 'labels': ''
[2025-05-17 17:00:50Z INFO CommandSettings] Flag 'unattended': 'False'
[2025-05-17 17:00:50Z INFO PromptManager] ReadValue
[2025-05-17 17:00:50Z INFO Terminal] WRITE: This runner will have the following labels: 'self-hosted', 'Linux', 'X64' 
Enter any additional labels (ex. label-1,label-2): 
[2025-05-17 17:00:50Z INFO Terminal] WRITE: [press Enter to skip] 
[2025-05-17 17:00:50Z INFO Terminal] READ LINE
[2025-05-17 17:00:51Z INFO Terminal] Read value: ''
[2025-05-17 17:00:51Z INFO Terminal] WRITE LINE: 
[2025-05-17 17:00:51Z INFO Terminal] WRITE LINE: A runner exists with the same name
[2025-05-17 17:00:51Z INFO CommandSettings] Flag 'replace': 'False'
[2025-05-17 17:00:51Z INFO CommandSettings] Flag 'unattended': 'False'
[2025-05-17 17:00:51Z INFO PromptManager] ReadValue
[2025-05-17 17:00:51Z INFO Terminal] WRITE: Would you like to replace the existing runner? (Y/N) 
[2025-05-17 17:00:51Z INFO Terminal] WRITE: [press Enter for N] 
[2025-05-17 17:00:51Z INFO Terminal] READ LINE
[2025-05-17 17:00:52Z INFO Terminal] Read value: ''
[2025-05-17 17:00:52Z INFO PromptManager] Falling back to the default: 'N'
[2025-05-17 17:00:52Z INFO CommandSettings] Flag 'unattended': 'False'
[2025-05-17 17:00:52Z INFO CommandSettings] Flag 'disableupdate': 'False'
[2025-05-17 17:00:52Z INFO CommandSettings] Flag 'ephemeral': 'False'
[2025-05-17 17:00:52Z INFO CommandSettings] Arg 'name': ''
[2025-05-17 17:00:52Z INFO CommandSettings] Flag 'unattended': 'False'
[2025-05-17 17:00:52Z INFO PromptManager] ReadValue
[2025-05-17 17:00:52Z INFO Terminal] WRITE: Enter the name of runner: 
[2025-05-17 17:00:52Z INFO Terminal] WRITE: [press Enter for k3s-server] 
[2025-05-17 17:00:52Z INFO Terminal] READ LINE
[2025-05-17 17:00:52Z INFO Terminal] Read value: ''
[2025-05-17 17:00:52Z INFO PromptManager] Falling back to the default: 'k3s-server'
[2025-05-17 17:00:52Z INFO Terminal] WRITE LINE: 
[2025-05-17 17:00:52Z INFO CommandSettings] Arg 'labels': ''
[2025-05-17 17:00:52Z INFO CommandSettings] Flag 'unattended': 'False'
[2025-05-17 17:00:52Z INFO PromptManager] ReadValue
[2025-05-17 17:00:52Z INFO Terminal] WRITE: This runner will have the following labels: 'self-hosted', 'Linux', 'X64' 
Enter any additional labels (ex. label-1,label-2): 
[2025-05-17 17:00:52Z INFO Terminal] WRITE: [press Enter to skip] 
[2025-05-17 17:00:52Z INFO Terminal] READ LINE
[2025-05-17 17:00:54Z INFO Terminal] Read value: ''
[2025-05-17 17:00:54Z INFO Terminal] WRITE LINE: 
[2025-05-17 17:00:54Z INFO Terminal] WRITE LINE: A runner exists with the same name
[2025-05-17 17:00:54Z INFO CommandSettings] Flag 'replace': 'False'
[2025-05-17 17:00:54Z INFO CommandSettings] Flag 'unattended': 'False'
[2025-05-17 17:00:54Z INFO PromptManager] ReadValue
[2025-05-17 17:00:54Z INFO Terminal] WRITE: Would you like to replace the existing runner? (Y/N) 
[2025-05-17 17:00:54Z INFO Terminal] WRITE: [press Enter for N] 
[2025-05-17 17:00:54Z INFO Terminal] READ LINE
[2025-05-17 17:00:55Z INFO Terminal] Read value: ''
[2025-05-17 17:00:55Z INFO PromptManager] Falling back to the default: 'N'
[2025-05-17 17:00:55Z INFO CommandSettings] Flag 'unattended': 'False'
[2025-05-17 17:00:55Z INFO CommandSettings] Flag 'disableupdate': 'False'
[2025-05-17 17:00:55Z INFO CommandSettings] Flag 'ephemeral': 'False'
[2025-05-17 17:00:55Z INFO CommandSettings] Arg 'name': ''
[2025-05-17 17:00:55Z INFO CommandSettings] Flag 'unattended': 'False'
[2025-05-17 17:00:55Z INFO PromptManager] ReadValue
[2025-05-17 17:00:55Z INFO Terminal] WRITE: Enter the name of runner: 
[2025-05-17 17:00:55Z INFO Terminal] WRITE: [press Enter for k3s-server] 
[2025-05-17 17:00:55Z INFO Terminal] READ LINE
[2025-05-17 17:00:55Z INFO Terminal] Read value: ''
[2025-05-17 17:00:55Z INFO PromptManager] Falling back to the default: 'k3s-server'
[2025-05-17 17:00:55Z INFO Terminal] WRITE LINE: 
[2025-05-17 17:00:55Z INFO CommandSettings] Arg 'labels': ''
[2025-05-17 17:00:55Z INFO CommandSettings] Flag 'unattended': 'False'
[2025-05-17 17:00:55Z INFO PromptManager] ReadValue
[2025-05-17 17:00:55Z INFO Terminal] WRITE: This runner will have the following labels: 'self-hosted', 'Linux', 'X64' 
Enter any additional labels (ex. label-1,label-2): 
[2025-05-17 17:00:55Z INFO Terminal] WRITE: [press Enter to skip] 
[2025-05-17 17:00:55Z INFO Terminal] READ LINE
[2025-05-17 17:00:55Z INFO Terminal] Read value: ''
[2025-05-17 17:00:55Z INFO Terminal] WRITE LINE: 
[2025-05-17 17:00:55Z INFO Terminal] WRITE LINE: A runner exists with the same name
[2025-05-17 17:00:55Z INFO CommandSettings] Flag 'replace': 'False'
[2025-05-17 17:00:55Z INFO CommandSettings] Flag 'unattended': 'False'
[2025-05-17 17:00:55Z INFO PromptManager] ReadValue
[2025-05-17 17:00:55Z INFO Terminal] WRITE: Would you like to replace the existing runner? (Y/N) 
[2025-05-17 17:00:55Z INFO Terminal] WRITE: [press Enter for N] 
[2025-05-17 17:00:55Z INFO Terminal] READ LINE
[2025-05-17 17:00:56Z INFO Terminal] Read value: ''
[2025-05-17 17:00:56Z INFO PromptManager] Falling back to the default: 'N'
[2025-05-17 17:00:56Z INFO CommandSettings] Flag 'unattended': 'False'
[2025-05-17 17:00:56Z INFO CommandSettings] Flag 'disableupdate': 'False'
[2025-05-17 17:00:56Z INFO CommandSettings] Flag 'ephemeral': 'False'
[2025-05-17 17:00:56Z INFO CommandSettings] Arg 'name': ''
[2025-05-17 17:00:56Z INFO CommandSettings] Flag 'unattended': 'False'
[2025-05-17 17:00:56Z INFO PromptManager] ReadValue
[2025-05-17 17:00:56Z INFO Terminal] WRITE: Enter the name of runner: 
[2025-05-17 17:00:56Z INFO Terminal] WRITE: [press Enter for k3s-server] 
[2025-05-17 17:00:56Z INFO Terminal] READ LINE
[2025-05-17 17:00:57Z INFO Terminal] Read value: ''
[2025-05-17 17:00:57Z INFO PromptManager] Falling back to the default: 'k3s-server'
[2025-05-17 17:00:57Z INFO Terminal] WRITE LINE: 
[2025-05-17 17:00:57Z INFO CommandSettings] Arg 'labels': ''
[2025-05-17 17:00:57Z INFO CommandSettings] Flag 'unattended': 'False'
[2025-05-17 17:00:57Z INFO PromptManager] ReadValue
[2025-05-17 17:00:57Z INFO Terminal] WRITE: This runner will have the following labels: 'self-hosted', 'Linux', 'X64' 
Enter any additional labels (ex. label-1,label-2): 
[2025-05-17 17:00:57Z INFO Terminal] WRITE: [press Enter to skip] 
[2025-05-17 17:00:57Z INFO Terminal] READ LINE
[2025-05-17 17:00:57Z INFO Terminal] Read value: ''
[2025-05-17 17:00:57Z INFO Terminal] WRITE LINE: 
[2025-05-17 17:00:58Z INFO Terminal] WRITE LINE: A runner exists with the same name
[2025-05-17 17:00:58Z INFO CommandSettings] Flag 'replace': 'False'
[2025-05-17 17:00:58Z INFO CommandSettings] Flag 'unattended': 'False'
[2025-05-17 17:00:58Z INFO PromptManager] ReadValue
[2025-05-17 17:00:58Z INFO Terminal] WRITE: Would you like to replace the existing runner? (Y/N) 
[2025-05-17 17:00:58Z INFO Terminal] WRITE: [press Enter for N] 
[2025-05-17 17:00:58Z INFO Terminal] READ LINE
[2025-05-17 17:00:58Z INFO Terminal] Read value: ''
[2025-05-17 17:00:58Z INFO PromptManager] Falling back to the default: 'N'
[2025-05-17 17:00:58Z INFO CommandSettings] Flag 'unattended': 'False'
[2025-05-17 17:00:58Z INFO CommandSettings] Flag 'disableupdate': 'False'
[2025-05-17 17:00:58Z INFO CommandSettings] Flag 'ephemeral': 'False'
[2025-05-17 17:00:58Z INFO CommandSettings] Arg 'name': ''
[2025-05-17 17:00:58Z INFO CommandSettings] Flag 'unattended': 'False'
[2025-05-17 17:00:58Z INFO PromptManager] ReadValue
[2025-05-17 17:00:58Z INFO Terminal] WRITE: Enter the name of runner: 
[2025-05-17 17:00:58Z INFO Terminal] WRITE: [press Enter for k3s-server] 
[2025-05-17 17:00:58Z INFO Terminal] READ LINE
[2025-05-17 17:00:58Z INFO Terminal] Read value: ''
[2025-05-17 17:00:58Z INFO PromptManager] Falling back to the default: 'k3s-server'
[2025-05-17 17:00:58Z INFO Terminal] WRITE LINE: 
[2025-05-17 17:00:58Z INFO CommandSettings] Arg 'labels': ''
[2025-05-17 17:00:58Z INFO CommandSettings] Flag 'unattended': 'False'
[2025-05-17 17:00:58Z INFO PromptManager] ReadValue
[2025-05-17 17:00:58Z INFO Terminal] WRITE: This runner will have the following labels: 'self-hosted', 'Linux', 'X64' 
Enter any additional labels (ex. label-1,label-2): 
[2025-05-17 17:00:58Z INFO Terminal] WRITE: [press Enter to skip] 
[2025-05-17 17:00:58Z INFO Terminal] READ LINE
[2025-05-17 17:00:58Z INFO Terminal] Read value: ''
[2025-05-17 17:00:58Z INFO Terminal] WRITE LINE: 
[2025-05-17 17:00:58Z INFO Terminal] WRITE LINE: A runner exists with the same name
[2025-05-17 17:00:58Z INFO CommandSettings] Flag 'replace': 'False'
[2025-05-17 17:00:58Z INFO CommandSettings] Flag 'unattended': 'False'
[2025-05-17 17:00:58Z INFO PromptManager] ReadValue
[2025-05-17 17:00:58Z INFO Terminal] WRITE: Would you like to replace the existing runner? (Y/N) 
[2025-05-17 17:00:58Z INFO Terminal] WRITE: [press Enter for N] 
[2025-05-17 17:00:58Z INFO Terminal] READ LINE
[2025-05-17 17:00:59Z INFO Terminal] Read value: ''
[2025-05-17 17:00:59Z INFO PromptManager] Falling back to the default: 'N'
[2025-05-17 17:00:59Z INFO CommandSettings] Flag 'unattended': 'False'
[2025-05-17 17:00:59Z INFO CommandSettings] Flag 'disableupdate': 'False'
[2025-05-17 17:00:59Z INFO CommandSettings] Flag 'ephemeral': 'False'
[2025-05-17 17:00:59Z INFO CommandSettings] Arg 'name': ''
[2025-05-17 17:00:59Z INFO CommandSettings] Flag 'unattended': 'False'
[2025-05-17 17:00:59Z INFO PromptManager] ReadValue
[2025-05-17 17:00:59Z INFO Terminal] WRITE: Enter the name of runner: 
[2025-05-17 17:00:59Z INFO Terminal] WRITE: [press Enter for k3s-server] 
[2025-05-17 17:00:59Z INFO Terminal] READ LINE
[2025-05-17 17:01:04Z INFO Terminal] Read value: 'y'
[2025-05-17 17:01:04Z INFO Terminal] WRITE LINE: 
[2025-05-17 17:01:04Z INFO CommandSettings] Arg 'labels': ''
[2025-05-17 17:01:04Z INFO CommandSettings] Flag 'unattended': 'False'
[2025-05-17 17:01:04Z INFO PromptManager] ReadValue
[2025-05-17 17:01:04Z INFO Terminal] WRITE: This runner will have the following labels: 'self-hosted', 'Linux', 'X64' 
Enter any additional labels (ex. label-1,label-2): 
[2025-05-17 17:01:04Z INFO Terminal] WRITE: [press Enter to skip] 
[2025-05-17 17:01:04Z INFO Terminal] READ LINE
[2025-05-17 17:01:07Z INFO Terminal] Read value: ''
[2025-05-17 17:01:07Z INFO Terminal] WRITE LINE: 
[2025-05-17 17:01:07Z INFO CommandSettings] Flag 'disableupdate': 'False'
[2025-05-17 17:01:07Z INFO CommandSettings] Flag 'no-default-labels': 'False'
[2025-05-17 17:01:08Z INFO CommandSettings] Flag 'disableupdate': 'False'
[2025-05-17 17:01:08Z INFO CommandSettings] Flag 'ephemeral': 'False'
[2025-05-17 17:01:08Z INFO ConfigurationStore] Saving OAuth credential @ /home/mustafa/sunum/actions-runner/.credentials
[2025-05-17 17:01:08Z INFO ConfigurationStore] Credentials Saved.
[2025-05-17 17:01:08Z INFO ConfigurationStore] HasCredentials()
[2025-05-17 17:01:08Z INFO ConfigurationStore] stored True
[2025-05-17 17:01:08Z INFO CredentialManager] GetCredentialProvider
[2025-05-17 17:01:08Z INFO CredentialManager] Creating type OAuth
[2025-05-17 17:01:08Z INFO CredentialManager] Creating credential type: OAuth
[2025-05-17 17:01:08Z INFO RSAFileKeyManager] Loading RSA key parameters from file /home/mustafa/sunum/actions-runner/.credentials_rsaparams
[2025-05-17 17:01:08Z INFO RunnerServer] EstablishVssConnection
[2025-05-17 17:01:08Z INFO RunnerServer] Establish connection with 100 seconds timeout.
[2025-05-17 17:01:08Z INFO GitHubActionsService] Starting operation Location.GetConnectionData
[2025-05-17 17:01:08Z INFO RunnerServer] EstablishVssConnection
[2025-05-17 17:01:08Z INFO RunnerServer] Establish connection with 60 seconds timeout.
[2025-05-17 17:01:08Z INFO GitHubActionsService] Starting operation Location.GetConnectionData
[2025-05-17 17:01:08Z INFO RunnerServer] EstablishVssConnection
[2025-05-17 17:01:08Z INFO RunnerServer] Establish connection with 60 seconds timeout.
[2025-05-17 17:01:08Z INFO GitHubActionsService] Starting operation Location.GetConnectionData
[2025-05-17 17:01:08Z INFO GitHubActionsService] Finished operation Location.GetConnectionData
[2025-05-17 17:01:08Z INFO GitHubActionsService] Finished operation Location.GetConnectionData
[2025-05-17 17:01:08Z INFO GitHubActionsService] Finished operation Location.GetConnectionData
[2025-05-17 17:01:08Z INFO RSAFileKeyManager] Loading RSA key parameters from file /home/mustafa/sunum/actions-runner/.credentials_rsaparams
[2025-05-17 17:01:08Z INFO RSAFileKeyManager] Loading RSA key parameters from file /home/mustafa/sunum/actions-runner/.credentials_rsaparams
[2025-05-17 17:01:09Z INFO GitHubActionsService] AAD Correlation ID for this token request: Unknown
[2025-05-17 17:01:09Z INFO CommandSettings] Arg 'work': ''
[2025-05-17 17:01:09Z INFO CommandSettings] Flag 'unattended': 'False'
[2025-05-17 17:01:09Z INFO PromptManager] ReadValue
[2025-05-17 17:01:09Z INFO Terminal] WRITE: Enter name of work folder: 
[2025-05-17 17:01:09Z INFO Terminal] WRITE: [press Enter for _work] 
[2025-05-17 17:01:09Z INFO Terminal] READ LINE
[2025-05-17 17:01:17Z INFO Terminal] Read value: ''
[2025-05-17 17:01:17Z INFO PromptManager] Falling back to the default: '_work'
[2025-05-17 17:01:17Z INFO ConfigurationStore] Saving runner settings.
[2025-05-17 17:01:17Z INFO ConfigurationStore] Settings Saved.
[2025-05-17 17:01:17Z INFO Terminal] WRITE LINE: 
[2025-05-17 17:01:17Z INFO Terminal] WRITE LINE: 
[2025-05-17 17:01:17Z INFO SystemDControlManager] Service name 'actions.runner.mustafa010223-sunum.y.service' display name 'GitHub Actions Runner (mustafa010223-sunum.y)' will be used for service configuration.
[2025-05-17 17:01:17Z INFO HostContext] Well known directory 'Bin': '/home/mustafa/sunum/actions-runner/bin'
[2025-05-17 17:01:17Z INFO HostContext] Well known directory 'Root': '/home/mustafa/sunum/actions-runner'
[2025-05-17 17:01:17Z INFO HostContext] Well known directory 'Bin': '/home/mustafa/sunum/actions-runner/bin'
[2025-05-17 17:01:17Z INFO HostContext] Well known directory 'Bin': '/home/mustafa/sunum/actions-runner/bin'
[2025-05-17 17:01:17Z INFO HostContext] Well known directory 'Root': '/home/mustafa/sunum/actions-runner'
[2025-05-17 17:01:17Z INFO UnixUtil] Which2: 'chmod'
[2025-05-17 17:01:17Z INFO UnixUtil] Location: '/usr/bin/chmod'
[2025-05-17 17:01:17Z INFO UnixUtil] Running /usr/bin/chmod 755 "/home/mustafa/sunum/actions-runner/svc.sh"
[2025-05-17 17:01:17Z INFO ProcessInvokerWrapper] Starting process:
[2025-05-17 17:01:17Z INFO ProcessInvokerWrapper]   File name: '/usr/bin/chmod'
[2025-05-17 17:01:17Z INFO ProcessInvokerWrapper]   Arguments: '755 "/home/mustafa/sunum/actions-runner/svc.sh"'
[2025-05-17 17:01:17Z INFO ProcessInvokerWrapper]   Working directory: '/home/mustafa/sunum/actions-runner'
[2025-05-17 17:01:17Z INFO ProcessInvokerWrapper]   Require exit code zero: 'True'
[2025-05-17 17:01:17Z INFO ProcessInvokerWrapper]   Encoding web name:  ; code page: ''
[2025-05-17 17:01:17Z INFO ProcessInvokerWrapper]   Force kill process on cancellation: 'False'
[2025-05-17 17:01:17Z INFO ProcessInvokerWrapper]   Redirected STDIN: 'False'
[2025-05-17 17:01:17Z INFO ProcessInvokerWrapper]   Persist current code page: 'False'
[2025-05-17 17:01:17Z INFO ProcessInvokerWrapper]   Keep redirected STDIN open: 'False'
[2025-05-17 17:01:17Z INFO ProcessInvokerWrapper]   High priority process: 'False'
[2025-05-17 17:01:17Z INFO ProcessInvokerWrapper] Updated oom_score_adj to 500 for PID: 119235.
[2025-05-17 17:01:17Z INFO ProcessInvokerWrapper] Process started with process id 119235, waiting for process exit.
[2025-05-17 17:01:17Z INFO ProcessInvokerWrapper] STDOUT/STDERR stream read finished.
[2025-05-17 17:01:17Z INFO ProcessInvokerWrapper] STDOUT/STDERR stream read finished.
[2025-05-17 17:01:17Z INFO ProcessInvokerWrapper] Finished process 119235 with exit code 0, and elapsed time 00:00:00.0018938.
[2025-05-17 17:01:17Z INFO Listener] Runner execution has finished with return code 0
