[2025-05-17 16:53:26Z INFO HostContext] No proxy settings were found based on environmental variables (http_proxy/https_proxy/HTTP_PROXY/HTTPS_PROXY)
[2025-05-17 16:53:26Z INFO HostContext] Well known directory 'Bin': '/home/mustafa/sunum/actions-runner/bin'
[2025-05-17 16:53:26Z INFO HostContext] Well known directory 'Root': '/home/mustafa/sunum/actions-runner'
[2025-05-17 16:53:26Z INFO HostContext] Well known config file 'Credentials': '/home/mustafa/sunum/actions-runner/.credentials'
[2025-05-17 16:53:26Z INFO HostContext] Well known directory 'Bin': '/home/mustafa/sunum/actions-runner/bin'
[2025-05-17 16:53:26Z INFO HostContext] Well known directory 'Root': '/home/mustafa/sunum/actions-runner'
[2025-05-17 16:53:26Z INFO HostContext] Well known config file 'Runner': '/home/mustafa/sunum/actions-runner/.runner'
[2025-05-17 16:53:26Z INFO Listener] Runner is built for Linux (X64) - linux-x64.
[2025-05-17 16:53:26Z INFO Listener] RuntimeInformation: Linux 6.11.0-25-generic #25~24.04.1-Ubuntu SMP PREEMPT_DYNAMIC Tue Apr 15 17:20:50 UTC 2.
[2025-05-17 16:53:26Z INFO Listener] Version: 2.313.0
[2025-05-17 16:53:26Z INFO Listener] Commit: d502c4623e5cd140e949f1e644ffe03762bd4151
[2025-05-17 16:53:26Z INFO Listener] Culture: tr-TR
[2025-05-17 16:53:26Z INFO Listener] UI Culture: tr-TR
[2025-05-17 16:53:26Z INFO HostContext] Well known directory 'Bin': '/home/mustafa/sunum/actions-runner/bin'
[2025-05-17 16:53:26Z INFO HostContext] Well known directory 'Root': '/home/mustafa/sunum/actions-runner'
[2025-05-17 16:53:26Z INFO Listener] Validating directory permissions for: '/home/mustafa/sunum/actions-runner'
[2025-05-17 16:53:26Z INFO CommandLineParser] Parse
[2025-05-17 16:53:26Z INFO CommandLineParser] Parsing 5 args
[2025-05-17 16:53:26Z INFO CommandLineParser] parsing argument
[2025-05-17 16:53:26Z INFO CommandLineParser] HasArgs: False
[2025-05-17 16:53:26Z INFO CommandLineParser] Adding Command: configure
[2025-05-17 16:53:26Z INFO CommandLineParser] parsing argument
[2025-05-17 16:53:26Z INFO CommandLineParser] HasArgs: True
[2025-05-17 16:53:26Z INFO CommandLineParser] arg: url
[2025-05-17 16:53:26Z INFO CommandLineParser] parsing argument
[2025-05-17 16:53:26Z INFO CommandLineParser] HasArgs: True
[2025-05-17 16:53:26Z INFO CommandLineParser] Adding option 'url': 'https://github.com/mustafa010223/sunum'
[2025-05-17 16:53:26Z INFO CommandLineParser] parsing argument
[2025-05-17 16:53:26Z INFO CommandLineParser] HasArgs: True
[2025-05-17 16:53:26Z INFO CommandLineParser] arg: token
[2025-05-17 16:53:26Z INFO CommandLineParser] parsing argument
[2025-05-17 16:53:26Z INFO CommandLineParser] HasArgs: True
[2025-05-17 16:53:26Z INFO CommandLineParser] Adding option 'token': '***'
[2025-05-17 16:53:26Z INFO Listener] Arguments parsed
[2025-05-17 16:53:26Z INFO Runner] ExecuteCommand
[2025-05-17 16:53:26Z INFO ConfigurationStore] currentAssemblyLocation: /home/mustafa/sunum/actions-runner/bin/Runner.Listener.dll
[2025-05-17 16:53:26Z INFO HostContext] Well known directory 'Bin': '/home/mustafa/sunum/actions-runner/bin'
[2025-05-17 16:53:26Z INFO ConfigurationStore] binPath: /home/mustafa/sunum/actions-runner/bin
[2025-05-17 16:53:26Z INFO HostContext] Well known directory 'Bin': '/home/mustafa/sunum/actions-runner/bin'
[2025-05-17 16:53:26Z INFO HostContext] Well known directory 'Root': '/home/mustafa/sunum/actions-runner'
[2025-05-17 16:53:26Z INFO ConfigurationStore] RootFolder: /home/mustafa/sunum/actions-runner
[2025-05-17 16:53:26Z INFO HostContext] Well known directory 'Bin': '/home/mustafa/sunum/actions-runner/bin'
[2025-05-17 16:53:26Z INFO HostContext] Well known directory 'Root': '/home/mustafa/sunum/actions-runner'
[2025-05-17 16:53:26Z INFO HostContext] Well known config file 'Runner': '/home/mustafa/sunum/actions-runner/.runner'
[2025-05-17 16:53:26Z INFO ConfigurationStore] ConfigFilePath: /home/mustafa/sunum/actions-runner/.runner
[2025-05-17 16:53:26Z INFO HostContext] Well known directory 'Bin': '/home/mustafa/sunum/actions-runner/bin'
[2025-05-17 16:53:26Z INFO HostContext] Well known directory 'Root': '/home/mustafa/sunum/actions-runner'
[2025-05-17 16:53:26Z INFO HostContext] Well known config file 'Credentials': '/home/mustafa/sunum/actions-runner/.credentials'
[2025-05-17 16:53:26Z INFO ConfigurationStore] CredFilePath: /home/mustafa/sunum/actions-runner/.credentials
[2025-05-17 16:53:26Z INFO HostContext] Well known directory 'Bin': '/home/mustafa/sunum/actions-runner/bin'
[2025-05-17 16:53:26Z INFO HostContext] Well known directory 'Root': '/home/mustafa/sunum/actions-runner'
[2025-05-17 16:53:26Z INFO HostContext] Well known config file 'MigratedCredentials': '/home/mustafa/sunum/actions-runner/.credentials_migrated'
[2025-05-17 16:53:26Z INFO ConfigurationStore] MigratedCredFilePath: /home/mustafa/sunum/actions-runner/.credentials_migrated
[2025-05-17 16:53:26Z INFO HostContext] Well known directory 'Bin': '/home/mustafa/sunum/actions-runner/bin'
[2025-05-17 16:53:26Z INFO HostContext] Well known directory 'Root': '/home/mustafa/sunum/actions-runner'
[2025-05-17 16:53:26Z INFO HostContext] Well known config file 'Service': '/home/mustafa/sunum/actions-runner/.service'
[2025-05-17 16:53:26Z INFO ConfigurationStore] ServiceConfigFilePath: /home/mustafa/sunum/actions-runner/.service
[2025-05-17 16:53:26Z INFO CommandSettings] Flag 'help': 'False'
[2025-05-17 16:53:26Z INFO CommandSettings] Flag 'version': 'False'
[2025-05-17 16:53:26Z INFO CommandSettings] Flag 'commit': 'False'
[2025-05-17 16:53:26Z INFO CommandSettings] Flag 'check': 'False'
[2025-05-17 16:53:26Z INFO CommandSettings] Command 'configure': 'True'
[2025-05-17 16:53:26Z INFO Terminal] WRITE LINE: 
[2025-05-17 16:53:26Z INFO Terminal] WRITE LINE: --------------------------------------------------------------------------------
[2025-05-17 16:53:26Z INFO Terminal] WRITE LINE: |        ____ _ _   _   _       _          _        _   _                      |
[2025-05-17 16:53:26Z INFO Terminal] WRITE LINE: |       / ___(_) |_| | | |_   _| |__      / \   ___| |_(_) ___  _ __  ___      |
[2025-05-17 16:53:26Z INFO Terminal] WRITE LINE: |      | |  _| | __| |_| | | | | '_ \    / _ \ / __| __| |/ _ \| '_ \/ __|     |
[2025-05-17 16:53:26Z INFO Terminal] WRITE LINE: |      | |_| | | |_|  _  | |_| | |_) |  / ___ \ (__| |_| | (_) | | | \__ \     |
[2025-05-17 16:53:26Z INFO Terminal] WRITE LINE: |       \____|_|\__|_| |_|\__,_|_.__/  /_/   \_\___|\__|_|\___/|_| |_|___/     |
[2025-05-17 16:53:26Z INFO Terminal] WRITE LINE: |                                                                              |
[2025-05-17 16:53:26Z INFO Terminal] WRITE: |                       
[2025-05-17 16:53:26Z INFO Terminal] WRITE: Self-hosted runner registration
[2025-05-17 16:53:26Z INFO Terminal] WRITE LINE:                         |
[2025-05-17 16:53:26Z INFO Terminal] WRITE LINE: |                                                                              |
[2025-05-17 16:53:26Z INFO Terminal] WRITE LINE: --------------------------------------------------------------------------------
[2025-05-17 16:53:26Z INFO ConfigurationManager] ConfigureAsync
[2025-05-17 16:53:26Z INFO CommandSettings] Flag 'generateServiceConfig': 'False'
[2025-05-17 16:53:26Z INFO ConfigurationStore] IsConfigured()
[2025-05-17 16:53:26Z INFO ConfigurationStore] IsConfigured: False
[2025-05-17 16:53:26Z INFO ConfigurationManager] Is configured: False
[2025-05-17 16:53:26Z INFO CommandSettings] Arg 'url': 'https://github.com/mustafa010223/sunum'
[2025-05-17 16:53:26Z INFO CommandSettings] Remove url from Arg dictionary.
[2025-05-17 16:53:26Z INFO CommandSettings] Arg 'token': '***'
[2025-05-17 16:53:26Z INFO CommandSettings] Remove token from Arg dictionary.
[2025-05-17 16:53:27Z ERR  Terminal] WRITE ERROR: Http response code: NotFound from 'POST https://api.github.com/actions/runner-registration' (Request Id: 04E6:3C7CA6:373054A:393DC01:6828BF06)
[2025-05-17 16:53:27Z ERR  Terminal] WRITE ERROR: {"message":"Not Found","documentation_url":"https://docs.github.com/rest","status":"404"}
[2025-05-17 16:53:27Z ERR  Runner] System.Net.Http.HttpRequestException: Response status code does not indicate success: 404 (Not Found).
   at System.Net.Http.HttpResponseMessage.EnsureSuccessStatusCode()
   at GitHub.Runner.Listener.Configuration.ConfigurationManager.GetTenantCredential(String githubUrl, String githubToken, String runnerEvent)
   at GitHub.Runner.Listener.Configuration.ConfigurationManager.ConfigureAsync(CommandSettings command)
   at GitHub.Runner.Listener.Runner.ExecuteCommand(CommandSettings command)
[2025-05-17 16:53:27Z ERR  Terminal] WRITE ERROR: Response status code does not indicate success: 404 (Not Found).
[2025-05-17 16:53:27Z INFO Listener] Runner execution has finished with return code 1
