[2025-05-17 16:09:26Z INFO HostContext] No proxy settings were found based on environmental variables (http_proxy/https_proxy/HTTP_PROXY/HTTPS_PROXY)
[2025-05-17 16:09:26Z INFO HostContext] Well known directory 'Bin': '/home/mustafa/sunum/actions-runner/bin'
[2025-05-17 16:09:26Z INFO HostContext] Well known directory 'Root': '/home/mustafa/sunum/actions-runner'
[2025-05-17 16:09:26Z INFO HostContext] Well known config file 'Credentials': '/home/mustafa/sunum/actions-runner/.credentials'
[2025-05-17 16:09:26Z INFO HostContext] Well known directory 'Bin': '/home/mustafa/sunum/actions-runner/bin'
[2025-05-17 16:09:26Z INFO HostContext] Well known directory 'Root': '/home/mustafa/sunum/actions-runner'
[2025-05-17 16:09:26Z INFO HostContext] Well known config file 'Runner': '/home/mustafa/sunum/actions-runner/.runner'
[2025-05-17 16:09:26Z INFO Listener] Runner is built for Linux (X64) - linux-x64.
[2025-05-17 16:09:26Z INFO Listener] RuntimeInformation: Ubuntu 24.04.2 LTS.
[2025-05-17 16:09:26Z INFO Listener] Version: 2.324.0
[2025-05-17 16:09:26Z INFO Listener] Commit: da3412efd49b1cf1a0fbdcbcee4e4ac4cc2177c8
[2025-05-17 16:09:26Z INFO Listener] Culture: tr-TR
[2025-05-17 16:09:26Z INFO Listener] UI Culture: tr-TR
[2025-05-17 16:09:26Z INFO HostContext] Well known directory 'Bin': '/home/mustafa/sunum/actions-runner/bin'
[2025-05-17 16:09:26Z INFO HostContext] Well known directory 'Root': '/home/mustafa/sunum/actions-runner'
[2025-05-17 16:09:26Z INFO Listener] Validating directory permissions for: '/home/mustafa/sunum/actions-runner'
[2025-05-17 16:09:26Z INFO CommandLineParser] Parse
[2025-05-17 16:09:26Z INFO CommandLineParser] Parsing 1 args
[2025-05-17 16:09:26Z INFO CommandLineParser] parsing argument
[2025-05-17 16:09:26Z INFO CommandLineParser] HasArgs: False
[2025-05-17 16:09:26Z INFO CommandLineParser] Adding Command: run
[2025-05-17 16:09:26Z INFO Listener] Arguments parsed
[2025-05-17 16:09:26Z INFO Runner] ExecuteCommand
[2025-05-17 16:09:26Z INFO ConfigurationStore] currentAssemblyLocation: /home/mustafa/sunum/actions-runner/bin/Runner.Listener.dll
[2025-05-17 16:09:26Z INFO HostContext] Well known directory 'Bin': '/home/mustafa/sunum/actions-runner/bin'
[2025-05-17 16:09:26Z INFO ConfigurationStore] binPath: /home/mustafa/sunum/actions-runner/bin
[2025-05-17 16:09:26Z INFO HostContext] Well known directory 'Bin': '/home/mustafa/sunum/actions-runner/bin'
[2025-05-17 16:09:26Z INFO HostContext] Well known directory 'Root': '/home/mustafa/sunum/actions-runner'
[2025-05-17 16:09:26Z INFO ConfigurationStore] RootFolder: /home/mustafa/sunum/actions-runner
[2025-05-17 16:09:26Z INFO HostContext] Well known directory 'Bin': '/home/mustafa/sunum/actions-runner/bin'
[2025-05-17 16:09:26Z INFO HostContext] Well known directory 'Root': '/home/mustafa/sunum/actions-runner'
[2025-05-17 16:09:26Z INFO HostContext] Well known config file 'Runner': '/home/mustafa/sunum/actions-runner/.runner'
[2025-05-17 16:09:26Z INFO ConfigurationStore] ConfigFilePath: /home/mustafa/sunum/actions-runner/.runner
[2025-05-17 16:09:26Z INFO HostContext] Well known directory 'Bin': '/home/mustafa/sunum/actions-runner/bin'
[2025-05-17 16:09:26Z INFO HostContext] Well known directory 'Root': '/home/mustafa/sunum/actions-runner'
[2025-05-17 16:09:26Z INFO HostContext] Well known config file 'MigratedRunner': '/home/mustafa/sunum/actions-runner/.runner_migrated'
[2025-05-17 16:09:26Z INFO ConfigurationStore] MigratedConfigFilePath: /home/mustafa/sunum/actions-runner/.runner_migrated
[2025-05-17 16:09:26Z INFO HostContext] Well known directory 'Bin': '/home/mustafa/sunum/actions-runner/bin'
[2025-05-17 16:09:26Z INFO HostContext] Well known directory 'Root': '/home/mustafa/sunum/actions-runner'
[2025-05-17 16:09:26Z INFO HostContext] Well known config file 'Credentials': '/home/mustafa/sunum/actions-runner/.credentials'
[2025-05-17 16:09:26Z INFO ConfigurationStore] CredFilePath: /home/mustafa/sunum/actions-runner/.credentials
[2025-05-17 16:09:26Z INFO HostContext] Well known directory 'Bin': '/home/mustafa/sunum/actions-runner/bin'
[2025-05-17 16:09:26Z INFO HostContext] Well known directory 'Root': '/home/mustafa/sunum/actions-runner'
[2025-05-17 16:09:26Z INFO HostContext] Well known config file 'MigratedCredentials': '/home/mustafa/sunum/actions-runner/.credentials_migrated'
[2025-05-17 16:09:26Z INFO ConfigurationStore] MigratedCredFilePath: /home/mustafa/sunum/actions-runner/.credentials_migrated
[2025-05-17 16:09:26Z INFO HostContext] Well known directory 'Bin': '/home/mustafa/sunum/actions-runner/bin'
[2025-05-17 16:09:26Z INFO HostContext] Well known directory 'Root': '/home/mustafa/sunum/actions-runner'
[2025-05-17 16:09:26Z INFO HostContext] Well known config file 'Service': '/home/mustafa/sunum/actions-runner/.service'
[2025-05-17 16:09:26Z INFO ConfigurationStore] ServiceConfigFilePath: /home/mustafa/sunum/actions-runner/.service
[2025-05-17 16:09:26Z INFO CommandSettings] Flag 'help': 'False'
[2025-05-17 16:09:26Z INFO CommandSettings] Flag 'version': 'False'
[2025-05-17 16:09:26Z INFO CommandSettings] Flag 'commit': 'False'
[2025-05-17 16:09:26Z INFO CommandSettings] Flag 'check': 'False'
[2025-05-17 16:09:26Z INFO CommandSettings] Command 'configure': 'False'
[2025-05-17 16:09:26Z INFO CommandSettings] Command 'remove': 'False'
[2025-05-17 16:09:26Z INFO CommandSettings] Command 'warmup': 'False'
[2025-05-17 16:09:26Z INFO ConfigurationManager] LoadSettings
[2025-05-17 16:09:26Z INFO ConfigurationStore] IsConfigured()
[2025-05-17 16:09:26Z INFO ConfigurationStore] IsConfigured: True
[2025-05-17 16:09:26Z INFO ConfigurationManager] Is configured: True
[2025-05-17 16:09:26Z INFO ConfigurationStore] Read setting file: 295 chars
[2025-05-17 16:09:26Z INFO ConfigurationManager] Settings Loaded
[2025-05-17 16:09:26Z INFO ConfigurationStore] IsServiceConfigured()
[2025-05-17 16:09:26Z INFO ConfigurationStore] IsServiceConfigured: False
[2025-05-17 16:09:26Z INFO CommandSettings] Command 'run': 'True'
[2025-05-17 16:09:26Z INFO ConfigurationStore] IsConfigured()
[2025-05-17 16:09:26Z INFO ConfigurationStore] IsConfigured: True
[2025-05-17 16:09:26Z INFO ConfigurationManager] Is configured: True
[2025-05-17 16:09:26Z INFO Runner] Could not parse the argument value '' for StartupType. Defaulting to Manual
[2025-05-17 16:09:26Z INFO Runner] Set runner startup type - Manual
[2025-05-17 16:09:26Z INFO CommandSettings] Flag 'once': 'False'
[2025-05-17 16:09:26Z INFO CommandSettings] Flag 'once': 'False'
[2025-05-17 16:09:26Z INFO Runner] RunAsync
[2025-05-17 16:09:26Z INFO ConfigurationManager] LoadMigratedSettings
[2025-05-17 16:09:26Z INFO ConfigurationStore] IsMigratedConfigured()
[2025-05-17 16:09:26Z INFO ConfigurationStore] IsMigratedConfigured: False
[2025-05-17 16:09:26Z INFO Runner] Failed to load migrated settings: No migrated configuration found.
[2025-05-17 16:09:26Z INFO Runner] Falling back to original .runner settings
[2025-05-17 16:09:26Z INFO ConfigurationManager] LoadSettings
[2025-05-17 16:09:26Z INFO ConfigurationStore] IsConfigured()
[2025-05-17 16:09:26Z INFO ConfigurationStore] IsConfigured: True
[2025-05-17 16:09:26Z INFO ConfigurationManager] Is configured: True
[2025-05-17 16:09:26Z INFO ConfigurationManager] Settings Loaded
[2025-05-17 16:09:26Z INFO MessageListener] {
  "AgentId": 2,
  "AgentName": "k3s-server",
  "PoolId": 1,
  "PoolName": "Default",
  "ServerUrl": "https://pipelinesghubeus6.actions.githubusercontent.com/JK1Cmkfjdtm9ZJ6DkDPfmS9M8Qp05CdC3VD7bEQ6SRCcBm5Ptx/",
  "GitHubUrl": "https://github.com/mustafa010223/sunum",
  "WorkFolder": "_work"
}
[2025-05-17 16:09:26Z INFO MessageListener] Loading Credentials
[2025-05-17 16:09:26Z INFO ConfigurationStore] HasCredentials()
[2025-05-17 16:09:26Z INFO ConfigurationStore] stored True
[2025-05-17 16:09:26Z INFO CredentialManager] GetCredentialProvider
[2025-05-17 16:09:26Z INFO CredentialManager] Creating type OAuth
[2025-05-17 16:09:26Z INFO CredentialManager] Creating credential type: OAuth
[2025-05-17 16:09:26Z INFO HostContext] Well known directory 'Bin': '/home/mustafa/sunum/actions-runner/bin'
[2025-05-17 16:09:26Z INFO HostContext] Well known directory 'Root': '/home/mustafa/sunum/actions-runner'
[2025-05-17 16:09:26Z INFO HostContext] Well known config file 'RSACredentials': '/home/mustafa/sunum/actions-runner/.credentials_rsaparams'
[2025-05-17 16:09:26Z INFO RSAFileKeyManager] Loading RSA key parameters from file /home/mustafa/sunum/actions-runner/.credentials_rsaparams
[2025-05-17 16:09:26Z INFO MessageListener] Attempt to create session.
[2025-05-17 16:09:26Z INFO MessageListener] Connecting to the Runner Server...
[2025-05-17 16:09:26Z INFO RunnerServer] EstablishVssConnection
[2025-05-17 16:09:26Z INFO RunnerServer] Establish connection with 100 seconds timeout.
[2025-05-17 16:09:27Z INFO GitHubActionsService] Starting operation Location.GetConnectionData
[2025-05-17 16:09:27Z INFO RunnerServer] EstablishVssConnection
[2025-05-17 16:09:27Z INFO RunnerServer] Establish connection with 60 seconds timeout.
[2025-05-17 16:09:27Z INFO GitHubActionsService] Starting operation Location.GetConnectionData
[2025-05-17 16:09:27Z INFO RunnerServer] EstablishVssConnection
[2025-05-17 16:09:27Z INFO RunnerServer] Establish connection with 60 seconds timeout.
[2025-05-17 16:09:27Z INFO GitHubActionsService] Starting operation Location.GetConnectionData
[2025-05-17 16:09:27Z INFO GitHubActionsService] Finished operation Location.GetConnectionData
[2025-05-17 16:09:27Z INFO GitHubActionsService] Finished operation Location.GetConnectionData
[2025-05-17 16:09:27Z INFO GitHubActionsService] Finished operation Location.GetConnectionData
[2025-05-17 16:09:28Z INFO MessageListener] VssConnection created
[2025-05-17 16:09:28Z INFO Terminal] WRITE LINE: 
[2025-05-17 16:09:28Z INFO Terminal] WRITE LINE: 
[2025-05-17 16:09:28Z INFO RSAFileKeyManager] Loading RSA key parameters from file /home/mustafa/sunum/actions-runner/.credentials_rsaparams
[2025-05-17 16:09:28Z INFO RSAFileKeyManager] Loading RSA key parameters from file /home/mustafa/sunum/actions-runner/.credentials_rsaparams
[2025-05-17 16:09:28Z INFO GitHubActionsService] AAD Correlation ID for this token request: Unknown
[2025-05-17 16:09:28Z INFO MessageListener] Session created.
[2025-05-17 16:09:28Z INFO MessageListener] Registering AuthMigrationChanged event handler.
[2025-05-17 16:09:28Z INFO Terminal] WRITE LINE: Current runner version: '2.324.0'
[2025-05-17 16:09:28Z INFO Terminal] WRITE LINE: 2025-05-17 16:09:28Z: Listening for Jobs
[2025-05-17 16:09:28Z INFO JobDispatcher] Set runner/worker IPC timeout to 30 seconds.
[2025-05-17 16:09:29Z INFO ConfigurationStore] HasCredentials()
[2025-05-17 16:09:29Z INFO ConfigurationStore] stored True
[2025-05-17 16:09:29Z INFO CredentialManager] GetCredentialProvider
[2025-05-17 16:09:29Z INFO CredentialManager] Creating type OAuth
[2025-05-17 16:09:29Z INFO CredentialManager] Creating credential type: OAuth
[2025-05-17 16:09:29Z INFO RSAFileKeyManager] Loading RSA key parameters from file /home/mustafa/sunum/actions-runner/.credentials_rsaparams
[2025-05-17 16:09:29Z INFO RSAFileKeyManager] Loading RSA key parameters from file /home/mustafa/sunum/actions-runner/.credentials_rsaparams
[2025-05-17 16:09:29Z INFO RSAFileKeyManager] Loading RSA key parameters from file /home/mustafa/sunum/actions-runner/.credentials_rsaparams
[2025-05-17 16:09:29Z INFO GitHubActionsService] AAD Correlation ID for this token request: Unknown
[2025-05-17 16:10:20Z INFO ConfigurationStore] HasCredentials()
[2025-05-17 16:10:20Z INFO ConfigurationStore] stored True
[2025-05-17 16:10:20Z INFO CredentialManager] GetCredentialProvider
[2025-05-17 16:10:20Z INFO CredentialManager] Creating type OAuth
[2025-05-17 16:10:20Z INFO CredentialManager] Creating credential type: OAuth
[2025-05-17 16:10:20Z INFO RSAFileKeyManager] Loading RSA key parameters from file /home/mustafa/sunum/actions-runner/.credentials_rsaparams
[2025-05-17 16:11:10Z INFO ConfigurationStore] HasCredentials()
[2025-05-17 16:11:10Z INFO ConfigurationStore] stored True
[2025-05-17 16:11:10Z INFO CredentialManager] GetCredentialProvider
[2025-05-17 16:11:10Z INFO CredentialManager] Creating type OAuth
[2025-05-17 16:11:10Z INFO CredentialManager] Creating credential type: OAuth
[2025-05-17 16:11:10Z INFO RSAFileKeyManager] Loading RSA key parameters from file /home/mustafa/sunum/actions-runner/.credentials_rsaparams
[2025-05-17 16:12:01Z INFO ConfigurationStore] HasCredentials()
[2025-05-17 16:12:01Z INFO ConfigurationStore] stored True
[2025-05-17 16:12:01Z INFO CredentialManager] GetCredentialProvider
[2025-05-17 16:12:01Z INFO CredentialManager] Creating type OAuth
[2025-05-17 16:12:01Z INFO CredentialManager] Creating credential type: OAuth
[2025-05-17 16:12:01Z INFO RSAFileKeyManager] Loading RSA key parameters from file /home/mustafa/sunum/actions-runner/.credentials_rsaparams
[2025-05-17 16:12:51Z INFO ConfigurationStore] HasCredentials()
[2025-05-17 16:12:51Z INFO ConfigurationStore] stored True
[2025-05-17 16:12:51Z INFO CredentialManager] GetCredentialProvider
[2025-05-17 16:12:51Z INFO CredentialManager] Creating type OAuth
[2025-05-17 16:12:51Z INFO CredentialManager] Creating credential type: OAuth
[2025-05-17 16:12:51Z INFO RSAFileKeyManager] Loading RSA key parameters from file /home/mustafa/sunum/actions-runner/.credentials_rsaparams
[2025-05-17 16:13:41Z INFO ConfigurationStore] HasCredentials()
[2025-05-17 16:13:41Z INFO ConfigurationStore] stored True
[2025-05-17 16:13:41Z INFO CredentialManager] GetCredentialProvider
[2025-05-17 16:13:41Z INFO CredentialManager] Creating type OAuth
[2025-05-17 16:13:41Z INFO CredentialManager] Creating credential type: OAuth
[2025-05-17 16:13:41Z INFO RSAFileKeyManager] Loading RSA key parameters from file /home/mustafa/sunum/actions-runner/.credentials_rsaparams
